
<div class="pagination">
  <ul>
      <li class="">
        <a href="/packages?page=9">
          <span>&laquo;</span>
        </a>
      </li>
      <li class="">
        <a href="/packages?page=5">
          <span>5</span>
        </a>
      </li>
      <li class="">
        <a href="/packages?page=6">
          <span>6</span>
        </a>
      </li>
      <li class="">
        <a href="/packages?page=7">
          <span>7</span>
        </a>
      </li>
      <li class="">
        <a href="/packages?page=8">
          <span>8</span>
        </a>
      </li>
      <li class="">
        <a href="/packages?page=9">
          <span>9</span>
        </a>
      </li>
      <li class="active">
        <span>10</span>
      </li>
      <li class="disabled">
        <span>&raquo;</span>
      </li>
  </ul>
</div>
