
<div class="pagination">
  <ul>
      <li class="">
        <a href="/packages?page=9">
         &laquo
        </a>
      </li>
      <li class="">
        <a href="/packages?page=5">
         5
        </a>
      </li>
      <li class="">
        <a href="/packages?page=6">
         6
        </a>
      </li>
      <li class="">
        <a href="/packages?page=7">
         7
        </a>
      </li>
      <li class="">
        <a href="/packages?page=8">
         8
        </a>
      </li>
      <li class="">
        <a href="/packages?page=9">
         9
        </a>
      </li>
      <li class="active">
        <a href="/packages?page=10">
         10
        </a>
      </li>
      <li class="">
        <a href="/packages?page=11">
         11
        </a>
      </li>
      <li class="">
        <a href="/packages?page=12">
         12
        </a>
      </li>
      <li class="">
        <a href="/packages?page=13">
         13
        </a>
      </li>
      <li class="">
        <a href="/packages?page=14">
         14
        </a>
      </li>
      <li class="">
        <a href="/packages?page=15">
         15
        </a>
      </li>
      <li class="">
        <a href="/packages?page=11">
         &raquo
        </a>
      </li>
  </ul>
</div>
