
<!doctype html>
<html lang="en-us" >
  <head>
    <title>pub.dartlang.org</title>
    <meta itemprop="image" content="/static/img/dart-logo-400x400.png">
    <link rel="shortcut icon" href="/static/favicon.ico" />
      <meta name="description" content="Pub is a package manager for the
        Dart programming language.">
    <link rel="alternate" type="application/atom+xml" title="Updated Packages Feed for Pub" href="/feed.atom">
    <link href="/static/style.css" rel="stylesheet" type="text/css" />
    <script src="/static/js/jquery-1.7.2.min.js"></script>
    <script src="/static/js/bootstrap-dropdown.js"></script>
    <script src="/static/js/bootstrap-tab.js"></script>
    <script src="/static/js/script.js"></script>
    <script>
      (function(i,s,o,g,r,a,m){i['GoogleAnalyticsObject']=r;i[r]=i[r]||function(){
      (i[r].q=i[r].q||[]).push(arguments)},i[r].l=1*new Date();a=s.createElement(o),
      m=s.getElementsByTagName(o)[0];a.async=1;a.src=g;m.parentNode.insertBefore(a,m)
      })(window,document,'script','https://www.google-analytics.com/analytics.js','ga');
      ga('create', 'UA-26406144-13', 'auto');
      ga('send', 'pageview');
    </script>
    <script async="" defer="" src="//www.google.com/insights/consumersurveys/async_survey?site=5wdvu4vc5lhop3xbatxof6lzcm"></script>
  </head>
  <body>
    <nav>
      <div class="navbar navbar-fixed-top">
        <div class="navbar-inner">
          <div class="container">
            <a class="brand" href="https://www.dartlang.org">
              <div class="dart-logo">dartlang.org</div>
            </a>
            <a class="brand" href="/">pub.dartlang.org</a>
            <ul class="nav">
              <li><a href="https://www.dartlang.org/tools/pub/get-started">Getting Started</a></li>
              <li class="dropdown">
                <a class="dropdown-toggle" data-toggle="dropdown" href="#">
                  Docs
                  <div class="caret"></div>
                </a>
                <ul class="dropdown-menu">
                  <li><a href="https://www.dartlang.org/tools/pub/get-started">Getting Started</a></li>
                  <li><a href="https://www.dartlang.org/tools/pub/dependencies">Dependencies</a></li>
                  <li><a href="https://www.dartlang.org/tools/pub/pubspec">Pubspec Format</a></li>
                  <li><a href="https://www.dartlang.org/tools/pub/package-layout">Package Layout Conventions</a></li>
                  <li><a href="https://www.dartlang.org/tools/pub/assets-and-transformers">Assets and Transformers</a></li>
                  <li class="nav-header">Reference</li>
                  <li><a href="https://www.dartlang.org/tools/faq#pub">FAQ</a></li>
                  <li><a href="https://www.dartlang.org/tools/pub/glossary">Glossary</a></li>
                  <li><a href="https://www.dartlang.org/tools/pub/versioning">Versioning Philosophy</a></li>
                </ul>
              </li>
              <li class="dropdown">
                <a class="dropdown-toggle" data-toggle="dropdown" href="#">
                  Commands
                  <div class="caret"></div>
                </a>
                <ul class="dropdown-menu">
                  <li class="nav-header">Pub Commands</li>
                  <li><a href="https://www.dartlang.org/tools/pub/cmd/pub-build.html"><code>pub build</code></a></li>
                  <li><a href="https://www.dartlang.org/tools/pub/cmd/pub-cache.html"><code>pub cache</code></a></li>
                  <li><a href="https://www.dartlang.org/tools/pub/cmd/pub-deps.html"><code>pub deps</code></a></li>
                  <li><a href="https://www.dartlang.org/tools/pub/cmd/pub-get.html"><code>pub get</code></a></li>
                  <li><a href="https://www.dartlang.org/tools/pub/cmd/pub-global.html"><code>pub global</code></a></li>
                  <li><a href="https://www.dartlang.org/tools/pub/cmd/pub-lish.html"><code>pub publish</code></a></li>
                  <li><a href="https://www.dartlang.org/tools/pub/cmd/pub-run.html"><code>pub run</code></a></li>
                  <li><a href="https://www.dartlang.org/tools/pub/cmd/pub-serve.html"><code>pub serve</code></a></li>
                  <li><a href="https://www.dartlang.org/tools/pub/cmd/pub-upgrade.html"><code>pub upgrade</code></a></li>
                  <li><a href="https://www.dartlang.org/tools/pub/cmd/pub-uploader.html"><code>pub uploader</code></a>
                  </li>
                </ul>
              </li>
              <li><a href="/packages">Packages</a></li>
            </ul>
            <form class="navbar-search pull-right" action="/search">
              <input type="search" name="q" class="search-query" id="query"
                     autocomplete="on" placeholder="Search" autofocus>
            </form>
          </div>
        </div>
      </div>
    </nav>
    <div class="container">
      <div id="header">
      </div>
      <h1>All versions of foobar_pkg</h1>
<table>
  <thead>
    <tr>
      <th>Version</th>
      <th>Uploaded</th>
      <th class="documentation" width="80">Documentation</th>
      <th class="archive" width="80">Archive</th>
    </tr>
  </thead>
  <tbody>
      <tr>
        <td><strong>0.1.1</strong></td>
        <td>Jan 1, 2014</td>
        <td class="documentation">
          <a href="http:&#x2F;&#x2F;www.dartdocs.org&#x2F;documentation&#x2F;foobar_pkg&#x2F;0.1.1&#x2F;"
             title="Go to the documentation of foobar_pkg 0.1.1">
            <i class="icon-book">
              Go to the documentation of foobar_pkg 0.1.1
            </i>
          </a>
        </td>
        <td class="archive">
          <a href="http:&#x2F;&#x2F;dart-example.com&#x2F;"
              title="Download foobar_pkg 0.1.1 archive">
            <i class="icon-download-alt">
              Download foobar_pkg 0.1.1 archive
            </i>
          </a>
        </td>
      </tr>
  </tbody>
</table>
      <footer>
        <a href="https://www.dartlang.org/">
          Dart Language
        </a> &mdash; <a href="https://www.google.com/intl/en/policies/terms/">
          Terms of Service
        </a> &mdash; <a href="https://www.google.com/intl/en/policies/privacy/">
          Privacy Policy
        </a>
      </footer>
    </div>

    <script type="text/javascript">
      (function() {
        var po = document.createElement('script'); po.type = 'text/javascript'; po.async = true;
        po.src = 'https://apis.google.com/js/plusone.js';
        var s = document.getElementsByTagName('script')[0]; s.parentNode.insertBefore(po, s);
      })();
    </script>
    <script>!function(d,s,id){var js,fjs=d.getElementsByTagName(s)[0];if(!d.getElementById(id)){js=d.createElement(s);js.id=id;js.src="//platform.twitter.com/widgets.js";fjs.parentNode.insertBefore(js,fjs);}}(document,"script","twitter-wjs");</script>
  </body>
</html>
