<h4>Analysis</h4>

<table class="noborder" style="margin-top: 0.5em">
  <tr>
    <td>Timestamp:</td>
    <td>2017-09-12 07:36:06.447252Z</td>
  </tr>
  <tr>
    <td>Status:</td>
    <td>Analyzer completed successfully.</td>
  </tr>
</table>

<h4>Transitive dependencies</h4>
<a href="/experimental/packages/async">async</a>,
<a href="/experimental/packages/charcode">charcode</a>,
<a href="/experimental/packages/collection">collection</a>,
<a href="/experimental/packages/http_parser">http_parser</a>,
<a href="/experimental/packages/path">path</a>,
<a href="/experimental/packages/source_span">source_span</a>,
<a href="/experimental/packages/stack_trace">stack_trace</a>,
<a href="/experimental/packages/string_scanner">string_scanner</a>,
<a href="/experimental/packages/typed_data">typed_data</a>,
<a href="/experimental/packages/unittest">unittest</a>

<h4>Scores</h4>

<ul>
  <li>Health: 0.9866457187745483</li>
  <li>Popularity: TBD</li>
  <li>Maintenance: TBD</li>
</ul>
