<h4>Analysis</h4>

<p>Last package analysis: <i>tool failures</i> on Oct 26, 2017.</p>

<h4>Scores</h4>

<ul>
  <li>Health: 95</li>
  <li>Popularity: TBD</li>
  <li>Maintenance: TBD</li>
</ul>

<h4>Tool problems</h4>
<ul>
    <li>dartfmt: Unable to run.</li>
</ul>

<h4>Dependencies</h4>
<table class="dependency-table">
  <tr>
    <th>Package</th>
    <th>Constraint</th>
    <th>Resolved</th>
    <th>Available</th>
  </tr>
  <tr>
    <th colspan="4">Direct dependencies</th>
  </tr>
  <tr>
    <td><a href="/experimental/packages/http">http</a></td>
    <td>^1.0.0</td>
    <td>1.0.0</td>
    <td>1.1.0</td>
  </tr>
  <tr>
    <th colspan="4">Transitive dependencies</th>
  </tr>
    <tr>
      <td><a href="/experimental/packages/async">async</a></td>
      <td>&gt;=0.3.0 &lt;1.0.0</td>
      <td>0.5.1</td>
      <td>1.0.2</td>
    </tr>
</table>
