
<!DOCTYPE html>
<html lang="en-us" itemscope itemtype="http://schema.org/CreativeWork">
<head>
  <meta charset="utf-8" />
  <meta http-equiv="x-ua-compatible" content="ie=edge" />
  <meta name="viewport" content="width=device-width, initial-scale=1" />
  <title>foobar_pkg 0.1.1 | Dart Package</title>
  <link href="https://fonts.googleapis.com/css?family=Roboto:300,400,500,700" rel="stylesheet" />
  <meta itemprop="image" content="/static/img/dart-logo-400x400.png" />
    <link rel="shortcut icon" href="/static/img/flutter-logo-32x32.png" />
    <meta itemprop="name" content="foobar_pkg - a Dart package" />
    <meta name="description" content="foobar_pkg - my package description" />
    <meta itemprop="description" content="foobar_pkg - my package description" />
    <link href="/static/github.css" rel="stylesheet" />
  <link rel="alternate" type="application/atom+xml" title="Updated Packages Feed for Pub" href="/feed.atom" />
  <link href="/static/v2/css/style.css" rel="stylesheet" type="text/css" />
  <script src="/static/v2/js/script.dart.js" defer></script>
  <script>
      (function(i,s,o,g,r,a,m){i['GoogleAnalyticsObject']=r;i[r]=i[r]||function(){
      (i[r].q=i[r].q||[]).push(arguments)},i[r].l=1*new Date();a=s.createElement(o),
      m=s.getElementsByTagName(o)[0];a.async=1;a.src=g;m.parentNode.insertBefore(a,m)
      })(window,document,'script','https://www.google-analytics.com/analytics.js','ga');
      ga('create', 'UA-26406144-13', 'auto');
      ga('send', 'pageview');
    </script>
    <script async="" defer="" src="//www.google.com/insights/consumersurveys/async_survey?site=5wdvu4vc5lhop3xbatxof6lzcm"></script>
</head>
<body>
<header class="site-header">
  <h1 class="_visuallyhidden">Dart pub</h1>
  <button class="hamburger"></button>
  <div class="mask"></div>
  <div class="nav-wrap">
    <div class="nav-header"><a class="logo" href="/experimental/"><img src="/static/v2/img/dart-logo.svg" alt="dart pub logo"></a>
      <div class="_flex-space"></div>
      <button class="close"></button>
    </div>
    <nav class="site-nav">
      <span>Getting Started:</span>
      <div class="sub-wrap">
        <button class="button">Flutter</button>
        <div class="sub-nav">
          <a class="link" target="_blank" href="https://flutter.io/using-packages/">Using Packages</a>
          <a class="link" target="_blank" href="https://flutter.io/developing-packages/">Developing Packages and Plugins</a>
        </div>
      </div>
      <div class="sub-wrap">
        <button class="button">Web &amp; Server</button>
        <div class="sub-nav">
          <a class="link" target="_blank" href="https://www.dartlang.org/tools/pub/get-started">Using Packages</a>
          <a class="link" target="_blank" href="https://www.dartlang.org/tools/pub/publishing">Publishing a Package</a>
          <a class="link" target="_blank" href="https://www.dartlang.org/tools/pub">Overview</a>
        </div>
      </div>
    </nav>
  </div>
</header>

  <div class="_banner-bg">
    <main class="package-banner">
      <form class="search-bar" action="/experimental/packages">
        <input class="input" name="q" placeholder="Search Dart packages" autocomplete="on" autofocus />
        <button class="icon"></button>
      </form>
    </main>
  </div>



<main>
  
<div class="package-header">
  <h2 class="title">foobar_pkg 0.1.1</h2>
  <div class="metadata">
    Published <span>Jan 1, 2015</span>
    <!-- &bull; Downloads: X -->
      <div class="tags">
        <a class="package-tag" href="/experimental/flutter/packages">Flutter</a>
  </div>

  </div>
</div>

<div class="package-container">
  <div class="main tabs-content">
    <ul class="package-tabs js-tabs">
        <li class="tab -active" data-name="-readme-tab-">README.md</li>
        <li class="tab " data-name="-changelog-tab-">CHANGELOG.md</li>
      <li class="tab " data-name="-installing-tab-">Installing</li>
      <li class="tab" data-name="-versions-tab-">Versions</li>
      <li class="tab" data-name="-analysis-tab-">
        <div class="score-box"><span class="number -good">65</span></div>
      </li>
    </ul>
      <section class="content -active js-content markdown-body" data-name="-readme-tab-">
        <h1 id="test-package">Test Package</h1>
<p>This is a readme file.</p>
<pre><code class="language-dart">void main() {
}
</code></pre>

      </section>
      <section class="content  js-content markdown-body" data-name="-changelog-tab-">
        <h1 id="changelog">Changelog</h1>
<p>0.1.1 - test package</p>

      </section>
    <section class="content  js-content markdown-body" data-name="-installing-tab-">
      <h3>1. Depend on it</h3>
      <p>Add this to your package's pubspec.yaml file:</p>
      <pre><code class="language-yaml">
dependencies:
  <strong>foobar_pkg: &quot;^0.1.1&quot;</strong>

</code></pre>
      <h3>2. Install it</h3>
      <p>You can install packages from the command line:</p>
        <p>with Flutter:</p>
  <pre><code class="language-shell">
$ <strong>flutter packages get</strong>

</code></pre>
<p>Alternatively, your editor might support <code>packages get</code>.
  Check the docs for your editor to learn more.</p>

        <h3>3. Import it</h3>
        <p>Now in your Dart code, you can use:
        </p>
        <pre><code class="language-dart">
import 'package:foobar_pkg/foolib.dart';
        </code></pre>
    </section>
    <section class="content js-content markdown-body" data-name="-versions-tab-">
      <table class="version-table">
        <thead>
        <tr>
          <th>Version</th>
          <th>Uploaded</th>
          <th class="documentation" width="60">Documentation</th>
          <th class="archive" width="60">Archive</th>
        </tr>
        </thead>
          <tr>
            <th><a href="/experimental/packages/foobar_pkg/versions/0.1.1">0.1.1</a></th>
            <td>Jan 1, 2015</td>
            <td class="documentation">
              <a href="http:&#x2F;&#x2F;www.dartdocs.org&#x2F;documentation&#x2F;foobar_pkg&#x2F;0.1.1&#x2F;"
                 title="Go to the documentation of foobar_pkg 0.1.1">
                <img src="&#x2F;static&#x2F;v2&#x2F;img&#x2F;ic_drive_document_black_24dp.svg" alt="Go to the documentation of foobar_pkg 0.1.1" />
              </a>
            </td>
            <td class="archive">
              <a href="http:&#x2F;&#x2F;dart-example.com&#x2F;"
                 title="Download foobar_pkg 0.1.1 archive">
                <img src="&#x2F;static&#x2F;v2&#x2F;img&#x2F;ic_get_app_black_24dp.svg" alt="Download foobar_pkg 0.1.1 archive" />
              </a>
            </td>
          </tr>
      </table>
    </section>
    <section class="content js-content markdown-body" data-name="-analysis-tab-">
      <h4>Analysis</h4>

<p>Last package analysis: <i></i> on .</p>
<p>(Dart: 2.0.0-dev.7.0, pana: 0.6.2, Flutter: 0.0.17).</p>

<h4>Scores</h4>

<table id='scores-table'>
  <tr><td>Popularity</td><td>30</td></tr>
  <tr><td>Health</td><td>99</td></tr>
  <tr><td>Maintenance</td><td>99</td></tr>
</table>

<h4>Platforms</h4>

<p>Detected platforms: flutter</p>
<blockquote></blockquote>



    </section>
  </div>

  <aside class="sidebar sidebar-content">
      <h3 class="title">About</h3>
      <p>my package description</p>

    <h3 class="title">Author</h3>
    <div><span class="author"><a href="mailto:hans@juergen.com" title="Email hans@juergen.com"><i class="icon-envelope"></i> Hans Juergen</a></span></div>

      <h3 class="title">Homepage</h3>
      <a class="link" href="http:&#x2F;&#x2F;hans.juergen.com">hans.juergen.com</a>

      <h3 class="title">Documentation</h3>
      <a class="link" href="http:&#x2F;&#x2F;www.dartdocs.org&#x2F;documentation&#x2F;foobar_pkg&#x2F;0.1.1&#x2F;">www.dartdocs.org&#x2F;documentation&#x2F;foobar_pkg&#x2F;0.1.1&#x2F;</a>

    <h3 class="title">Uploader</h3>
    <p>hans@juergen.com</p>

  </aside>
</div>

<script src="/static/highlight.pack.js"></script>
<script>hljs.initHighlightingOnLoad();</script>

</main>

<p style="font-size: smaller; text-align: center">
  You are using our new frontend.
  Please <a href="https://github.com/dart-lang/pub-dartlang-dart/issues/new?title=%3Cdescribe+issue+here%3E&amp;body=Please+describe+the+issue+and+include+the+URL">let us know</a>
  if you encounter issues or unexpected results.
</p>

<footer class="site-footer">
  <a class="link" href="https://www.dartlang.org/">Dart Language</a>
  <a class="link" href="https://www.google.com/intl/en/policies/terms/">Terms of Service</a>
  <a class="link" href="https://www.google.com/intl/en/policies/privacy/">Privacy Policy</a>
</footer>

</body>
</html>
