
<!DOCTYPE html>
<html lang="en-us" >
<head>
  <meta charset="utf-8" />
  <meta http-equiv="x-ua-compatible" content="ie=edge" />
  <meta name="viewport" content="width=device-width, initial-scale=1" />
  <title>Packages</title>
  <link href="https://fonts.googleapis.com/css?family=Roboto:300,400,500,700" rel="stylesheet" />
  <meta itemprop="image" content="/static/img/dart-logo-400x400.png" />
    <link rel="shortcut icon" href="/static/favicon.ico" />
    <meta name="description" content="Pub is a package manager for the
        Dart programming language." />
  <link rel="alternate" type="application/atom+xml" title="Updated Packages Feed for Pub" href="/feed.atom" />
  <link href="/static/v2/css/style.css" rel="stylesheet" type="text/css" />
  <script src="/static/v2/js/script.js" defer></script>
  <script>
      (function(i,s,o,g,r,a,m){i['GoogleAnalyticsObject']=r;i[r]=i[r]||function(){
      (i[r].q=i[r].q||[]).push(arguments)},i[r].l=1*new Date();a=s.createElement(o),
      m=s.getElementsByTagName(o)[0];a.async=1;a.src=g;m.parentNode.insertBefore(a,m)
      })(window,document,'script','https://www.google-analytics.com/analytics.js','ga');
      ga('create', 'UA-26406144-13', 'auto');
      ga('send', 'pageview');
    </script>
    <script async="" defer="" src="//www.google.com/insights/consumersurveys/async_survey?site=5wdvu4vc5lhop3xbatxof6lzcm"></script>
</head>
<body>
<header class="site-header">
  <h1 class="_visuallyhidden">Dart pub</h1>
  <button class="hamburger"></button>
  <div class="mask"></div>
  <div class="nav-wrap">
    <div class="nav-header"><a class="logo" href="/experimental/"><img src="/static/v2/img/dart-logo.svg" alt="dart pub logo"></a>
      <div class="_flex-space"></div>
      <button class="close"></button>
    </div>
    <nav class="site-nav">
      <span>Getting Started:</span>
      <div class="sub-wrap">
        <button class="button">Flutter</button>
        <div class="sub-nav">
          <a class="link" target="_blank" href="https://flutter.io/using-packages/">Using Packages</a>
          <a class="link" target="_blank" href="https://flutter.io/developing-packages/">Developing Packages and Plugins</a>
        </div>
      </div>
      <div class="sub-wrap">
        <button class="button">Web &amp; Server</button>
        <div class="sub-nav">
          <a class="link" target="_blank" href="https://www.dartlang.org/tools/pub/get-started">Using Packages</a>
          <a class="link" target="_blank" href="https://www.dartlang.org/tools/pub/publishing">Publishing a Package</a>
          <a class="link" target="_blank" href="https://www.dartlang.org/tools/pub">Overview</a>
        </div>
      </div>
    </nav>
  </div>
</header>


  <div class="_banner-bg">
    <main class="package-banner">
      <form class="search-bar" action="/experimental/packages">
        <input class="input" name="q" placeholder="Search packages" autocomplete="on" autofocus>
        <button class="icon"></button>
        
      </form>
      <div class="list-filters">
    <a class="filter " href="/experimental/flutter/packages">Flutter</a>
    <a class="filter " href="/experimental/web/packages">Web</a>
    <a class="filter " href="/experimental/server/packages">Server</a>
    <a class="filter -active" href="/experimental/packages">All</a>
</div>
    </main>
  </div>


<main>
  
<h1>Packages</h1>

<p><br/></p>

<ul class="package-list">
    <li class="list-item -full">
      <div class="score-box"><span class="number -rotten">0</span></div>
      <h3 class="title"><a href="/experimental&#x2F;packages&#x2F;foobar_pkg">foobar_pkg</a></h3>
      <p class="description">my package description</p>
      <p class="metadata">
        v <a href="/experimental&#x2F;packages&#x2F;foobar_pkg">0.1.1</a>
        
        • Updated: <span>Jan 1, 2014</span>
        
      </p>
    </li>
    <li class="list-item -full">
      <div class="score-box"><span class="number -rotten">0</span></div>
      <h3 class="title"><a href="/experimental&#x2F;packages&#x2F;foobar_pkg">foobar_pkg</a></h3>
      <p class="description">my package description</p>
      <p class="metadata">
        v <a href="/experimental&#x2F;packages&#x2F;foobar_pkg">0.1.1</a>
        
        • Updated: <span>Jan 1, 2015</span>
          
        <a class="package-tag" href="/flutter/packages">Flutter</a>
  

      </p>
    </li>
</ul>

  
<ul class="pagination">
    <li class="-disabled">
      <a href="">
        <span>&laquo;</span>
      </a>
    </li>
    <li class="-active">
      <a href="">
        <span>1</span>
      </a>
    </li>
    <li class="-disabled">
      <a href="">
        <span>&raquo;</span>
      </a>
    </li>
</ul>


</main>

<p style="font-size: smaller; text-align: center">
  You are using our new frontend.
  Please <a href="https://github.com/dart-lang/pub-dartlang-dart/issues/new?title=%3Cdescribe+issue+here%3E&amp;body=Please+describe+the+issue+and+include+the+URL">let us know</a>
  if you encounter issues or unexpected results.
</p>

<footer class="site-footer">
  <a class="link" href="https://www.dartlang.org/">Dart Language</a>
  <a class="link" href="https://www.google.com/intl/en/policies/terms/">Terms of Service</a>
  <a class="link" href="https://www.google.com/intl/en/policies/privacy/">Privacy Policy</a>
</footer>

<script src="/static/v2/js/script.js" defer></script>
</body>
</html>
