<div class="list-filters">
    <a class="filter " href="/experimental/search?q=foo&amp;platforms=flutter">Flutter</a>
    <a class="filter " href="/experimental/search?q=foo&amp;platforms=web">Web</a>
    <a class="filter -active" href="/experimental/search?q=foo&amp;platforms=server">Server</a>
    <a class="filter " href="/experimental/search?q=foo">All</a>
</div>