<div class="list-filters">
    <a class="filter " href="/experimental/packages?platform=flutter">Flutter</a>
    <a class="filter -active" href="/experimental/packages?platform=web">Web</a>
    <a class="filter " href="/experimental/packages?platform=server">Server</a>
    <a class="filter " href="/experimental/packages?">All</a>
</div>