<h2>Analysis</h2>

<div class="analysis-disclaimer">
  This feature is new. <br/>
  We welcome <a class='github_issue' data-bug-tag='analysis' href="https://github.com/dart-lang/pub-dartlang-dart/issues/new">feedback</a>. <br/>
  More details: <a href="/help#scoring">scoring</a>.
</div>

<p>
  This package version is not analyzed, because it is more than two years old.
  Check the <a href="/packages/pkg_foo#-analysis-tab-">latest stable version</a> for its analysis.
</p>
