{
  "packageName": "http",
  "packageVersion": "0.11.3+14",
  "analysis": 5697642411589632,
  "timestamp": "2017-09-12T07:36:06.447252Z",
  "panaVersion": "0.4.0",
  "flutterVersion": "0.0.13",
  "analysisStatus": "success",
  "analysisContent": {
    "panaVersion": "0.4.0",
    "sdkVersion": "Dart VM version: 1.24.2 (Thu Jun 22 08:42:17 2017) on \"macos_x64\"",
    "packageName": "http",
    "packageVersion": "0.11.3+14",
    "pubspec": {
      "version": "0.11.3+14",
      "name": "http",
      "dependencies": {
        "stack_trace": ">=0.9.1 <2.0.0",
        "http_parser": ">=0.0.1 <4.0.0",
        "async": "^1.10.0",
        "path": ">=0.9.0 <2.0.0",
        "collection": "^1.5.0"
      },
      "author": "Dart Team <misc@dartlang.org>",
      "description": "A composable, Future-based API for making HTTP requests.",
      "environment": {
        "sdk": ">=1.23.0 <2.0.0"
      },
      "homepage": "https://github.com/dart-lang/http",
      "dev_dependencies": {
        "unittest": ">=0.9.0 <0.12.0"
      }
    },
    "pkgResolution": {
      "dependencies": [
        {
          "package": "async",
          "dependencyType": "direct",
          "constraintType": "normal",
          "constraint": "^1.10.0",
          "resolved": "1.13.3",
          "available": "2.0.0"
        },
        {
          "package": "charcode",
          "dependencyType": "transitive",
          "constraintType": "inherited",
          "resolved": "1.1.1"
        },
        {
          "package": "collection",
          "dependencyType": "direct",
          "constraintType": "normal",
          "constraint": "^1.5.0",
          "resolved": "1.14.3"
        },
        {
          "package": "http_parser",
          "dependencyType": "direct",
          "constraintType": "normal",
          "constraint": ">=0.0.1 <4.0.0",
          "resolved": "3.1.1"
        },
        {
          "package": "path",
          "dependencyType": "direct",
          "constraintType": "normal",
          "constraint": ">=0.9.0 <2.0.0",
          "resolved": "1.4.2"
        },
        {
          "package": "source_span",
          "dependencyType": "transitive",
          "constraintType": "inherited",
          "resolved": "1.4.0"
        },
        {
          "package": "stack_trace",
          "dependencyType": "direct",
          "constraintType": "normal",
          "constraint": ">=0.9.1 <2.0.0",
          "resolved": "1.8.0"
        },
        {
          "package": "string_scanner",
          "dependencyType": "transitive",
          "constraintType": "inherited",
          "resolved": "1.0.2"
        },
        {
          "package": "typed_data",
          "dependencyType": "transitive",
          "constraintType": "inherited",
          "resolved": "1.1.4"
        },
        {
          "package": "unittest",
          "dependencyType": "dev",
          "constraintType": "normal",
          "constraint": ">=0.9.0 <0.12.0",
          "resolved": "0.11.7",
          "available": "0.12.4+1"
        }
      ]
    },
    "dartFiles": {
      "lib/browser_client.dart": {
        "uri": "package:http/browser_client.dart",
        "size": 3688,
        "isFormatted": false,
        "codeProblems": [],
        "directLibs": [
          "dart:async",
          "dart:html",
          "dart:typed_data",
          "package:http/src/base_client.dart",
          "package:http/src/base_request.dart",
          "package:http/src/byte_stream.dart",
          "package:http/src/exception.dart",
          "package:http/src/streamed_response.dart",
          "package:stack_trace/stack_trace.dart"
        ],
        "platform": {
          "worksEverywhere": false,
          "restrictedTo": [
            "web"
          ]
        },
        "fitness": {
          "magnitude": 83.0,
          "shortcoming": 1.0
        }
      },
      "lib/http.dart": {
        "uri": "package:http/http.dart",
        "size": 7234,
        "isFormatted": false,
        "codeProblems": [],
        "directLibs": [
          "dart:async",
          "dart:convert",
          "dart:typed_data",
          "package:http/src/base_client.dart",
          "package:http/src/base_request.dart",
          "package:http/src/base_response.dart",
          "package:http/src/byte_stream.dart",
          "package:http/src/client.dart",
          "package:http/src/exception.dart",
          "package:http/src/io_client.dart",
          "package:http/src/multipart_file.dart",
          "package:http/src/multipart_request.dart",
          "package:http/src/request.dart",
          "package:http/src/response.dart",
          "package:http/src/streamed_request.dart",
          "package:http/src/streamed_response.dart"
        ],
        "platform": {
          "worksEverywhere": true
        },
        "fitness": {
          "magnitude": 139.0,
          "shortcoming": 1.0
        }
      },
      "lib/src/base_client.dart": {
        "uri": "package:http/src/base_client.dart",
        "size": 7821,
        "isFormatted": false,
        "codeProblems": [],
        "fitness": {
          "magnitude": 136.0,
          "shortcoming": 1.0
        }
      },
      "lib/src/base_request.dart": {
        "uri": "package:http/src/base_request.dart",
        "size": 4739,
        "isFormatted": false,
        "codeProblems": [],
        "fitness": {
          "magnitude": 93.0,
          "shortcoming": 1.0
        }
      },
      "lib/src/base_response.dart": {
        "uri": "package:http/src/base_response.dart",
        "size": 1727,
        "isFormatted": false,
        "codeProblems": [],
        "fitness": {
          "magnitude": 32.0,
          "shortcoming": 1.0
        }
      },
      "lib/src/boundary_characters.dart": {
        "uri": "package:http/src/boundary_characters.dart",
        "size": 953,
        "isFormatted": false,
        "codeProblems": [],
        "fitness": {
          "magnitude": 13.0,
          "shortcoming": 1.0
        }
      },
      "lib/src/byte_stream.dart": {
        "uri": "package:http/src/byte_stream.dart",
        "size": 1391,
        "isFormatted": false,
        "codeProblems": [],
        "fitness": {
          "magnitude": 25.0,
          "shortcoming": 1.0
        }
      },
      "lib/src/client.dart": {
        "uri": "package:http/src/client.dart",
        "size": 6152,
        "isFormatted": false,
        "codeProblems": [],
        "fitness": {
          "magnitude": 101.0,
          "shortcoming": 1.0
        }
      },
      "lib/src/exception.dart": {
        "uri": "package:http/src/exception.dart",
        "size": 502,
        "isFormatted": true,
        "codeProblems": [],
        "fitness": {
          "magnitude": 9.0,
          "shortcoming": 0.0
        }
      },
      "lib/src/io_client.dart": {
        "uri": "package:http/src/io_client.dart",
        "size": 2530,
        "isFormatted": false,
        "codeProblems": [],
        "fitness": {
          "magnitude": 49.0,
          "shortcoming": 1.0
        }
      },
      "lib/src/mock_client.dart": {
        "uri": "package:http/src/mock_client.dart",
        "size": 3320,
        "isFormatted": false,
        "codeProblems": [],
        "fitness": {
          "magnitude": 59.0,
          "shortcoming": 1.0
        }
      },
      "lib/src/multipart_file.dart": {
        "uri": "package:http/src/multipart_file.dart",
        "size": 4431,
        "isFormatted": false,
        "codeProblems": [],
        "fitness": {
          "magnitude": 79.0,
          "shortcoming": 1.0
        }
      },
      "lib/src/multipart_request.dart": {
        "uri": "package:http/src/multipart_request.dart",
        "size": 5905,
        "isFormatted": false,
        "codeProblems": [],
        "fitness": {
          "magnitude": 116.0,
          "shortcoming": 1.0
        }
      },
      "lib/src/request.dart": {
        "uri": "package:http/src/request.dart",
        "size": 5952,
        "isFormatted": false,
        "codeProblems": [],
        "fitness": {
          "magnitude": 109.0,
          "shortcoming": 1.0
        }
      },
      "lib/src/response.dart": {
        "uri": "package:http/src/response.dart",
        "size": 3431,
        "isFormatted": false,
        "codeProblems": [],
        "fitness": {
          "magnitude": 62.0,
          "shortcoming": 1.0
        }
      },
      "lib/src/streamed_request.dart": {
        "uri": "package:http/src/streamed_request.dart",
        "size": 1650,
        "isFormatted": false,
        "codeProblems": [],
        "fitness": {
          "magnitude": 28.0,
          "shortcoming": 1.0
        }
      },
      "lib/src/streamed_response.dart": {
        "uri": "package:http/src/streamed_response.dart",
        "size": 1326,
        "isFormatted": false,
        "codeProblems": [],
        "fitness": {
          "magnitude": 25.0,
          "shortcoming": 1.0
        }
      },
      "lib/src/utils.dart": {
        "uri": "package:http/src/utils.dart",
        "size": 4843,
        "isFormatted": false,
        "codeProblems": [],
        "fitness": {
          "magnitude": 96.0,
          "shortcoming": 1.0
        }
      },
      "lib/testing.dart": {
        "uri": "package:http/testing.dart",
        "size": 966,
        "isFormatted": true,
        "codeProblems": [],
        "directLibs": [
          "package:http/src/mock_client.dart"
        ],
        "platform": {
          "worksEverywhere": false,
          "restrictedTo": [
            "flutter",
            "server"
          ]
        },
        "fitness": {
          "magnitude": 19.0,
          "shortcoming": 0.0
        }
      },
      "test/html/client_test.dart": {
        "uri": "asset:http/test/html/client_test.dart",
        "size": 1144,
        "isFormatted": false,
        "codeProblems": []
      },
      "test/html/streamed_request_test.dart": {
        "uri": "asset:http/test/html/streamed_request_test.dart",
        "size": 1210,
        "isFormatted": true,
        "codeProblems": []
      },
      "test/html/utils.dart": {
        "uri": "asset:http/test/html/utils.dart",
        "size": 391,
        "isFormatted": false,
        "codeProblems": []
      },
      "test/io/client_test.dart": {
        "uri": "asset:http/test/io/client_test.dart",
        "size": 3502,
        "isFormatted": false,
        "codeProblems": []
      },
      "test/io/http_test.dart": {
        "uri": "asset:http/test/io/http_test.dart",
        "size": 14300,
        "isFormatted": false,
        "codeProblems": []
      },
      "test/io/multipart_test.dart": {
        "uri": "asset:http/test/io/multipart_test.dart",
        "size": 1195,
        "isFormatted": false,
        "codeProblems": []
      },
      "test/io/request_test.dart": {
        "uri": "asset:http/test/io/request_test.dart",
        "size": 1952,
        "isFormatted": false,
        "codeProblems": []
      },
      "test/io/streamed_request_test.dart": {
        "uri": "asset:http/test/io/streamed_request_test.dart",
        "size": 1883,
        "isFormatted": false,
        "codeProblems": []
      },
      "test/io/utils.dart": {
        "uri": "asset:http/test/io/utils.dart",
        "size": 4568,
        "isFormatted": false,
        "codeProblems": []
      },
      "test/mock_client_test.dart": {
        "uri": "asset:http/test/mock_client_test.dart",
        "size": 1995,
        "isFormatted": false,
        "codeProblems": []
      },
      "test/multipart_test.dart": {
        "uri": "asset:http/test/multipart_test.dart",
        "size": 7313,
        "isFormatted": false,
        "codeProblems": []
      },
      "test/request_test.dart": {
        "uri": "asset:http/test/request_test.dart",
        "size": 12436,
        "isFormatted": false,
        "codeProblems": []
      },
      "test/response_test.dart": {
        "uri": "asset:http/test/response_test.dart",
        "size": 2641,
        "isFormatted": false,
        "codeProblems": []
      },
      "test/streamed_request_test.dart": {
        "uri": "asset:http/test/streamed_request_test.dart",
        "size": 916,
        "isFormatted": true,
        "codeProblems": []
      },
      "test/utils.dart": {
        "uri": "asset:http/test/utils.dart",
        "size": 3632,
        "isFormatted": false,
        "codeProblems": []
      }
    },
    "platform": {
      "worksEverywhere": true,
      "reason": "primary library - `package:http/http.dart`"
    },
    "license": {
      "name": "BSD"
    },
    "fitness": {
      "magnitude": 1273.0,
      "shortcoming": 17.0
    }
  }
}
