<h2>Analysis</h2>

<div class="analysis-disclaimer">
  This feature is new. <br/>
  We welcome <a class='github_issue' data-bug-tag='analysis' href="https://github.com/dart-lang/pub-dartlang-dart/issues/new">feedback</a>.
</div>

<p>
  We analyzed this package, and provided a score, details, and suggestions below.
</p>

<ul>
  <li><i>aborted</i> on Dec 18, 2017</li>
  <li>Dart: </li>
  <li>pana: 0.8.0</li>

</ul>

<hr />

<h4>Scores</h4>

<table id='scores-table'>
  <tr>
    <td class="score-name">
      <div class="tooltip-base hoverable">
        <span class="tooltip-dotted">Popularity:</span>
        <div class="tooltip-content">
          Describes how popular the package is relative to other packages.
          <a href="/help#popularity">[more]</a>
        </div>
      </div>
    </td>
    <td class="score-value">--</td>
  </tr>
  <tr>
    <td class="score-name">
      <div class="tooltip-base hoverable">
        <span class="tooltip-dotted">Health:</span>
        <div class="tooltip-content">
          Code health derived from static analysis.
          <a href="/help#health">[more]</a>
        </div>
      </div>
    </td>
    <td class="score-value">--</td>
  </tr>
  <tr>
    <td class="score-name">
      <div class="tooltip-base hoverable">
        <span class="tooltip-dotted">Maintenance:</span>
        <div class="tooltip-content">
          Reflects how tidy and up-to-date the package is.
          <a href="/help#maintenance">[more]</a>
        </div>
      </div>
    </td>
    <td class="score-value">--</td>
  </tr>
  <tr>
    <td class="score-name">
      <div class="tooltip-base hoverable">
        <span class="tooltip-dotted"><b>Overall score:</b></span>
        <div class="tooltip-content">
          Weighted score of the above.
          <a href="/help#overall-score">[more]</a>
        </div>
      </div>
    </td>
    <td><div class="score-box"><span class="number -missing" title="Awaiting analysis to complete.">--</span></div></td>
  </tr>
</table>

<h4>Platforms</h4>

<p>Detected platforms: <i>unsure</i></p>
<blockquote></blockquote>


