<!DOCTYPE html>
<html lang="en-us">
<head>
  <script async src="https://www.googletagmanager.com/gtag/js?id=UA-26406144-13"></script>
  <script>
    window.dataLayer = window.dataLayer || [];
    function gtag(){dataLayer.push(arguments);}
    gtag('js', new Date());
    gtag('config', 'UA-26406144-13');
  </script>
  <meta charset="utf-8" />
  <meta http-equiv="x-ua-compatible" content="ie=edge" />
  <meta name="viewport" content="width=device-width, initial-scale=1" />
  <meta name="twitter:card" content="summary" />
  <meta name="twitter:site" content="@dart_lang" />
  <meta property="og:site_name" content="Dart Packages" />
  <title>Pub Authorized Successfully</title>
  <meta property="og:title" content="Pub Authorized Successfully" />
  <link href="https://fonts.googleapis.com/css?family=Roboto:300,400,500,700" rel="stylesheet" />
  <meta itemprop="image" content="/static/img/dart-logo-400x400.png" />
  <meta property="og:image" content="/static/img/dart-logo-400x400.png" />
  <link rel="shortcut icon" href="/favicon.ico" />
  <meta name="description" content="Pub is the package manager for the Dart programming language, containing reusable libraries &amp; packages for Flutter, AngularDart, and general Dart programs." />
  <meta property="og:description" content="Pub is the package manager for the Dart programming language, containing reusable libraries &amp; packages for Flutter, AngularDart, and general Dart programs." />
  <link rel="alternate" type="application/atom+xml" title="Updated Packages Feed for Pub" href="/feed.atom" />
  <link href="/static/highlight/github.css" rel="stylesheet" />
  <link href="/static/css/github-markdown.css?hash=mocked_hash_244413523" rel="stylesheet" type="text/css" />
  <link href="/static/css/style.css?hash=mocked_hash_714113458" rel="stylesheet" type="text/css" />
  <script src="/static/js/script.dart.js?hash=mocked_hash_918742474" defer></script>
</head>
<body>
<header class="site-header">
  <h1 class="_visuallyhidden">Dart pub</h1>
  <button class="hamburger"></button>
  <div class="mask"></div>
  <div class="nav-wrap">
    <div class="nav-header"><a class="logo" href="/"><img src="/static/img/dart-logo.svg" alt="dart pub logo"></a>
      <div class="_flex-space"></div>
      <button class="close"></button>
    </div>
    <nav class="site-nav">
      <span>Getting Started:</span>
      <div class="sub-wrap hoverable">
        <button class="button">Flutter</button>
        <div class="sub-nav">
          <a class="link" target="_blank" rel="noopener" href="https://flutter.io/using-packages/">Using Packages</a>
          <a class="link" target="_blank" rel="noopener" href="https://flutter.io/developing-packages/">Developing Packages and Plugins</a>
        </div>
      </div>
      <div class="sub-wrap hoverable">
        <button class="button">Web &amp; Server</button>
        <div class="sub-nav">
          <a class="link" target="_blank" rel="noopener" href="https://www.dartlang.org/tools/pub/get-started">Using Packages</a>
          <a class="link" target="_blank" rel="noopener" href="https://www.dartlang.org/tools/pub/publishing">Publishing a Package</a>
          <a class="link" target="_blank" rel="noopener" href="https://www.dartlang.org/tools/pub">Overview</a>
        </div>
      </div>
    </nav>
  </div>
</header>

  <div class="_banner-bg">
    <main class="package-banner">
      <form class="search-bar" action="/packages">
        <input class="input" name="q" placeholder="Search Dart packages" autocomplete="on" autofocus />
        <button class="icon"></button>
      </form>
    </main>
  </div>



<main>
  
<h1>Pub Authorized Successfully</h1>

<p>
  The <code>pub</code> client has been successfully authorized. You may now
  use it to upload packages and perform other tasks.
</p>

</main>

<footer class="site-footer">
  <a class="link" href="https://www.dartlang.org/">Dart language</a>
  <a class="link" href="https://www.google.com/intl/en/policies/terms/">Terms</a>
  <a class="link" href="https://www.google.com/intl/en/policies/privacy/">Privacy</a>
  <a class="link" href="/help">Help</a>
  <a class="link" href="/feed.atom"><img src="/static/img/atom-feed-icon-32x32.png" class="inline-icon" /></a>
  <a class="link github_issue" href="https://github.com/dart-lang/pub-dartlang-dart/issues/new">Report an issue</a>
</footer>
<script src="/static/highlight/highlight.pack.js"></script>
<script>hljs.initHighlightingOnLoad();</script>
</body>
</html>
