<fragment>
  <p>
    <code>admin@pub.dev</code>
    has invited you to be an uploader of the package
    <a href="/packages/example_pkg" rel="noopener noreferrer" target="_blank">
      <code>example_pkg</code>
    </a>
    .
  </p>
  <p>Accepting a package uploader invitation means:</p>
  <ul>
    <li>
      your email will be publicly listed on the
      <a href="/packages/example_pkg" rel="noopener noreferrer" target="_blank">package page</a>
      ,
    </li>
    <li>
      you will be able to publish new versions of package
      <code>example_pkg</code>
      , and,
    </li>
    <li>
      perform administrative actions for package
      <code>example_pkg</code>
      .
    </li>
  </ul>
</fragment>
