<fragment>
  <p>
    <code>admin@pub.dev</code>
    has invited you to be a member of the
    <a href="https://dart.dev/tools/pub/verified-publishers" rel="noopener noreferrer" target="_blank">verified publisher</a>
    <a href="/publishers/dart.dev" rel="noopener noreferrer" target="_blank">
      <code>dart.dev</code>
    </a>
    .
  </p>
  <p>Accepting a publisher membership invitation means:</p>
  <ul>
    <li>
      other members of the publisher
      <code>dart.dev</code>
      will be able to see your email address,
    </li>
    <li>
      you will be able to publish new versions of packages owned by the publisher
      <code>dart.dev</code>
      ,
    </li>
    <li>
      you will be able to transfer packages to be owned by the publisher
      <code>dart.dev</code>
      ,
    </li>
    <li>
      you will be able to perform administrative actions for publisher
      <code>dart.dev</code>
      .
    </li>
  </ul>
</fragment>
