<fragment>
  <p>
    <code>admin@pub.dev</code>
    has requested to use
    <code>hello@example.com</code>
    as the contact email of the
    <a href="https://dart.dev/tools/pub/verified-publishers" target="_blank" rel="noopener noreferrer">verified publisher</a>
    <a href="/publishers/dart.dev" target="_blank" rel="noopener noreferrer">
      <code>dart.dev</code>
    </a>
    .
  </p>
  <p>Accepting the use of the contact email means:</p>
  <ul>
    <li>
      the email will be publicly listed on the
      <a href="/publishers/dart.dev" target="_blank" rel="noopener noreferrer">publisher page</a>
      .
    </li>
  </ul>
</fragment>
