
<!DOCTYPE html>
<html lang="en-us" >
<head>
  <meta charset="utf-8" />
  <meta http-equiv="x-ua-compatible" content="ie=edge" />
  <meta name="viewport" content="width=device-width, initial-scale=1" />
  <title>Error error_status</title>
  <link href="https://fonts.googleapis.com/css?family=Roboto:300,400,500,700" rel="stylesheet" />
  <meta itemprop="image" content="/static/img/dart-logo-400x400.png" />
    <link rel="shortcut icon" href="/static/favicon.ico" />
    <meta name="description" content="Pub is a package manager for the
        Dart programming language." />
  <link rel="alternate" type="application/atom+xml" title="Updated Packages Feed for Pub" href="/feed.atom" />
  <link href="/static/github.css" rel="stylesheet" />
  <link href="/static/v2/css/style.css" rel="stylesheet" type="text/css" />
  <script src="/static/v2/js/script.dart.js" defer></script>
  <script>
      (function(i,s,o,g,r,a,m){i['GoogleAnalyticsObject']=r;i[r]=i[r]||function(){
      (i[r].q=i[r].q||[]).push(arguments)},i[r].l=1*new Date();a=s.createElement(o),
      m=s.getElementsByTagName(o)[0];a.async=1;a.src=g;m.parentNode.insertBefore(a,m)
      })(window,document,'script','https://www.google-analytics.com/analytics.js','ga');
      ga('create', 'UA-26406144-13', 'auto');
      ga('send', 'pageview');
    </script>
</head>
<body>
<header class="site-header">
  <h1 class="_visuallyhidden">Dart pub</h1>
  <button class="hamburger"></button>
  <div class="mask"></div>
  <div class="nav-wrap">
    <div class="nav-header"><a class="logo" href="/"><img src="/static/v2/img/dart-logo.svg" alt="dart pub logo"></a>
      <div class="_flex-space"></div>
      <button class="close"></button>
    </div>
    <nav class="site-nav">
      <span>Getting Started:</span>
      <div class="sub-wrap">
        <button class="button">Flutter</button>
        <div class="sub-nav">
          <a class="link" target="_blank" href="https://flutter.io/using-packages/">Using Packages</a>
          <a class="link" target="_blank" href="https://flutter.io/developing-packages/">Developing Packages and Plugins</a>
        </div>
      </div>
      <div class="sub-wrap">
        <button class="button">Web &amp; Server</button>
        <div class="sub-nav">
          <a class="link" target="_blank" href="https://www.dartlang.org/tools/pub/get-started">Using Packages</a>
          <a class="link" target="_blank" href="https://www.dartlang.org/tools/pub/publishing">Publishing a Package</a>
          <a class="link" target="_blank" href="https://www.dartlang.org/tools/pub">Overview</a>
        </div>
      </div>
    </nav>
  </div>
</header>

  <div class="_banner-bg">
    <main class="package-banner">
      <form class="search-bar" action="/packages">
        <input class="input" name="q" placeholder="Search Dart packages" autocomplete="on" autofocus />
        <button class="icon"></button>
      </form>
    </main>
  </div>



<main>
  
<h1>Error error_status</h1>
<p class="error-message">error_message</p>
<pre class="traceback">error_traceback</pre>

</main>

<footer class="site-footer">
  <a class="link" href="https://www.dartlang.org/">Dart Language</a>
  <a class="link" href="https://www.google.com/intl/en/policies/terms/">Terms of Service</a>
  <a class="link" href="https://www.google.com/intl/en/policies/privacy/">Privacy Policy</a>
  <a class="link github_issue" href="https://github.com/dart-lang/pub-dartlang-dart/issues/new">Report an issue</a>
</footer>

</body>
</html>
