<!DOCTYPE html>
<html lang="en-us">
  <head>
    <script async="async" src="https://www.googletagmanager.com/gtag/js?id=UA-26406144-13"></script>
    <script src="/static/js/gtag.js?hash=mocked_hash_221832925"></script>
    <meta charset="utf-8"/>
    <meta http-equiv="x-ua-compatible" content="ie=edge"/>
    <meta name="viewport" content="width=device-width, initial-scale=1"/>
    <meta name="robots" content="noindex"/>
    <!-- Twitter tags -->
    <meta name="twitter:card" content="summary"/>
    <meta name="twitter:site" content="@dart_lang"/>
    <meta name="twitter:description" content="Pub is the package manager for the Dart programming language, containing reusable libraries &amp; packages for Flutter, AngularDart, and general Dart programs."/>
    <meta name="twitter:image" content="https://pub.dev/static/img/pub-dev-icon-cover-image.png?hash=mocked_hash_355802124"/>
    <!-- Facebook OG tags -->
    <meta property="og:type" content="website"/>
    <meta property="og:site_name" content="Dart packages"/>
    <meta property="og:title" content="My liked packages"/>
    <meta property="og:description" content="Pub is the package manager for the Dart programming language, containing reusable libraries &amp; packages for Flutter, AngularDart, and general Dart programs."/>
    <meta property="og:image" content="https://pub.dev/static/img/pub-dev-icon-cover-image.png?hash=mocked_hash_355802124"/>
    <title>My liked packages</title>
    <link href="https://fonts.googleapis.com/css?family=Google+Sans:300,400,500|Google+Sans+Display:400|Roboto:300,400,500,700|Roboto+Mono:300,400,700" rel="stylesheet"/>
    <meta content="/static/img/pub-dev-icon-cover-image.png?hash=mocked_hash_355802124"/>
    <link rel="shortcut icon" href="/favicon.ico?hash=mocked_hash_985685822"/>
    <link rel="search" type="application/opensearchdescription+xml" title="Dart packages" href="/static/osd.xml?hash=mocked_hash_869379763"/>
    <meta name="description" content="Pub is the package manager for the Dart programming language, containing reusable libraries &amp; packages for Flutter, AngularDart, and general Dart programs."/>
    <link rel="alternate" type="application/atom+xml" title="Updated Packages Feed for Pub" href="/feed.atom"/>
    <link href="/static/material/material-components-web.min.css?hash=mocked_hash_335393842" rel="stylesheet" type="text/css"/>
    <link href="/static/highlight/github.css?hash=mocked_hash_145446167" rel="stylesheet"/>
    <link href="/static/css/github-markdown.css?hash=mocked_hash_488759485" rel="stylesheet" type="text/css"/>
    <link href="/static/css/style.css?hash=mocked_hash_537099079" rel="stylesheet" type="text/css"/>
    <script src="/static/material/material-components-web.min.js?hash=mocked_hash_942790516" defer="defer"></script>
    <script src="/static/js/script.dart.js?hash=mocked_hash_573569793" defer="defer"></script>
    <meta name="google-signin-client_id" content=""/>
    <script src="https://apis.google.com/js/platform.js?onload=pubAuthInit" defer="defer"></script>
  </head>
  <body class="non-experimental">
    <div class="site-header">
      <button class="hamburger"></button>
      <a class="logo" href="/">
        <img class="site-logo" src="/static/img/pub-dev-logo-2x.png?hash=mocked_hash_685890546" alt="pub logo"/>
      </a>
      <div class="site-header-space"></div>
      <div class="site-header-mask"></div>
      <div class="site-header-nav scroll-container">
        <div class="nav-login-container">
          <button class="nav-main-button link" id="-account-login">Sign in</button>
        </div>
        <div class="nav-container nav-help-container hoverable">
          <button class="nav-main-button">Help</button>
          <div class="nav-hover-popup">
            <div class="nav-table-columns">
              <div class="nav-table-column">
                <h3>Pub.dev</h3>
                <a class="nav-link" target="_blank" rel="noopener" href="/help/search">Searching for packages</a>
                <a class="nav-link" target="_blank" rel="noopener" href="/help/scoring">Package scoring and pub points</a>
              </div>
              <div class="nav-table-column">
                <h3>Flutter</h3>
                <a class="nav-link" target="_blank" rel="noopener" href="https://flutter.io/using-packages/">Using packages</a>
                <a class="nav-link" target="_blank" rel="noopener" href="https://flutter.io/developing-packages/">Developing packages and plugins</a>
                <a class="nav-link" target="_blank" rel="noopener" href="https://dart.dev/tools/pub/publishing">Publishing a package</a>
              </div>
              <div class="nav-table-column">
                <h3>Dart</h3>
                <a class="nav-link" target="_blank" rel="noopener" href="https://dart.dev/tools/pub/get-started">Using packages</a>
                <a class="nav-link" target="_blank" rel="noopener" href="https://dart.dev/tools/pub/publishing">Publishing a package</a>
              </div>
            </div>
          </div>
        </div>
        <div class="nav-container nav-help-container-mobile foldable">
          <h3 class="foldable-button">Pub.dev 
            <img class="foldable-icon" src="/static/img/nav-mobile-foldable-icon.svg?hash=mocked_hash_806401648"/>
          </h3>
          <div class="foldable-content">
            <a class="nav-link" target="_blank" rel="noopener" href="/help/search">Searching for packages</a>
            <a class="nav-link" target="_blank" rel="noopener" href="/help/scoring">Package scoring and pub points</a>
          </div>
        </div>
        <div class="nav-container nav-help-container-mobile foldable">
          <h3 class="foldable-button">Flutter 
            <img class="foldable-icon" src="/static/img/nav-mobile-foldable-icon.svg?hash=mocked_hash_806401648"/>
          </h3>
          <div class="foldable-content">
            <a class="nav-link" target="_blank" rel="noopener" href="https://flutter.io/using-packages/">Using packages</a>
            <a class="nav-link" target="_blank" rel="noopener" href="https://flutter.io/developing-packages/">Developing packages and plugins</a>
            <a class="nav-link" target="_blank" rel="noopener" href="https://dart.dev/tools/pub/publishing">Publishing a package</a>
          </div>
        </div>
        <div class="nav-container nav-help-container-mobile foldable">
          <h3 class="foldable-button">Dart 
            <img class="foldable-icon" src="/static/img/nav-mobile-foldable-icon.svg?hash=mocked_hash_806401648"/>
          </h3>
          <div class="foldable-content">
            <a class="nav-link" target="_blank" rel="noopener" href="https://dart.dev/tools/pub/get-started">Using packages</a>
            <a class="nav-link" target="_blank" rel="noopener" href="https://dart.dev/tools/pub/publishing">Publishing a package</a>
          </div>
        </div>
      </div>
    </div>
    <div id="banner-container"></div>
    <div class="_banner-bg">
      <div class="container">
        <form class="search-bar banner-item" action="/my-packages">
          <input class="input" name="q" placeholder="Search your packages" autocomplete="on" autofocus="autofocus"/>
          <button class="icon"></button>
          <input id="search-legacy-field" type="hidden" name="legacy" value="1" disabled="disabled"/>
        </form>
      </div>
    </div>
    <main class="container">
      <div class="detail-wrapper -active -has-info-box">
        <div class="detail-header">
          <div class="detail-container">
            <div class="detail-header-outer-block">
              <div class="detail-header-content-block">
                <h1 class="title">User hans@juergen.com</h1>
                <div class="metadata">Joined on Jan 1, 2014</div>
                <div class="detail-tags-and-like">
                  <div class="detail-tags"></div>
                  <div class="detail-like"></div>
                </div>
              </div>
            </div>
          </div>
        </div>
        <div class="detail-container">
          <div class="detail-lead">
            <div class="detail-metadata-toggle">
              <div class="detail-metadata-toggle-icon">→</div>
              <h3 class="detail-lead-title">Metadata</h3>
            </div>
            <p class="detail-lead-text"></p>
          </div>
        </div>
        <div class="detail-body">
          <div class="detail-tabs">
            <div class="detail-tabs-wide-header">
              <div class="detail-container">
                <ul class="detail-tabs-header">
                  <li class="detail-tab tab-link detail-tab-packages-title" data-name="-packages-tab-" role="button">
                    <a href="/my-packages">My packages</a>
                  </li>
                  <li class="detail-tab tab-button detail-tab-liked-packages-title -active" data-ga-click-event="tab:liked-packages" data-name="-liked-packages-tab-" role="button">My liked packages</li>
                  <li class="detail-tab tab-link detail-tab-publishers-title" data-name="-publishers-tab-" role="button">
                    <a href="/my-publishers">My publishers</a>
                  </li>
                </ul>
              </div>
            </div>
            <div class="detail-container detail-body-main">
              <div class="detail-tabs-content">
                <section class="tab-content -active" data-name="-liked-packages-tab-">
                  <p>You like 2 packages. </p>
                  <div class="packages -compact">
                    <div class="packages-item">
                      <div class="packages-header">
                        <h3 class="packages-title">
                          <a href="/packages/super_package">super_package</a>
                        </h3>
                        <div class="packages-icons">
                          <button class="mdc-button mdc-button--unelevated -pub-like-button" data-mdc-auto-init="MDCRipple" data-package="super_package" data-thumb_up_outlined="/static/img/thumb-up-24px.svg?hash=mocked_hash_808020279" data-thumb_up_filled="/static/img/thumb-up-filled-24px.svg?hash=mocked_hash_368133424">
                            <div class="mdc-button__ripple"></div>
                            <img class="mdc-button__icon -pub-like-button-img" src="/static/img/thumb-up-filled-24px.svg?hash=mocked_hash_368133424" aria-hidden="true"/>
                            <span class="mdc-button__label -pub-like-button-text">Unlike</span>
                          </button>
                        </div>
                      </div>
                      <p class="packages-metadata"> Liked on: 
                        <span>Nov 22, 2019</span>
                      </p>
                    </div>
                    <div class="packages-item">
                      <div class="packages-header">
                        <h3 class="packages-title">
                          <a href="/packages/another_package">another_package</a>
                        </h3>
                        <div class="packages-icons">
                          <button class="mdc-button mdc-button--unelevated -pub-like-button" data-mdc-auto-init="MDCRipple" data-package="another_package" data-thumb_up_outlined="/static/img/thumb-up-24px.svg?hash=mocked_hash_808020279" data-thumb_up_filled="/static/img/thumb-up-filled-24px.svg?hash=mocked_hash_368133424">
                            <div class="mdc-button__ripple"></div>
                            <img class="mdc-button__icon -pub-like-button-img" src="/static/img/thumb-up-filled-24px.svg?hash=mocked_hash_368133424" aria-hidden="true"/>
                            <span class="mdc-button__label -pub-like-button-text">Unlike</span>
                          </button>
                        </div>
                      </div>
                      <p class="packages-metadata"> Liked on: 
                        <span>Nov 22, 2019</span>
                      </p>
                    </div>
                  </div>
                </section>
              </div>
            </div>
          </div>
          <aside class="detail-info-box">
            <h3 class="title">Email</h3>
            <p>hans@juergen.com</p>
            <h3 class="title">Joined</h3>
            <p>Jan 1, 2014</p>
          </aside>
        </div>
      </div>
      <div class="detail-metadata">
        <h3 class="detail-metadata-title">
          <span class="detail-metadata-toggle">←</span> Metadata
        </h3>
        <div class="detail-info-box">
          <h3 class="title">Email</h3>
          <p>hans@juergen.com</p>
          <h3 class="title">Joined</h3>
          <p>Jan 1, 2014</p>
        </div>
      </div>
    </main>
    <footer class="site-footer">
      <a class="link" href="https://dart.dev/">Dart language</a>
      <a class="link sep" href="/policy">Policy</a>
      <a class="link sep" href="https://www.google.com/intl/en/policies/terms/">Terms</a>
      <a class="link sep" href="/security">Security</a>
      <a class="link sep" href="https://www.google.com/intl/en/policies/privacy/">Privacy</a>
      <a class="link sep" href="/help">Help</a>
      <a class="link sep icon" href="/feed.atom">
        <img src="/static/img/rss-feed-icon.svg?hash=mocked_hash_795155912" class="inline-icon" alt="RSS/atom feed" title="RSS/atom feed"/>
      </a>
      <a class="link icon github_issue" href="https://github.com/dart-lang/pub-dev/issues/new">
        <img src="/static/img/bug-report-white-96px.png?hash=mocked_hash_709947442" class="inline-icon" alt="Report an issue with this site" title="Report an issue with this site"/>
      </a>
    </footer>
  </body>
</html>
