<!DOCTYPE html>
<html lang="en-us">
  <head>
    <script src="https://www.googletagmanager.com/gtm.js?id=GTM-MX6DBN9" async="async"></script>
    <script src="/static/hash-%%etag%%/js/gtm.js" async="async"></script>
    <meta charset="utf-8"/>
    <meta http-equiv="x-ua-compatible" content="ie=edge"/>
    <meta name="viewport" content="width=device-width, initial-scale=1"/>
    <meta name="robots" content="noindex"/>
    <meta name="twitter:card" content="summary"/>
    <meta name="twitter:site" content="@dart_lang"/>
    <meta name="twitter:description" content="Pub is the package manager for the Dart programming language, containing reusable libraries &amp; packages for Flutter, AngularDart, and general Dart programs."/>
    <meta name="twitter:image" content="https://pub.dev/static/hash-%%etag%%/img/pub-dev-icon-cover-image.png"/>
    <meta property="og:type" content="website"/>
    <meta property="og:site_name" content="Dart packages"/>
    <meta property="og:title" content="My packages | starting with oxygen"/>
    <meta property="og:description" content="Pub is the package manager for the Dart programming language, containing reusable libraries &amp; packages for Flutter, AngularDart, and general Dart programs."/>
    <meta property="og:image" content="https://pub.dev/static/hash-%%etag%%/img/pub-dev-icon-cover-image.png"/>
    <title>My packages | starting with oxygen</title>
    <link rel="stylesheet" href="https://fonts.googleapis.com/css?family=Google+Sans:300,400,500|Google+Sans+Display:400|Roboto:300,400,500,700|Roboto+Mono:300,400,700&amp;display=swap"/>
    <meta content="/static/hash-%%etag%%/img/pub-dev-icon-cover-image.png"/>
    <link rel="shortcut icon" href="/favicon.ico?hash=mocked_hash_985685822"/>
    <link rel="search" type="application/opensearchdescription+xml" title="Dart packages" href="/osd.xml"/>
    <meta name="description" content="Pub is the package manager for the Dart programming language, containing reusable libraries &amp; packages for Flutter, AngularDart, and general Dart programs."/>
    <link rel="alternate" type="application/atom+xml" title="Updated Packages Feed for Pub" href="/feed.atom"/>
    <link rel="stylesheet" type="text/css" href="/static/hash-%%etag%%/material/material-components-web.min.css"/>
    <link rel="stylesheet" type="text/css" href="/static/hash-%%etag%%/css/style.css"/>
    <script src="/static/hash-%%etag%%/material/material-components-web.min.js" defer="defer"></script>
    <script src="/static/hash-%%etag%%/js/script.dart.js" defer="defer"></script>
    <meta name="google-signin-client_id" content=""/>
    <script src="https://apis.google.com/js/platform.js?onload=pubAuthInit" defer="defer"></script>
  </head>
  <body>
    <noscript>
      <iframe src="https://www.googletagmanager.com/ns.html?id=GTM-MX6DBN9" height="0" width="0" style="display:none;visibility:hidden"></iframe>
    </noscript>
    <div class="site-header">
      <button class="hamburger" aria-label="menu toggle"></button>
      <a class="logo" href="/">
        <img class="site-logo" src="/static/hash-%%etag%%/img/pub-dev-logo-2x.png" alt="pub logo" width="135" height="30"/>
      </a>
      <div class="site-header-space"></div>
      <div class="site-header-mask"></div>
      <div class="site-header-search">
        <form action="/packages" method="GET">
          <input class="site-header-search-input" name="q" placeholder="New search..." autocomplete="on"/>
        </form>
      </div>
      <div class="site-header-nav scroll-container">
        <div id="-account-profile" class="nav-container nav-my-container hoverable">
          <button class="nav-main-button">My pub.dev</button>
          <div class="nav-hover-popup">
            <div class="nav-table-column">
              <a class="nav-link" href="/my-publishers">Publishers</a>
              <a class="nav-link" href="/my-packages">Packages</a>
              <a class="nav-link" href="/my-liked-packages">Likes</a>
              <a class="nav-link" href="/my-activity-log">Activity log</a>
              <a class="nav-link" href="/create-publisher">Create publisher</a>
            </div>
          </div>
        </div>
        <div class="nav-container nav-help-container hoverable">
          <button class="nav-main-button">Help</button>
          <div class="nav-hover-popup">
            <div class="nav-table-columns">
              <div class="nav-table-column">
                <h3>Pub.dev</h3>
                <a class="nav-link" href="/help/search" rel="noopener" target="_blank">Searching for packages</a>
                <a class="nav-link" href="/help/scoring" rel="noopener" target="_blank">Package scoring and pub points</a>
              </div>
              <div class="nav-table-column">
                <h3>Flutter</h3>
                <a class="nav-link" href="https://flutter.io/using-packages/" rel="noopener" target="_blank">Using packages</a>
                <a class="nav-link" href="https://flutter.io/developing-packages/" rel="noopener" target="_blank">Developing packages and plugins</a>
                <a class="nav-link" href="https://dart.dev/tools/pub/publishing" rel="noopener" target="_blank">Publishing a package</a>
              </div>
              <div class="nav-table-column">
                <h3>Dart</h3>
                <a class="nav-link" href="https://dart.dev/tools/pub/get-started" rel="noopener" target="_blank">Using packages</a>
                <a class="nav-link" href="https://dart.dev/tools/pub/publishing" rel="noopener" target="_blank">Publishing a package</a>
              </div>
            </div>
          </div>
        </div>
        <div class="nav-container nav-help-container-mobile foldable">
          <h3 class="foldable-button">
            Pub.dev
            <img class="foldable-icon" src="/static/hash-%%etag%%/img/nav-mobile-foldable-icon.svg" alt="icon to toggle folding of the section" width="13" height="6"/>
          </h3>
          <div class="foldable-content">
            <a class="nav-link" href="/help/search" rel="noopener" target="_blank">Searching for packages</a>
            <a class="nav-link" href="/help/scoring" rel="noopener" target="_blank">Package scoring and pub points</a>
          </div>
        </div>
        <div class="nav-container nav-help-container-mobile foldable">
          <h3 class="foldable-button">
            Flutter
            <img class="foldable-icon" src="/static/hash-%%etag%%/img/nav-mobile-foldable-icon.svg" alt="icon to toggle folding of the section" width="13" height="6"/>
          </h3>
          <div class="foldable-content">
            <a class="nav-link" href="https://flutter.io/using-packages/" rel="noopener" target="_blank">Using packages</a>
            <a class="nav-link" href="https://flutter.io/developing-packages/" rel="noopener" target="_blank">Developing packages and plugins</a>
            <a class="nav-link" href="https://dart.dev/tools/pub/publishing" rel="noopener" target="_blank">Publishing a package</a>
          </div>
        </div>
        <div class="nav-container nav-help-container-mobile foldable">
          <h3 class="foldable-button">
            Dart
            <img class="foldable-icon" src="/static/hash-%%etag%%/img/nav-mobile-foldable-icon.svg" alt="icon to toggle folding of the section" width="13" height="6"/>
          </h3>
          <div class="foldable-content">
            <a class="nav-link" href="https://dart.dev/tools/pub/get-started" rel="noopener" target="_blank">Using packages</a>
            <a class="nav-link" href="https://dart.dev/tools/pub/publishing" rel="noopener" target="_blank">Publishing a package</a>
          </div>
        </div>
        <div class="nav-container nav-profile-container hoverable">
          <input class="nav-profile-img nav-profile-image-desktop" type="image" src="pub.dev/user-img-url.png" alt="Profile Image"/>
          <div class="nav-hover-popup">
            <div class="nav-table-column">
              <div class="nav-account-title-mobile">
                <img class="nav-profile-img nav-profile-img-mobile" src="pub.dev/user-img-url.png" alt="Profile Image" width="30" height="30"/>
                <div class="nav-account-title">
                  <div class="nav-account-name">Pub User</div>
                  <div class="nav-account-email">user@pub.dev</div>
                </div>
              </div>
              <div class="nav-separator"></div>
              <a id="-account-logout" class="nav-link">Sign out</a>
            </div>
          </div>
        </div>
      </div>
    </div>
    <div id="banner-container"></div>
    <main class="-wide-header-detail-page">
      <div class="detail-wrapper -active">
        <div class="detail-header">
          <div class="detail-container">
            <div class="detail-header-outer-block">
              <div class="detail-header-image-block">
                <img class="detail-header-image" src="pub.dev/user-img-url.png=s400" alt="user profile picture" width="200" height="200"/>
              </div>
              <div class="detail-header-content-block">
                <h1 class="title">Pub User</h1>
                <div class="metadata">
                  <p>user@pub.dev</p>
                  <p>
                    Joined
                    <span class="-x-ago" title="on %%oxygen-created-date%%">%%x-ago%%</span>
                  </p>
                </div>
              </div>
            </div>
          </div>
        </div>
        <div class="detail-body">
          <div class="detail-tabs">
            <div class="detail-tabs-wide-header">
              <div class="detail-container">
                <ul class="detail-tabs-header">
                  <li class="detail-tab tab-link detail-tab-my-publishers-title -private" role="button">
                    <a href="/my-publishers">Publishers</a>
                  </li>
                  <li class="detail-tab tab-button detail-tab-my-packages-title -active -private" role="button">Packages</li>
                  <li class="detail-tab tab-link detail-tab-my-liked-packages-title -private" role="button">
                    <a href="/my-liked-packages">Likes</a>
                  </li>
                  <li class="detail-tab tab-link detail-tab-my-activity-log-title -private" role="button">
                    <a href="/my-activity-log">Activity log</a>
                  </li>
                </ul>
              </div>
            </div>
            <div class="detail-container detail-body-main">
              <div class="detail-tabs-content">
                <section class="tab-content detail-tab-my-packages-content -active">
                  <p>
                    List of your packages without a verified publisher, starting with
                    <code>oxygen</code>
                    :
                  </p>
                  <div class="packages">
                    <div class="packages-item">
                      <div class="packages-header">
                        <h3 class="packages-title">
                          <a href="/packages/oxygen">oxygen</a>
                        </h3>
                        <div class="packages-recent">
                          <img class="packages-recent-icon" src="/static/hash-%%etag%%/img/schedule-icon.svg" alt="icon indicating recent time" width="10" height="10" title="new package"/>
                          Added
                          <b>%%x-ago%%</b>
                        </div>
                        <a class="packages-scores" href="/packages/oxygen/score">
                          <div class="packages-score packages-score-like">
                            <div class="packages-score-value -has-value">
                              <span class="packages-score-value-number">0</span>
                              <span class="packages-score-value-sign"></span>
                            </div>
                            <div class="packages-score-label">likes</div>
                          </div>
                          <div class="packages-score packages-score-health">
                            <div class="packages-score-value -has-value">
                              <span class="packages-score-value-number">43</span>
                              <span class="packages-score-value-sign"></span>
                            </div>
                            <div class="packages-score-label">pub points</div>
                          </div>
                          <div class="packages-score packages-score-popularity">
                            <div class="packages-score-value -has-value">
                              <span class="packages-score-value-number">3</span>
                              <span class="packages-score-value-sign">%</span>
                            </div>
                            <div class="packages-score-label">popularity</div>
                          </div>
                        </a>
                      </div>
                      <p class="packages-description">oxygen is awesome</p>
                      <p class="packages-metadata">
                        <span class="packages-metadata-block">
                          v
                          <a href="/packages/oxygen">1.2.0</a>
                          (
                          <span class="-x-ago" title="%%oxygen-created-date%%">%%x-ago%%</span>
                          ) /
                          <a href="/packages/oxygen/versions/2.0.0-dev">2.0.0-dev</a>
                          (
                          <span class="-x-ago" title="%%oxygen-created-date%%">%%x-ago%%</span>
                          )
                        </span>
                        <span class="packages-metadata-block">
                          <img class="packages-metadata-license-icon" src="/static/hash-%%etag%%/img/material-icon-balance-48.svg" alt="Icon for licenses." width="16" height="16"/>
                          BSD 3-clause
                        </span>
                      </p>
                      <div>
                        <div class="-pub-tag-badge">
                          <span class="tag-badge-main">SDK</span>
                          <a class="tag-badge-sub" href="/packages?q=sdk%3Adart" title="Packages compatible with Dart SDK">Dart</a>
                          <a class="tag-badge-sub" href="/packages?q=sdk%3Aflutter" title="Packages compatible with Flutter SDK">Flutter</a>
                        </div>
                        <div class="-pub-tag-badge">
                          <span class="tag-badge-main">Platform</span>
                          <a class="tag-badge-sub" href="/packages?q=platform%3Aandroid" title="Packages compatible with Android platform">Android</a>
                          <a class="tag-badge-sub" href="/packages?q=platform%3Aios" title="Packages compatible with iOS platform">iOS</a>
                          <a class="tag-badge-sub" href="/packages?q=platform%3Amacos" title="Packages compatible with macOS platform">macOS</a>
                          <a class="tag-badge-sub" href="/packages?q=platform%3Aweb" title="Packages compatible with Web platform">web</a>
                          <a class="tag-badge-sub" href="/packages?q=platform%3Awindows" title="Packages compatible with Windows platform">Windows</a>
                        </div>
                      </div>
                    </div>
                    <div class="packages-item">
                      <div class="packages-header">
                        <h3 class="packages-title">
                          <a href="/packages/neon">neon</a>
                        </h3>
                        <div class="packages-recent">
                          <img class="packages-recent-icon" src="/static/hash-%%etag%%/img/schedule-icon.svg" alt="icon indicating recent time" width="10" height="10" title="new package"/>
                          Added
                          <b>%%x-ago%%</b>
                        </div>
                        <a class="packages-scores" href="/packages/neon/score">
                          <div class="packages-score packages-score-like">
                            <div class="packages-score-value -has-value">
                              <span class="packages-score-value-number">0</span>
                              <span class="packages-score-value-sign"></span>
                            </div>
                            <div class="packages-score-label">likes</div>
                          </div>
                          <div class="packages-score packages-score-health">
                            <div class="packages-score-value -has-value">
                              <span class="packages-score-value-number">43</span>
                              <span class="packages-score-value-sign"></span>
                            </div>
                            <div class="packages-score-label">pub points</div>
                          </div>
                          <div class="packages-score packages-score-popularity">
                            <div class="packages-score-value -has-value">
                              <span class="packages-score-value-number">12</span>
                              <span class="packages-score-value-sign">%</span>
                            </div>
                            <div class="packages-score-label">popularity</div>
                          </div>
                        </a>
                      </div>
                      <p class="packages-description">neon is awesome</p>
                      <p class="packages-metadata">
                        <span class="packages-metadata-block">
                          v
                          <a href="/packages/neon">1.0.0</a>
                          (
                          <span class="-x-ago" title="%%oxygen-created-date%%">%%x-ago%%</span>
                          )
                        </span>
                        <span class="packages-metadata-block">
                          <img class="package-vp-icon" src="/static/hash-%%etag%%/img/verified-publisher-icon.svg" alt="shield icon for verified publishers" width="14" height="14" title="Published by a pub.dev verified publisher"/>
                          <a href="/publishers/example.com">example.com</a>
                        </span>
                        <span class="packages-metadata-block">
                          <img class="packages-metadata-license-icon" src="/static/hash-%%etag%%/img/material-icon-balance-48.svg" alt="Icon for licenses." width="16" height="16"/>
                          unknown
                        </span>
                      </p>
                      <div>
                        <div class="-pub-tag-badge">
                          <span class="tag-badge-main">SDK</span>
                          <a class="tag-badge-sub" href="/packages?q=sdk%3Adart" title="Packages compatible with Dart SDK">Dart</a>
                          <a class="tag-badge-sub" href="/packages?q=sdk%3Aflutter" title="Packages compatible with Flutter SDK">Flutter</a>
                        </div>
                        <div class="-pub-tag-badge">
                          <span class="tag-badge-main">Platform</span>
                          <a class="tag-badge-sub" href="/packages?q=platform%3Aandroid" title="Packages compatible with Android platform">Android</a>
                          <a class="tag-badge-sub" href="/packages?q=platform%3Aios" title="Packages compatible with iOS platform">iOS</a>
                          <a class="tag-badge-sub" href="/packages?q=platform%3Alinux" title="Packages compatible with Linux platform">Linux</a>
                          <a class="tag-badge-sub" href="/packages?q=platform%3Amacos" title="Packages compatible with macOS platform">macOS</a>
                          <a class="tag-badge-sub" href="/packages?q=platform%3Aweb" title="Packages compatible with Web platform">web</a>
                          <a class="tag-badge-sub" href="/packages?q=platform%3Awindows" title="Packages compatible with Windows platform">Windows</a>
                        </div>
                      </div>
                    </div>
                  </div>
                  <div>
                    <a class="link-button" href="/my-packages?next=package_after_neon">Next...</a>
                  </div>
                </section>
              </div>
            </div>
          </div>
        </div>
      </div>
    </main>
    <footer class="site-footer">
      <a class="link" href="https://dart.dev/">Dart language</a>
      <a class="link sep" href="/policy">Policy</a>
      <a class="link sep" href="https://www.google.com/intl/en/policies/terms/">Terms</a>
      <a class="link sep" href="https://developers.google.com/terms/">API Terms</a>
      <a class="link sep" href="/security">Security</a>
      <a class="link sep" href="https://www.google.com/intl/en/policies/privacy/">Privacy</a>
      <a class="link sep" href="/help">Help</a>
      <a class="link icon sep" href="/feed.atom">
        <img class="inline-icon" src="/static/hash-%%etag%%/img/rss-feed-icon.svg" alt="RSS icon" width="20" height="20" title="RSS/atom feed"/>
      </a>
      <a class="link icon github_issue" href="https://github.com/dart-lang/pub-dev/issues/new">
        <img class="inline-icon" src="/static/hash-%%etag%%/img/bug-report-white-96px.png" alt="bug report icon" width="20" height="20" title="Report an issue with this site"/>
      </a>
    </footer>
  </body>
</html>
