
<div class="pagination">
  <ul>
      <li class="disabled">
        <span>&laquo;</span>
      </li>
      <li class="active">
        <span>1</span>
      </li>
      <li class="">
        <a href="/packages?page=2">
          <span>2</span>
        </a>
      </li>
      <li class="">
        <a href="/packages?page=3">
          <span>3</span>
        </a>
      </li>
      <li class="">
        <a href="/packages?page=4">
          <span>4</span>
        </a>
      </li>
      <li class="">
        <a href="/packages?page=5">
          <span>5</span>
        </a>
      </li>
      <li class="">
        <a href="/packages?page=6">
          <span>6</span>
        </a>
      </li>
      <li class="">
        <a href="/packages?page=2">
          <span>&raquo;</span>
        </a>
      </li>
  </ul>
</div>
