<fragment>
  <ul class="pagination">
    <li class="-disabled">
      <a href="">
        <span>«</span>
      </a>
    </li>
    <li class="-active">
      <a href="">
        <span>1</span>
      </a>
    </li>
    <li class="-disabled">
      <a href="">
        <span>»</span>
      </a>
    </li>
  </ul>
</fragment>
