<!DOCTYPE html>
<html lang="en-us">
  <head>
    <script async="async" src="https://www.googletagmanager.com/gtag/js?id=UA-26406144-13"></script>
    <script src="/static/js/gtag.js?hash=mocked_hash_221832925"></script>
    <meta charset="utf-8"/>
    <meta http-equiv="x-ua-compatible" content="ie=edge"/>
    <meta name="viewport" content="width=device-width, initial-scale=1"/>
    <!-- Twitter tags -->
    <meta name="twitter:card" content="summary"/>
    <meta name="twitter:site" content="@dart_lang"/>
    <meta name="twitter:description" content="lithium is a Dart package"/>
    <meta name="twitter:image" content="https://pub.dev/static/img/pub-dev-icon-cover-image.png?hash=mocked_hash_355802124"/>
    <!-- Facebook OG tags -->
    <meta property="og:type" content="website"/>
    <meta property="og:site_name" content="Dart packages"/>
    <meta property="og:title" content="lithium | Dart Package"/>
    <meta property="og:description" content="lithium is a Dart package"/>
    <meta property="og:image" content="https://pub.dev/static/img/pub-dev-icon-cover-image.png?hash=mocked_hash_355802124"/>
    <meta property="og:url" content="https://pub.dev/packages/lithium"/>
    <title>lithium | Dart Package</title>
    <link href="https://fonts.googleapis.com/css?family=Google+Sans:300,400,500|Google+Sans+Display:400|Roboto:300,400,500,700|Roboto+Mono:300,400,700" rel="stylesheet"/>
    <meta content="/static/img/pub-dev-icon-cover-image.png?hash=mocked_hash_355802124"/>
    <link rel="shortcut icon" href="/favicon.ico?hash=mocked_hash_985685822"/>
    <link rel="search" type="application/opensearchdescription+xml" title="Dart packages" href="/static/osd.xml?hash=mocked_hash_869379763"/>
    <meta name="description" content="lithium is a Dart package"/>
    <link rel="alternate" type="application/atom+xml" title="Updated Packages Feed for Pub" href="/feed.atom"/>
    <link href="/static/material/material-components-web.min.css?hash=mocked_hash_335393842" rel="stylesheet" type="text/css"/>
    <link href="/static/highlight/github.css?hash=mocked_hash_145446167" rel="stylesheet"/>
    <link href="/static/css/github-markdown.css?hash=mocked_hash_488759485" rel="stylesheet" type="text/css"/>
    <link href="/static/css/style.css?hash=mocked_hash_537099079" rel="stylesheet" type="text/css"/>
    <script src="/static/material/material-components-web.min.js?hash=mocked_hash_942790516" defer="defer"></script>
    <script src="/static/js/script.dart.js?hash=mocked_hash_573569793" defer="defer"></script>
    <meta name="google-signin-client_id" content=""/>
    <script src="https://apis.google.com/js/platform.js?onload=pubAuthInit" defer="defer"></script>
    <meta name="pub-page-data" content="eyJwa2dEYXRhIjp7InBhY2thZ2UiOiJsaXRoaXVtIiwidmVyc2lvbiI6IjUuOC42IiwibGlrZXMiOjAsInB1Ymxpc2hlcklkIjoiZXhhbXBsZS5jb20iLCJpc0Rpc2NvbnRpbnVlZCI6ZmFsc2V9fQ=="/>
  </head>
  <body class="non-experimental">
    <div class="site-header">
      <button class="hamburger"></button>
      <a class="logo" href="/">
        <img class="site-logo" src="/static/img/pub-dev-logo-2x.png?hash=mocked_hash_685890546" alt="pub logo"/>
      </a>
      <div class="site-header-space"></div>
      <div class="site-header-mask"></div>
      <div class="site-header-nav scroll-container">
        <div class="nav-login-container">
          <button class="nav-main-button link" id="-account-login">Sign in</button>
        </div>
        <div class="nav-container nav-help-container hoverable">
          <button class="nav-main-button">Help</button>
          <div class="nav-hover-popup">
            <div class="nav-table-columns">
              <div class="nav-table-column">
                <h3>Pub.dev</h3>
                <a class="nav-link" target="_blank" rel="noopener" href="/help/search">Searching for packages</a>
                <a class="nav-link" target="_blank" rel="noopener" href="/help/scoring">Package scoring and pub points</a>
              </div>
              <div class="nav-table-column">
                <h3>Flutter</h3>
                <a class="nav-link" target="_blank" rel="noopener" href="https://flutter.io/using-packages/">Using packages</a>
                <a class="nav-link" target="_blank" rel="noopener" href="https://flutter.io/developing-packages/">Developing packages and plugins</a>
                <a class="nav-link" target="_blank" rel="noopener" href="https://dart.dev/tools/pub/publishing">Publishing a package</a>
              </div>
              <div class="nav-table-column">
                <h3>Dart</h3>
                <a class="nav-link" target="_blank" rel="noopener" href="https://dart.dev/tools/pub/get-started">Using packages</a>
                <a class="nav-link" target="_blank" rel="noopener" href="https://dart.dev/tools/pub/publishing">Publishing a package</a>
              </div>
            </div>
          </div>
        </div>
        <div class="nav-container nav-help-container-mobile foldable">
          <h3 class="foldable-button">Pub.dev 
            <img class="foldable-icon" src="/static/img/nav-mobile-foldable-icon.svg?hash=mocked_hash_806401648"/>
          </h3>
          <div class="foldable-content">
            <a class="nav-link" target="_blank" rel="noopener" href="/help/search">Searching for packages</a>
            <a class="nav-link" target="_blank" rel="noopener" href="/help/scoring">Package scoring and pub points</a>
          </div>
        </div>
        <div class="nav-container nav-help-container-mobile foldable">
          <h3 class="foldable-button">Flutter 
            <img class="foldable-icon" src="/static/img/nav-mobile-foldable-icon.svg?hash=mocked_hash_806401648"/>
          </h3>
          <div class="foldable-content">
            <a class="nav-link" target="_blank" rel="noopener" href="https://flutter.io/using-packages/">Using packages</a>
            <a class="nav-link" target="_blank" rel="noopener" href="https://flutter.io/developing-packages/">Developing packages and plugins</a>
            <a class="nav-link" target="_blank" rel="noopener" href="https://dart.dev/tools/pub/publishing">Publishing a package</a>
          </div>
        </div>
        <div class="nav-container nav-help-container-mobile foldable">
          <h3 class="foldable-button">Dart 
            <img class="foldable-icon" src="/static/img/nav-mobile-foldable-icon.svg?hash=mocked_hash_806401648"/>
          </h3>
          <div class="foldable-content">
            <a class="nav-link" target="_blank" rel="noopener" href="https://dart.dev/tools/pub/get-started">Using packages</a>
            <a class="nav-link" target="_blank" rel="noopener" href="https://dart.dev/tools/pub/publishing">Publishing a package</a>
          </div>
        </div>
      </div>
    </div>
    <div id="banner-container"></div>
    <main class="container">
      <div class="detail-wrapper -active -has-info-box">
        <div class="detail-header -is-loose">
          <div class="detail-container">
            <div class="detail-header-outer-block">
              <div class="detail-header-content-block">
                <h1 class="title">lithium 5.8.6</h1>
                <div class="metadata">
Published 
                  <span>Mar 5, 2014</span>
• 
                  <a class="-pub-publisher" href="/publishers/example.com">
                    <img class="-pub-publisher-shield" title="Published by a pub.dev verified publisher" src="/static/img/verified-publisher-blue.svg"/>example.com
                  </a>
                </div>
                <div class="detail-tags-and-like">
                  <div class="detail-tags">
                    <span class="package-tag missing" title="Analysis should be ready soon.">[awaiting]</span>
                  </div>
                  <div class="detail-like">
                    <button id="-pub-like-icon-button" class="mdc-icon-button" aria-label="Like this package" data-ga-click-event="toggle-like" aria-hidden="true" aria-pressed="true">
                      <img height="18" width="18" src="/static/img/like-inactive.svg?hash=mocked_hash_1066096316" class="mdc-icon-button__icon"/>
                      <img height="18" width="18" src="/static/img/like-active.svg?hash=mocked_hash_986617859" class="mdc-icon-button__icon mdc-icon-button__icon--on"/>
                    </button>
                    <span class="likes-count">
                      <span id="likes-count">0</span>
                    </span>
                  </div>
                </div>
              </div>
            </div>
          </div>
        </div>
        <div class="detail-container">
          <div class="detail-lead">
            <div class="detail-metadata-toggle">
              <div class="detail-metadata-toggle-icon">→</div>
              <h3 class="detail-lead-title">Metadata</h3>
            </div>
            <p class="detail-lead-text">lithium is a Dart package</p>
          </div>
        </div>
        <div class="detail-body">
          <div class="detail-tabs">
            <div class="detail-tabs-wide-header">
              <div class="detail-container">
                <ul class="detail-tabs-header">
                  <li class="detail-tab tab-button detail-tab-readme-title -active" role="button">Readme</li>
                  <li class="detail-tab tab-link detail-tab-changelog-title" role="button">
                    <a href="/packages/lithium#-changelog-tab-">Changelog</a>
                  </li>
                  <li class="detail-tab tab-link detail-tab-installing-title" role="button">
                    <a href="/packages/lithium#-installing-tab-">Installing</a>
                  </li>
                  <li class="detail-tab tab-link detail-tab-versions-title" role="button">
                    <a href="/packages/lithium/versions">Versions</a>
                  </li>
                  <li class="detail-tab tab-link detail-tab-analysis-title" role="button">
                    <a href="/packages/lithium#-analysis-tab-">Scores</a>
                  </li>
                </ul>
              </div>
            </div>
            <div class="detail-container detail-body-main">
              <div class="detail-tabs-content">
                <section class="tab-content -active markdown-body">
                  <h1 class="hash-header" id="lithium">lithium 
                    <a href="#lithium" class="hash-link">#</a>
                  </h1>
                  <p>lithium is a Dart package</p>
                </section>
              </div>
            </div>
          </div>
          <aside class="detail-info-box">
            <a class="packages-scores" href="/packages/lithium#-analysis-tab-">
              <div class="packages-score packages-score-like">
                <div class="packages-score-value -has-value">
                  <span class="packages-score-value-number">0</span>
                  <span class="packages-score-value-sign"></span>
                </div>
                <div class="packages-score-label">likes</div>
              </div>
              <div class="packages-score packages-score-health">
                <div class="packages-score-value">
                  <span class="packages-score-value-number">--</span>
                  <span class="packages-score-value-sign"></span>
                </div>
                <div class="packages-score-label">pub points</div>
              </div>
              <div class="packages-score packages-score-popularity">
                <div class="packages-score-value">
                  <span class="packages-score-value-number">--</span>
                  <span class="packages-score-value-sign">%</span>
                </div>
                <div class="packages-score-label">popularity</div>
              </div>
            </a>
            <h3 class="title">Publisher</h3>
            <p>
              <a href="/publishers/example.com">
                <img class="-pub-publisher-shield" title="Published by a pub.dev verified publisher" src="/static/img/verified-publisher-blue.svg?hash=mocked_hash_919645162"/>example.com
              </a>
            </p>
            <h3 class="title pkg-infobox-metadata">Metadata</h3>
            <p>lithium is a Dart package</p>
            <p>
              <a class="link" href="https://example.com/lithium">Homepage</a>
              <br/>
            </p>
            <h3 class="title">More</h3>
            <p>
              <a href="/packages?q=dependency%3Alithium" rel="nofollow">Packages that depend on lithium</a>
            </p>
          </aside>
        </div>
        <script type="application/ld+json">
{"@context":"http://schema.org","@type":"SoftwareSourceCode","name":"lithium","version":"5.8.6","description":"lithium - lithium is a Dart package","url":"https://pub.dev/packages/lithium","dateCreated":"2014-01-07T09:06:00.000","dateModified":"2014-03-05T06:15:00.000","programmingLanguage":"Dart","image":"https://pub.dev/static/img/pub-dev-icon-cover-image.png"}
</script>
      </div>
      <div class="detail-metadata">
        <h3 class="detail-metadata-title">
          <span class="detail-metadata-toggle">←</span> Metadata
        </h3>
        <div class="detail-info-box">
          <a class="packages-scores" href="/packages/lithium#-analysis-tab-">
            <div class="packages-score packages-score-like">
              <div class="packages-score-value -has-value">
                <span class="packages-score-value-number">0</span>
                <span class="packages-score-value-sign"></span>
              </div>
              <div class="packages-score-label">likes</div>
            </div>
            <div class="packages-score packages-score-health">
              <div class="packages-score-value">
                <span class="packages-score-value-number">--</span>
                <span class="packages-score-value-sign"></span>
              </div>
              <div class="packages-score-label">pub points</div>
            </div>
            <div class="packages-score packages-score-popularity">
              <div class="packages-score-value">
                <span class="packages-score-value-number">--</span>
                <span class="packages-score-value-sign">%</span>
              </div>
              <div class="packages-score-label">popularity</div>
            </div>
          </a>
          <h3 class="title">Publisher</h3>
          <p>
            <a href="/publishers/example.com">
              <img class="-pub-publisher-shield" title="Published by a pub.dev verified publisher" src="/static/img/verified-publisher-blue.svg?hash=mocked_hash_919645162"/>example.com
            </a>
          </p>
          <h3 class="title pkg-infobox-metadata">Metadata</h3>
          <p>lithium is a Dart package</p>
          <p>
            <a class="link" href="https://example.com/lithium">Homepage</a>
            <br/>
          </p>
          <h3 class="title">More</h3>
          <p>
            <a href="/packages?q=dependency%3Alithium" rel="nofollow">Packages that depend on lithium</a>
          </p>
        </div>
      </div>
    </main>
    <footer class="site-footer">
      <a class="link" href="https://dart.dev/">Dart language</a>
      <a class="link sep" href="/policy">Policy</a>
      <a class="link sep" href="https://www.google.com/intl/en/policies/terms/">Terms</a>
      <a class="link sep" href="/security">Security</a>
      <a class="link sep" href="https://www.google.com/intl/en/policies/privacy/">Privacy</a>
      <a class="link sep" href="/help">Help</a>
      <a class="link sep icon" href="/feed.atom">
        <img src="/static/img/rss-feed-icon.svg?hash=mocked_hash_795155912" class="inline-icon" alt="RSS/atom feed" title="RSS/atom feed"/>
      </a>
      <a class="link icon github_issue" href="https://github.com/dart-lang/pub-dev/issues/new">
        <img src="/static/img/bug-report-white-96px.png?hash=mocked_hash_709947442" class="inline-icon" alt="Report an issue with this site" title="Report an issue with this site"/>
      </a>
    </footer>
    <script src="/static/highlight/highlight.pack.js?hash=mocked_hash_252154265"></script>
    <script src="/static/highlight/init.js?hash=mocked_hash_180963889"></script>
  </body>
</html>
