<!DOCTYPE html>
<html lang="en-us">
<head>
  <script async src="https://www.googletagmanager.com/gtag/js?id=UA-26406144-13"></script>
  <script>
    window.dataLayer = window.dataLayer || [];
    function gtag(){dataLayer.push(arguments);}
    gtag('js', new Date());
    gtag('config', 'UA-26406144-13');
  </script>
  <meta charset="utf-8" />
  <meta http-equiv="x-ua-compatible" content="ie=edge" />
  <meta name="viewport" content="width=device-width, initial-scale=1" />
  <meta name="twitter:card" content="summary" />
  <meta name="twitter:site" content="@dart_lang" />
  <meta property="og:site_name" content="Dart Packages" />
  <title>foobar_pkg | Dart Package</title>
  <meta property="og:title" content="foobar_pkg | Dart Package" />
  <link href="https://fonts.googleapis.com/css?family=Roboto:300,400,500,700" rel="stylesheet" />
  <meta itemprop="image" content="/static/img/dart-logo-400x400.png" />
  <meta property="og:image" content="/static/img/dart-logo-400x400.png" />
  <link rel="shortcut icon" href="/static/favicon.ico" />
  <meta name="description" content="foobar_pkg Dart package - my package description" />
  <meta property="og:description" content="foobar_pkg Dart package - my package description" />
  <link rel="alternate" type="application/atom+xml" title="Updated Packages Feed for Pub" href="/feed.atom" />
  <link href="/static/highlight/github.css" rel="stylesheet" />
  <link href="/static/css/style.css?hash=m0768jjq1tbl9kd7a0pm5b7cpt6kf6lf" rel="stylesheet" type="text/css" />
  <script src="/static/js/script.dart.js?hash=dpnjl27j3qcb445c0v5519t0j84ob0km" defer></script>
  <script async="" defer="" src="//www.google.com/insights/consumersurveys/async_survey?site=5wdvu4vc5lhop3xbatxof6lzcm"></script>
</head>
<body>
<header class="site-header">
  <h1 class="_visuallyhidden">Dart pub</h1>
  <button class="hamburger"></button>
  <div class="mask"></div>
  <div class="nav-wrap">
    <div class="nav-header"><a class="logo" href="/"><img src="/static/img/dart-logo.svg" alt="dart pub logo"></a>
      <div class="_flex-space"></div>
      <button class="close"></button>
    </div>
    <nav class="site-nav">
      <span>Getting Started:</span>
      <div class="sub-wrap hoverable">
        <button class="button">Flutter</button>
        <div class="sub-nav">
          <a class="link" target="_blank" href="https://flutter.io/using-packages/">Using Packages</a>
          <a class="link" target="_blank" href="https://flutter.io/developing-packages/">Developing Packages and Plugins</a>
        </div>
      </div>
      <div class="sub-wrap hoverable">
        <button class="button">Web &amp; Server</button>
        <div class="sub-nav">
          <a class="link" target="_blank" href="https://www.dartlang.org/tools/pub/get-started">Using Packages</a>
          <a class="link" target="_blank" href="https://www.dartlang.org/tools/pub/publishing">Publishing a Package</a>
          <a class="link" target="_blank" href="https://www.dartlang.org/tools/pub">Overview</a>
        </div>
      </div>
    </nav>
  </div>
</header>

  <div class="_banner-bg">
    <main class="package-banner">
      <form class="search-bar" action="/packages">
        <input class="input" name="q" placeholder="Search Dart packages" autocomplete="on" autofocus />
        <button class="icon"></button>
      </form>
    </main>
  </div>



<main>
  
<div class="package-header">
  <h2 class="title">foobar_pkg 0.1.1</h2>
  <div class="metadata">
    Published <span>Jan 1, 2014</span>
    <!-- &bull; Downloads: X -->
    <div class="tags">    <a class="package-tag unidentified" href="#-analysis-tab-" title="Check the analysis tab for further details.">[unidentified]</a>
</div>
  </div>
</div>

<div class="package-container">
  <div class="main tabs-content">
    <ul class="package-tabs js-tabs">
        <li class="tab -active" data-name="-readme-tab-">README.md</li>
        <li class="tab " data-name="-changelog-tab-">CHANGELOG.md</li>
        <li class="tab " data-name="-example-tab-">Example</li>
      <li class="tab " data-name="-installing-tab-">Installing</li>
      <li class="tab" data-name="-versions-tab-">Versions</li>
      <li class="tab" data-name="-analysis-tab-">
        <div class="score-box"><span class="number -rotten" title="Analysis and more details.">0</span></div>
      </li>
    </ul>
      <section class="content -active js-content markdown-body" data-name="-readme-tab-">
        <h1 id="test-package">Test Package</h1>
<p>This is a readme file.</p>
<pre><code class="language-dart">void main() {
}
</code></pre>

      </section>
      <section class="content  js-content markdown-body" data-name="-changelog-tab-">
        <h1 id="changelog">Changelog</h1>
<p>0.1.1 - test package</p>

      </section>
      <section class="content  js-content markdown-body" data-name="-example-tab-">
        <p style="font-family: monospace"><b>example&#47;lib&#47;main.dart</b></p>
<pre><code class="language-dart">main() {
  print('Hello world!');
}
</code></pre>

      </section>
    <section class="content  js-content markdown-body" data-name="-installing-tab-">
      <h3>1. Depend on it</h3>
      <p>Add this to your package's pubspec.yaml file:</p>
      <pre><code class="language-yaml">
dependencies:
  <strong>foobar_pkg: &quot;^0.1.1&quot;</strong>

</code></pre>
      <h3>2. Install it</h3>
      <p>You can install packages from the command line:</p>
        <p>with pub:</p>
  <pre><code class="language-shell">
$ <strong>pub get</strong>

</code></pre>
<p>Alternatively, your editor might support <code>pub get</code>.
  Check the docs for your editor to learn more.</p>

        <h3>3. Import it</h3>
        <p>Now in your Dart code, you can use:
        </p>
        <pre><code class="language-dart">
import 'package:foobar_pkg/foolib.dart';
        </code></pre>
    </section>
    <section class="content js-content markdown-body" data-name="-versions-tab-">
      <table class="version-table">
        <thead>
        <tr>
          <th>Version</th>
          <th>Uploaded</th>
          <th class="documentation" width="60">Documentation</th>
          <th class="archive" width="60">Archive</th>
        </tr>
        </thead>
        
<tr>
  <td><strong><a href="/packages/foobar_pkg/versions/0.1.1">0.1.1</a></strong></td>
  <td>Jan 1, 2014</td>
  <td class="documentation">
    <a href="https://pub.dartlang.org/documentation/foobar_pkg/0.1.1/"
       title="Go to the documentation of foobar_pkg 0.1.1">
      <img src="/static/img/ic_drive_document_black_24dp.svg" alt="Go to the documentation of foobar_pkg 0.1.1" />
    </a>
  </td>
  <td class="archive">
    <a href="http://dart-example.com/"
       title="Download foobar_pkg 0.1.1 archive">
      <img src="/static/img/ic_get_app_black_24dp.svg" alt="Download foobar_pkg 0.1.1 archive" />
    </a>
  </td>
</tr>

      </table>
    </section>
    <section class="content js-content markdown-body" data-name="-analysis-tab-">
      <h2>Analysis</h2>

<p>
  We analyzed this package on Feb 5, 2018, and provided a score, details, and suggestions below.
  Analysis was completed with status <i>completed</i> using:
</p>

<ul>
  <li>Dart: 2.0.0-dev.7.0</li>
  <li>pana: 0.6.2</li>
<li>Flutter: 0.0.18</li>
</ul>

<hr />

<h4>Scores</h4>

<table id='scores-table'>
  <tr>
    <td class="score-name">
      <div class="tooltip-base hoverable">
        <span class="tooltip-dotted">Popularity:</span>
        <div class="tooltip-content">
          Describes how popular the package is relative to other packages.
          <a href="/help#popularity">[more]</a>
        </div>
      </div>
    </td>
    <td class="score-value">--</td>
    <td class="score-range">/ 100</td>
  </tr>
  <tr>
    <td class="score-name">
      <div class="tooltip-base hoverable">
        <span class="tooltip-dotted">Health:</span>
        <div class="tooltip-content">
          Code health derived from static analysis.
          <a href="/help#health">[more]</a>
        </div>
      </div>
    </td>
    <td class="score-value">--</td>
    <td class="score-range">/ 100</td>
  </tr>
  <tr>
    <td class="score-name">
      <div class="tooltip-base hoverable">
        <span class="tooltip-dotted">Maintenance:</span>
        <div class="tooltip-content">
          Reflects how tidy and up-to-date the package is.
          <a href="/help#maintenance">[more]</a>
        </div>
      </div>
    </td>
    <td class="score-value">--</td>
    <td class="score-range">/ 100</td>
  </tr>
  <tr>
    <td class="score-name">
      <div class="tooltip-base hoverable">
        <span class="tooltip-dotted"><b>Overall score:</b></span>
        <div class="tooltip-content">
          Weighted score of the above.
          <a href="/help#overall-score">[more]</a>
        </div>
      </div>
    </td>
    <td><div class="score-box"><span class="number -rotten" title="Analysis and more details.">0</span></div></td>
  </tr>
</table>

Learn more about <a href="/help#scoring">scoring</a>.

<h4>Platforms</h4>

<p>Detected platforms: <i>unsure</i></p>
<blockquote></blockquote>


<h4>Dependencies</h4>
<div class="overflow-x">
<table class="dependency-table">
  <tr>
    <th>Package</th>
    <th>Constraint</th>
    <th>Resolved</th>
    <th>Available</th>
  </tr>
  <tr>
    <th colspan="4" class="sub-header">Direct dependencies</th>
  </tr>
  <tr>
    <td><a href="/packages/quiver">quiver</a></td>
    <td>^1.0.0</td>
    <td>1.0.0</td>
    <td></td>
  </tr>
  <tr>
    <td><a href="/packages/http">http</a></td>
    <td>&gt;=1.0.0 &lt;1.2.0</td>
    <td>1.2.0</td>
    <td>1.3.0</td>
  </tr>



</table>
</div>

    </section>
  </div>

  <aside class="sidebar sidebar-content">
      <h3 class="title">About</h3>
      <p>my package description</p>

    <h3 class="title">Author</h3>
    <div><span class="author"><a href="mailto:hans@juergen.com" title="Email hans@juergen.com"><i class="email-icon"></i></a> <a href="/packages?q=email%3Ahans%40juergen.com" title="Search packages with hans@juergen.com" rel="nofollow"><i class="search-icon"></i></a> Hans Juergen</span></div>

      <h3 class="title">Homepage</h3>
      <a class="link" href="http://hans.juergen.com">hans.juergen.com</a>

      <h3 class="title">Documentation</h3>
      <a class="link" href="https://pub.dartlang.org/documentation/foobar_pkg/0.1.1/">pub.dartlang.org&#x2F;documentation&#x2F;foobar_pkg&#x2F;0.1.1&#x2F;</a>

    <h3 class="title">Uploader</h3>
    <p><span class="author"><a href="mailto:hans@juergen.com" title="Email hans@juergen.com"><i class="email-icon"></i></a> <a href="/packages?q=email%3Ahans%40juergen.com" title="Search packages with hans@juergen.com" rel="nofollow"><i class="search-icon"></i></a> hans@juergen.com</span></p>

      <h3 class="title">License</h3>
      <p>BSD (LICENSE.txt)</p>

      <h3 class="title">Dependencies</h3>
      <p><a href="/packages/http">http</a>, <a href="/packages/quiver">quiver</a></p>

    <h3 class="title">More</h3>
    <p><a href="/packages?q=dependency%3Afoobar_pkg" rel="nofollow">Packages that depend on foobar_pkg</a></p>
  </aside>
</div>

<script type="application/ld+json">
{"@context":"http://schema.org","@type":"SoftwareSourceCode","name":"foobar_pkg","version":"0.1.1","description":"foobar_pkg - my package description","url":"https://pub.dartlang.org/packages/foobar_pkg","dateCreated":"2014-01-01T00:00:00.000Z","dateModified":"2014-01-01T00:00:00.000Z","programmingLanguage":"Dart","image":"https://pub.dartlang.org/static/img/dart-logo-400x400.png"}
</script>

</main>

<footer class="site-footer">
  <a class="link" href="https://www.dartlang.org/">Dart language</a>
  <a class="link" href="https://www.google.com/intl/en/policies/terms/">Terms</a>
  <a class="link" href="https://www.google.com/intl/en/policies/privacy/">Privacy</a>
  <a class="link" href="/help">Help</a>
  <a class="link github_issue" href="https://github.com/dart-lang/pub-dartlang-dart/issues/new">Report an issue</a>
</footer>
<script src="/static/highlight/highlight.pack.js"></script>
<script>hljs.initHighlightingOnLoad();</script>
</body>
</html>
