<!DOCTYPE html>
<html lang="en-us">
<head>
  <script async src="https://www.googletagmanager.com/gtag/js?id=UA-26406144-13"></script>
  <script>
    window.dataLayer = window.dataLayer || [];
    function gtag(){dataLayer.push(arguments);}
    gtag('js', new Date());
    gtag('config', 'UA-26406144-13');
  </script>
  <meta charset="utf-8" />
  <meta http-equiv="x-ua-compatible" content="ie=edge" />
  <meta name="viewport" content="width=device-width, initial-scale=1" />
  <meta name="robots" content="noindex" />
  <meta name="twitter:card" content="summary" />
  <meta name="twitter:site" content="@dart_lang" />
  <meta property="og:site_name" content="Dart Packages" />
  <title>Top Dart packages</title>
  <meta property="og:title" content="Top Dart packages" />
  <link href="https://fonts.googleapis.com/css?family=Roboto:300,400,500,700" rel="stylesheet" />
  <meta itemprop="image" content="/static/img/dart-logo-400x400.png" />
  <meta property="og:image" content="/static/img/dart-logo-400x400.png" />
  <link rel="shortcut icon" href="/static/favicon.ico" />
  <meta name="description" content="Pub is the package manager for the Dart programming language, containing reusable libraries &amp; packages for Flutter, AngularDart, and general Dart programs." />
  <meta property="og:description" content="Pub is the package manager for the Dart programming language, containing reusable libraries &amp; packages for Flutter, AngularDart, and general Dart programs." />
  <link rel="alternate" type="application/atom+xml" title="Updated Packages Feed for Pub" href="/feed.atom" />
  <link href="/static/highlight/github.css" rel="stylesheet" />
  <link href="/static/css/style.css?hash=mocked_hash_714113458" rel="stylesheet" type="text/css" />
  <script src="/static/js/script.dart.js?hash=mocked_hash_918742474" defer></script>
  <script async="" defer="" src="//www.google.com/insights/consumersurveys/async_survey?site=5wdvu4vc5lhop3xbatxof6lzcm"></script>
</head>
<body>
<header class="site-header">
  <h1 class="_visuallyhidden">Dart pub</h1>
  <button class="hamburger"></button>
  <div class="mask"></div>
  <div class="nav-wrap">
    <div class="nav-header"><a class="logo" href="/"><img src="/static/img/dart-logo.svg" alt="dart pub logo"></a>
      <div class="_flex-space"></div>
      <button class="close"></button>
    </div>
    <nav class="site-nav">
      <span>Getting Started:</span>
      <div class="sub-wrap hoverable">
        <button class="button">Flutter</button>
        <div class="sub-nav">
          <a class="link" target="_blank" href="https://flutter.io/using-packages/">Using Packages</a>
          <a class="link" target="_blank" href="https://flutter.io/developing-packages/">Developing Packages and Plugins</a>
        </div>
      </div>
      <div class="sub-wrap hoverable">
        <button class="button">Web &amp; Server</button>
        <div class="sub-nav">
          <a class="link" target="_blank" href="https://www.dartlang.org/tools/pub/get-started">Using Packages</a>
          <a class="link" target="_blank" href="https://www.dartlang.org/tools/pub/publishing">Publishing a Package</a>
          <a class="link" target="_blank" href="https://www.dartlang.org/tools/pub">Overview</a>
        </div>
      </div>
    </nav>
  </div>
</header>


  <div class="_banner-bg">
    <main class="package-banner">
      <form class="search-bar" action="/packages">
        <input class="input" name="q" placeholder="Search Dart packages" autocomplete="on" autofocus>
        <button class="icon"></button>
        
      </form>
      <div class="list-filters">
    <a class="filter " href="/flutter/packages">Flutter</a>
    <a class="filter " href="/web/packages">Web</a>
    <a class="filter -active" href="/packages">All</a>
</div>
    </main>
  </div>


<main>
  
<div class="listing-sort-header">
  <div class="tooltip-base hoverable">
    <span class="tooltip-dotted">Sorted by:</span>
    <span id="sort-control" data-sort="listing_relevance">listing relevance</span>
    <div class="tooltip-content tooltip-bottom-left">
      Packages are sorted by the combination of their overall score and their specificity to the selected platform. More information on <a href="/help#ranking">ranking</a>.
    </div>
  </div>
</div>

<h2 class="listing-page-title">Top Dart packages</h2>

<ul class="package-list">
    <li class="list-item -full">
      <a href="/packages/foobar_pkg#-analysis-tab-"><div class="score-box"><span class="number -rotten" title="Analysis and more details.">0</span></div></a>
      <h3 class="title"><a href="/packages/foobar_pkg">foobar_pkg</a></h3>
      <p class="description">my package description</p>
      <p class="metadata">
        v <a href="/packages/foobar_pkg">0.1.1+5</a>
         / <a href="/packages/foobar_pkg/versions/0.2.0-dev">0.2.0-dev</a>
        • Updated: <span>Jan 1, 2014</span>
            <span class="package-tag missing" title="Analysis should be ready soon.">[awaiting]</span>

      </p>
    </li>
    <li class="list-item -full">
      <a href="/packages/foobar_pkg#-analysis-tab-"><div class="score-box"><span class="number -rotten" title="Analysis and more details.">0</span></div></a>
      <h3 class="title"><a href="/packages/foobar_pkg">foobar_pkg</a></h3>
      <p class="description">my package description</p>
      <p class="metadata">
        v <a href="/packages/foobar_pkg">0.1.1+5</a>
         / <a href="/packages/foobar_pkg/versions/0.2.0-dev">0.2.0-dev</a>
        • Updated: <span>Jan 1, 2015</span>
            <a class="package-tag" href="/flutter/packages" title="Compatible with the Flutter platform.">Flutter</a>

      </p>
    </li>
</ul>

  
<ul class="pagination">
    <li class="-disabled">
      <a href="">
        <span>&laquo;</span>
      </a>
    </li>
    <li class="-active">
      <a href="">
        <span>1</span>
      </a>
    </li>
    <li class="-disabled">
      <a href="">
        <span>&raquo;</span>
      </a>
    </li>
</ul>


</main>

<footer class="site-footer">
  <a class="link" href="https://www.dartlang.org/">Dart language</a>
  <a class="link" href="https://www.google.com/intl/en/policies/terms/">Terms</a>
  <a class="link" href="https://www.google.com/intl/en/policies/privacy/">Privacy</a>
  <a class="link" href="/help">Help</a>
  <a class="link github_issue" href="https://github.com/dart-lang/pub-dartlang-dart/issues/new">Report an issue</a>
</footer>
</body>
</html>
