<!DOCTYPE html>
<html lang="en-us">
  <head>
    <script async="async" src="https://www.googletagmanager.com/gtag/js?id=UA-26406144-13"></script>
    <script src="/static/js/gtag.js?hash=mocked_hash_221832925"></script>
    <meta charset="utf-8"/>
    <meta http-equiv="x-ua-compatible" content="ie=edge"/>
    <meta name="viewport" content="width=device-width, initial-scale=1"/>
    <!-- Twitter tags -->
    <meta name="twitter:card" content="summary"/>
    <meta name="twitter:site" content="@dart_lang"/>
    <meta name="twitter:description" content="my package description"/>
    <meta name="twitter:image" content="https://pub.dev/static/img/pub-dev-icon-cover-image.png?hash=mocked_hash_355802124"/>
    <!-- Facebook OG tags -->
    <meta property="og:type" content="website"/>
    <meta property="og:site_name" content="Dart packages"/>
    <meta property="og:title" content="foobar_pkg | Dart Package"/>
    <meta property="og:description" content="my package description"/>
    <meta property="og:image" content="https://pub.dev/static/img/pub-dev-icon-cover-image.png?hash=mocked_hash_355802124"/>
    <meta property="og:url" content="https://pub.dev/packages/foobar_pkg"/>
    <title>foobar_pkg | Dart Package</title>
    <link href="https://fonts.googleapis.com/css?family=Google+Sans:300,400,500|Google+Sans+Display:400|Roboto:300,400,500,700|Roboto+Mono:300,400,700" rel="stylesheet"/>
    <meta content="/static/img/pub-dev-icon-cover-image.png?hash=mocked_hash_355802124"/>
    <link rel="shortcut icon" href="/favicon.ico?hash=mocked_hash_985685822"/>
    <link rel="search" type="application/opensearchdescription+xml" title="Dart packages" href="/static/osd.xml?hash=mocked_hash_869379763"/>
    <meta name="description" content="my package description"/>
    <link rel="alternate" type="application/atom+xml" title="Updated Packages Feed for Pub" href="/feed.atom"/>
    <link href="/static/material/material-components-web.min.css?hash=mocked_hash_335393842" rel="stylesheet" type="text/css"/>
    <link href="/static/highlight/github.css?hash=mocked_hash_145446167" rel="stylesheet"/>
    <link href="/static/css/github-markdown.css?hash=mocked_hash_488759485" rel="stylesheet" type="text/css"/>
    <link href="/static/css/style.css?hash=mocked_hash_537099079" rel="stylesheet" type="text/css"/>
    <script src="/static/material/material-components-web.min.js?hash=mocked_hash_942790516" defer="defer"></script>
    <script src="/static/js/script.dart.js?hash=mocked_hash_573569793" defer="defer"></script>
    <meta name="google-signin-client_id" content=""/>
    <script src="https://apis.google.com/js/platform.js?onload=pubAuthInit" defer="defer"></script>
    <meta name="pub-page-data" content="eyJwa2dEYXRhIjp7InBhY2thZ2UiOiJmb29iYXJfcGtnIiwidmVyc2lvbiI6IjAuMS4xKzUiLCJsaWtlcyI6MCwiaXNEaXNjb250aW51ZWQiOmZhbHNlfX0="/>
  </head>
  <body class="non-experimental">
    <div class="site-header">
      <button class="hamburger"></button>
      <a class="logo" href="/">
        <img class="site-logo" src="/static/img/pub-dev-logo-2x.png?hash=mocked_hash_685890546" alt="pub logo"/>
      </a>
      <div class="site-header-space"></div>
      <div class="site-header-mask"></div>
      <div class="site-header-nav scroll-container">
        <div class="nav-login-container">
          <button class="nav-main-button link" id="-account-login">Sign in</button>
        </div>
        <div class="nav-container nav-help-container hoverable">
          <button class="nav-main-button">Help</button>
          <div class="nav-hover-popup">
            <div class="nav-table-columns">
              <div class="nav-table-column">
                <h3>Pub.dev</h3>
                <a class="nav-link" target="_blank" rel="noopener" href="/help/search">Searching for packages</a>
                <a class="nav-link" target="_blank" rel="noopener" href="/help/scoring">Package scoring and pub points</a>
              </div>
              <div class="nav-table-column">
                <h3>Flutter</h3>
                <a class="nav-link" target="_blank" rel="noopener" href="https://flutter.io/using-packages/">Using packages</a>
                <a class="nav-link" target="_blank" rel="noopener" href="https://flutter.io/developing-packages/">Developing packages and plugins</a>
                <a class="nav-link" target="_blank" rel="noopener" href="https://dart.dev/tools/pub/publishing">Publishing a package</a>
              </div>
              <div class="nav-table-column">
                <h3>Dart</h3>
                <a class="nav-link" target="_blank" rel="noopener" href="https://dart.dev/tools/pub/get-started">Using packages</a>
                <a class="nav-link" target="_blank" rel="noopener" href="https://dart.dev/tools/pub/publishing">Publishing a package</a>
              </div>
            </div>
          </div>
        </div>
        <div class="nav-container nav-help-container-mobile foldable">
          <h3 class="foldable-button">Pub.dev 
            <img class="foldable-icon" src="/static/img/nav-mobile-foldable-icon.svg?hash=mocked_hash_806401648"/>
          </h3>
          <div class="foldable-content">
            <a class="nav-link" target="_blank" rel="noopener" href="/help/search">Searching for packages</a>
            <a class="nav-link" target="_blank" rel="noopener" href="/help/scoring">Package scoring and pub points</a>
          </div>
        </div>
        <div class="nav-container nav-help-container-mobile foldable">
          <h3 class="foldable-button">Flutter 
            <img class="foldable-icon" src="/static/img/nav-mobile-foldable-icon.svg?hash=mocked_hash_806401648"/>
          </h3>
          <div class="foldable-content">
            <a class="nav-link" target="_blank" rel="noopener" href="https://flutter.io/using-packages/">Using packages</a>
            <a class="nav-link" target="_blank" rel="noopener" href="https://flutter.io/developing-packages/">Developing packages and plugins</a>
            <a class="nav-link" target="_blank" rel="noopener" href="https://dart.dev/tools/pub/publishing">Publishing a package</a>
          </div>
        </div>
        <div class="nav-container nav-help-container-mobile foldable">
          <h3 class="foldable-button">Dart 
            <img class="foldable-icon" src="/static/img/nav-mobile-foldable-icon.svg?hash=mocked_hash_806401648"/>
          </h3>
          <div class="foldable-content">
            <a class="nav-link" target="_blank" rel="noopener" href="https://dart.dev/tools/pub/get-started">Using packages</a>
            <a class="nav-link" target="_blank" rel="noopener" href="https://dart.dev/tools/pub/publishing">Publishing a package</a>
          </div>
        </div>
      </div>
    </div>
    <div id="banner-container"></div>
    <main class="container">
      <div class="detail-wrapper -active">
        <div class="detail-header">
          <h2 class="title">foobar_pkg 0.1.1+5</h2>
          <div class="metadata">
    
Published 
            <span>Jan 1, 2014</span>
            <!-- &bull; Downloads: X -->
  â€¢ Updated:
  
            <span>
              <a href="/packages/foobar_pkg">0.1.1+5</a>
            </span>
    /
    
            <span>
              <a href="/packages/foobar_pkg/versions/0.2.0-dev">0.2.0-dev</a>
            </span>
            <div class="-pub-likes">
              <div>
                <button id="-pub-like-icon-button" class="mdc-icon-button" aria-label="Like this package" data-ga-click-event="toggle-like" aria-hidden="true" aria-pressed="true">
                  <img height="18" src="/static/img/thumb-up-24px.svg?hash=mocked_hash_808020279" class="mdc-icon-button__icon"/>
                  <img height="18" width="18" src="/static/img/thumb-up-filled-24px.svg?hash=mocked_hash_368133424" class="mdc-icon-button__icon mdc-icon-button__icon--on"/>
                </button>
                <span id="likes-count">0</span> likes
              </div>
            </div>
            <div class="tags">
              <a class="package-tag unidentified" href="/packages/foobar_pkg#-analysis-tab-" title="Check the analysis tab for further details.">[unidentified]</a>
            </div>
          </div>
        </div>
        <div class="detail-body">
          <div class="detail-tabs-wide-header">
            <div class="detail-container">
              <ul class="detail-tabs-header">
                <li class="tab-link" data-name="-readme-tab-" role="button">
                  <a href="/packages/foobar_pkg">Readme</a>
                </li>
                <li class="tab-link" data-name="-changelog-tab-" role="button">
                  <a href="/packages/foobar_pkg#-changelog-tab-">Changelog</a>
                </li>
                <li class="tab-link" data-name="-example-tab-" role="button">
                  <a href="/packages/foobar_pkg#-example-tab-">Example</a>
                </li>
                <li class="tab-link" data-name="-installing-tab-" role="button">
                  <a href="/packages/foobar_pkg#-installing-tab-">Installing</a>
                </li>
                <li class="tab-link" data-name="-versions-tab-" role="button">
                  <a href="/packages/foobar_pkg/versions">Versions</a>
                </li>
                <li class="tab-button -active" data-ga-click-event="tab:analysis" data-name="-analysis-tab-" role="button">
                  <div class="score-box">
                    <span class="number -rotten" title="Analysis and more details.">3</span>
                  </div>
                </li>
                <li class="tab-link" data-name="-admin-tab-" role="button">
                  <a href="/packages/foobar_pkg/admin">Admin</a>
                </li>
              </ul>
            </div>
          </div>
          <div class="detail-container detail-body-main">
            <div class="detail-tabs-content">
              <section class="tab-content -active" data-name="-analysis-tab-">
                <div class="score-key-figures">
                  <div class="score-key-figure">
                    <div class="score-key-figure-title">
                      <span class="score-key-figure-value">0</span>
                      <span class="score-key-figure-supplemental"></span>
                    </div>
                    <div class="score-key-figure-label">likes</div>
                  </div>
                  <div class="score-key-figure">
                    <div class="score-key-figure-title">
                      <span class="score-key-figure-value">10</span>
                      <span class="score-key-figure-supplemental">/ 10</span>
                    </div>
                    <div class="score-key-figure-label">pub points</div>
                  </div>
                  <div class="score-key-figure">
                    <div class="score-key-figure-title">
                      <span class="score-key-figure-value">--</span>
                      <span class="score-key-figure-supplemental">%</span>
                    </div>
                    <div class="score-key-figure-label">popularity</div>
                  </div>
                </div>
                <p class="analysis-info">
  We analyzed this package on Feb 5, 2018, and awarded it 10
  pub points (of a possible 10):
</p>
                <div class="pkg-report">
                  <div class="pkg-report-section foldable">
                    <div class="pkg-report-header foldable-button">
                      <div class="pkg-report-header-icon">
                        <img src="/static/img/report-ok-icon-green.svg?hash=mocked_hash_415427754" class="pkg-report-icon"/>
                      </div>
                      <div class="pkg-report-header-title">Provide documentation</div>
                      <div class="pkg-report-header-score">
                        <span class="pkg-report-header-score-granted">10</span>
        /
        
                        <span class="pkg-report-header-score-max">10</span>
                        <img src="/static/img/report-foldable-icon.svg?hash=mocked_hash_525278376" class="foldable-icon"/>
                      </div>
                    </div>
                    <div class="foldable-content">
                      <div class="pkg-report-content">
                        <div class="pkg-report-content-summary markdown-body">
                          <h3>
                            <img class="report-summary-icon" src="/static/img/report-ok-icon-green.svg?hash=mocked_hash_415427754"/> 10/10 points: 20% or more of the public API has dartdoc comments
                          </h3>
                          <ul>
                            <li>17 out of 17 API elements (100.0 %) have documentation comments.</li>
                          </ul>
                        </div>
                      </div>
                    </div>
                  </div>
                </div>
              </section>
            </div>
          </div>
          <aside class="detail-info-box">
            <h3 class="title">About</h3>
            <p>my package description</p>
            <p>
              <a class="link" href="http://hans.juergen.com">Homepage</a>
              <br/>
              <a class="link" href="/documentation/foobar_pkg/latest/">API reference</a>
              <br/>
            </p>
            <h3 class="title">Uploader</h3>
            <p>
              <span class="author">
                <a href="mailto:hans@juergen.com" title="Email hans@juergen.com">
                  <i class="email-icon"></i>
                </a>
                <a href="/packages?q=email%3Ahans%40juergen.com" title="Search packages with hans@juergen.com" rel="nofollow">
                  <i class="search-icon"></i>
                </a> hans@juergen.com
              </span>
            </p>
            <h3 class="title">License</h3>
            <p>BSD (LICENSE.txt)</p>
            <h3 class="title">Dependencies</h3>
            <p>
              <a href="/packages/http">http</a>, 
              <a href="/packages/quiver">quiver</a>
            </p>
            <h3 class="title">More</h3>
            <p>
              <a href="/packages?q=dependency%3Afoobar_pkg" rel="nofollow">Packages that depend on foobar_pkg</a>
            </p>
          </aside>
        </div>
        <script type="application/ld+json">
{"@context":"http://schema.org","@type":"SoftwareSourceCode","name":"foobar_pkg","version":"0.1.1+5","description":"foobar_pkg - my package description","url":"https://pub.dev/packages/foobar_pkg","dateCreated":"2014-01-01T00:00:00.000Z","dateModified":"2014-01-01T00:00:00.000Z","programmingLanguage":"Dart","image":"https://pub.dev/static/img/pub-dev-icon-cover-image.png"}
</script>
      </div>
    </main>
    <footer class="site-footer">
      <a class="link" href="https://dart.dev/">Dart language</a>
      <a class="link sep" href="/policy">Policy</a>
      <a class="link sep" href="https://www.google.com/intl/en/policies/terms/">Terms</a>
      <a class="link sep" href="/security">Security</a>
      <a class="link sep" href="https://www.google.com/intl/en/policies/privacy/">Privacy</a>
      <a class="link sep" href="/help">Help</a>
      <a class="link sep icon" href="/feed.atom">
        <img src="/static/img/rss-feed-icon.svg?hash=mocked_hash_795155912" class="inline-icon" alt="RSS/atom feed" title="RSS/atom feed"/>
      </a>
      <a class="link icon github_issue" href="https://github.com/dart-lang/pub-dev/issues/new">
        <img src="/static/img/bug-report-white-96px.png?hash=mocked_hash_709947442" class="inline-icon" alt="Report an issue with this site" title="Report an issue with this site"/>
      </a>
    </footer>
    <script src="/static/highlight/highlight.pack.js?hash=mocked_hash_252154265"></script>
    <script src="/static/highlight/init.js?hash=mocked_hash_180963889"></script>
  </body>
</html>
