<!DOCTYPE html>
<html lang="en-us">
  <head>
    <script src="https://www.googletagmanager.com/gtm.js?id=GTM-MX6DBN9" async="async"></script>
    <script src="/static/js/gtm.js?hash=mocked_hash_451823545"></script>
    <meta charset="utf-8"/>
    <meta http-equiv="x-ua-compatible" content="ie=edge"/>
    <meta name="viewport" content="width=device-width, initial-scale=1"/>
    <meta name="robots" content="noindex"/>
    <meta name="twitter:card" content="summary"/>
    <meta name="twitter:site" content="@dart_lang"/>
    <meta name="twitter:description" content="pkg is awesome"/>
    <meta name="twitter:image" content="https://pub.dev/static/img/pub-dev-icon-cover-image.png?hash=mocked_hash_355802124"/>
    <meta property="og:type" content="website"/>
    <meta property="og:site_name" content="Dart packages"/>
    <meta property="og:title" content="pkg | Dart Package"/>
    <meta property="og:description" content="pkg is awesome"/>
    <meta property="og:image" content="https://pub.dev/static/img/pub-dev-icon-cover-image.png?hash=mocked_hash_355802124"/>
    <title>pkg | Dart Package</title>
    <link rel="stylesheet" href="https://fonts.googleapis.com/css?family=Google+Sans:300,400,500|Google+Sans+Display:400|Roboto:300,400,500,700|Roboto+Mono:300,400,700&amp;display=swap"/>
    <meta content="/static/img/pub-dev-icon-cover-image.png?hash=mocked_hash_355802124"/>
    <link rel="shortcut icon" href="/favicon.ico?hash=mocked_hash_985685822"/>
    <link rel="search" type="application/opensearchdescription+xml" title="Dart packages" href="/static/osd.xml?hash=mocked_hash_869379763"/>
    <link rel="canonical" href="https://pub.dev/packages/pkg"/>
    <meta name="description" content="pkg is awesome"/>
    <link rel="alternate" type="application/atom+xml" title="Updated Packages Feed for Pub" href="/feed.atom"/>
    <link rel="stylesheet" type="text/css" href="/static/material/material-components-web.min.css?hash=mocked_hash_335393842"/>
    <link rel="stylesheet" type="text/css" href="/static/highlight/github.css?hash=mocked_hash_145446167"/>
    <link rel="stylesheet" type="text/css" href="/static/css/github-markdown.css?hash=mocked_hash_488759485"/>
    <link rel="stylesheet" type="text/css" href="/static/css/style.css?hash=mocked_hash_537099079"/>
    <script src="/static/material/material-components-web.min.js?hash=mocked_hash_942790516" defer="defer"></script>
    <script src="/static/js/script.dart.js?hash=mocked_hash_573569793" defer="defer"></script>
    <meta name="google-signin-client_id" content=""/>
    <script src="https://apis.google.com/js/platform.js?onload=pubAuthInit" defer="defer"></script>
    <meta name="pub-page-data" content="eyJwa2dEYXRhIjp7InBhY2thZ2UiOiJwa2ciLCJ2ZXJzaW9uIjoiMS4wLjAiLCJsaWtlcyI6MCwiaXNEaXNjb250aW51ZWQiOnRydWV9fQ=="/>
  </head>
  <body>
    <noscript>
      <iframe src="https://www.googletagmanager.com/ns.html?id=GTM-MX6DBN9" height="0" width="0" style="display:none;visibility:hidden"></iframe>
    </noscript>
    <div class="site-header">
      <button class="hamburger" aria-label="menu toggle"></button>
      <a class="logo" href="/">
        <img class="site-logo" src="/static/img/pub-dev-logo-2x.png?hash=mocked_hash_685890546" alt="pub logo" width="135" height="30"/>
      </a>
      <div class="site-header-space"></div>
      <div class="site-header-mask"></div>
      <div class="site-header-search">
        <form action="/packages" method="GET">
          <input class="site-header-search-input" name="q" placeholder="New search..." autocomplete="on"/>
        </form>
      </div>
      <div class="site-header-nav scroll-container">
        <div class="nav-login-container">
          <button id="-account-login" class="nav-main-button link">Sign in</button>
        </div>
        <div class="nav-container nav-help-container hoverable">
          <button class="nav-main-button">Help</button>
          <div class="nav-hover-popup">
            <div class="nav-table-columns">
              <div class="nav-table-column">
                <h3>Pub.dev</h3>
                <a class="nav-link" href="/help/search" rel="noopener" target="_blank">Searching for packages</a>
                <a class="nav-link" href="/help/scoring" rel="noopener" target="_blank">Package scoring and pub points</a>
              </div>
              <div class="nav-table-column">
                <h3>Flutter</h3>
                <a class="nav-link" href="https://flutter.io/using-packages/" rel="noopener" target="_blank">Using packages</a>
                <a class="nav-link" href="https://flutter.io/developing-packages/" rel="noopener" target="_blank">Developing packages and plugins</a>
                <a class="nav-link" href="https://dart.dev/tools/pub/publishing" rel="noopener" target="_blank">Publishing a package</a>
              </div>
              <div class="nav-table-column">
                <h3>Dart</h3>
                <a class="nav-link" href="https://dart.dev/tools/pub/get-started" rel="noopener" target="_blank">Using packages</a>
                <a class="nav-link" href="https://dart.dev/tools/pub/publishing" rel="noopener" target="_blank">Publishing a package</a>
              </div>
            </div>
          </div>
        </div>
        <div class="nav-container nav-help-container-mobile foldable">
          <h3 class="foldable-button">
            Pub.dev
            <img class="foldable-icon" src="/static/img/nav-mobile-foldable-icon.svg?hash=mocked_hash_806401648" alt="icon to toggle folding of the section"/>
          </h3>
          <div class="foldable-content">
            <a class="nav-link" href="/help/search" rel="noopener" target="_blank">Searching for packages</a>
            <a class="nav-link" href="/help/scoring" rel="noopener" target="_blank">Package scoring and pub points</a>
          </div>
        </div>
        <div class="nav-container nav-help-container-mobile foldable">
          <h3 class="foldable-button">
            Flutter
            <img class="foldable-icon" src="/static/img/nav-mobile-foldable-icon.svg?hash=mocked_hash_806401648" alt="icon to toggle folding of the section"/>
          </h3>
          <div class="foldable-content">
            <a class="nav-link" href="https://flutter.io/using-packages/" rel="noopener" target="_blank">Using packages</a>
            <a class="nav-link" href="https://flutter.io/developing-packages/" rel="noopener" target="_blank">Developing packages and plugins</a>
            <a class="nav-link" href="https://dart.dev/tools/pub/publishing" rel="noopener" target="_blank">Publishing a package</a>
          </div>
        </div>
        <div class="nav-container nav-help-container-mobile foldable">
          <h3 class="foldable-button">
            Dart
            <img class="foldable-icon" src="/static/img/nav-mobile-foldable-icon.svg?hash=mocked_hash_806401648" alt="icon to toggle folding of the section"/>
          </h3>
          <div class="foldable-content">
            <a class="nav-link" href="https://dart.dev/tools/pub/get-started" rel="noopener" target="_blank">Using packages</a>
            <a class="nav-link" href="https://dart.dev/tools/pub/publishing" rel="noopener" target="_blank">Publishing a package</a>
          </div>
        </div>
      </div>
    </div>
    <div id="banner-container"></div>
    <main class="container">
      <div class="detail-wrapper -active -has-info-box">
        <div class="detail-header -is-loose">
          <div class="detail-container">
            <div class="detail-header-outer-block">
              <div class="detail-header-content-block">
                <h1 class="title">
                  pkg 1.0.0
                  <span class="pkg-page-title-copy">
                    <img class="pkg-page-title-copy-icon" src="/static/img/content-copy-icon.svg?hash=mocked_hash_1005735992" alt="icon indicating copy to clipboard operation" title="Copy &quot;pkg: ^1.0.0&quot; to clipboard" data-copy-content="pkg: ^1.0.0" data-ga-click-event="copy-package-version"/>
                    <div class="pkg-page-title-copy-feedback">
                      <span class="code">pkg: ^1.0.0</span>
                      copied to clipboard
                    </div>
                  </span>
                </h1>
                <div class="metadata">
                  Published
                  <span>
                    <span class="-x-ago" title="%%published-date%%">%%x-ago%%</span>
                  </span>
                </div>
                <div class="detail-tags-and-like">
                  <div class="detail-tags">
                    <span class="package-tag discontinued" title="Package was discontinued.">discontinued</span>
                  </div>
                  <div class="detail-like">
                    <button id="-pub-like-icon-button" class="mdc-icon-button" aria-label="Like this package" data-ga-click-event="toggle-like" aria-pressed="false">
                      <img class="mdc-icon-button__icon" src="/static/img/like-inactive.svg?hash=mocked_hash_1066096316" alt="icon indicating liked status (inactive)" width="18" height="18"/>
                      <img class="mdc-icon-button__icon mdc-icon-button__icon--on" src="/static/img/like-active.svg?hash=mocked_hash_986617859" alt="icon indicating liked status (active)" width="18" height="18"/>
                    </button>
                    <span class="likes-count">
                      <span id="likes-count">0</span>
                    </span>
                  </div>
                </div>
              </div>
            </div>
          </div>
        </div>
        <div class="detail-container">
          <div class="detail-lead">
            <div class="detail-metadata-toggle">
              <div class="detail-metadata-toggle-icon">→</div>
              <h3 class="detail-lead-title">Metadata</h3>
            </div>
            <p class="detail-lead-text">pkg is awesome</p>
            <p class="detail-lead-more">
              <a class="detail-metadata-toggle">More...</a>
            </p>
          </div>
        </div>
        <div class="detail-body">
          <div class="detail-tabs">
            <div class="detail-tabs-wide-header">
              <div class="detail-container">
                <ul class="detail-tabs-header">
                  <li class="detail-tab tab-button detail-tab-readme-title -active" role="button">Readme</li>
                  <li class="detail-tab tab-link detail-tab-changelog-title" role="button">
                    <a href="/packages/pkg/changelog">Changelog</a>
                  </li>
                  <li class="detail-tab tab-link detail-tab-example-title" role="button">
                    <a href="/packages/pkg/example">Example</a>
                  </li>
                  <li class="detail-tab tab-link detail-tab-installing-title" role="button">
                    <a href="/packages/pkg/install">Installing</a>
                  </li>
                  <li class="detail-tab tab-link detail-tab-versions-title" role="button">
                    <a href="/packages/pkg/versions">Versions</a>
                  </li>
                  <li class="detail-tab tab-link detail-tab-analysis-title" role="button">
                    <a href="/packages/pkg/score">Scores</a>
                  </li>
                </ul>
              </div>
            </div>
            <div class="detail-container detail-body-main">
              <div class="detail-tabs-content">
                <section class="tab-content detail-tab-readme-content -active markdown-body">
                  <h1 class="hash-header" id="pkg">
                    pkg
                    <a href="#pkg" class="hash-link">#</a>
                  </h1>
                  <p>Awesome package.</p>
                </section>
              </div>
            </div>
          </div>
          <aside class="detail-info-box">
            <a class="packages-scores" href="/packages/pkg/score">
              <div class="packages-score packages-score-like">
                <div class="packages-score-value -has-value">
                  <span class="packages-score-value-number">0</span>
                  <span class="packages-score-value-sign"></span>
                </div>
                <div class="packages-score-label">likes</div>
              </div>
              <div class="packages-score packages-score-health">
                <div class="packages-score-value -has-value">
                  <span class="packages-score-value-number">0</span>
                  <span class="packages-score-value-sign"></span>
                </div>
                <div class="packages-score-label">pub points</div>
              </div>
              <div class="packages-score packages-score-popularity">
                <div class="packages-score-value -has-value">
                  <span class="packages-score-value-number">25</span>
                  <span class="packages-score-value-sign">%</span>
                </div>
                <div class="packages-score-label">popularity</div>
              </div>
            </a>
            <h3 class="title pkg-infobox-metadata">Metadata</h3>
            <p>pkg is awesome</p>
            <p>
              <a class="link" href="https://pkg.example.dev/" rel="ugc">Homepage</a>
              <br/>
            </p>
            <h3 class="title">Documentation</h3>
            <p>
              <a class="link" href="/documentation/pkg/latest/">API reference</a>
              <br/>
            </p>
            <h3 class="title">License</h3>
            <p>
              unknown (
              <a href="/packages/pkg/license">LICENSE</a>
              )
            </p>
            <h3 class="title">More</h3>
            <p>
              <a href="/packages?q=dependency%3Apkg" rel="nofollow">Packages that depend on pkg</a>
            </p>
          </aside>
        </div>
        <script type="application/ld+json">{"@context":"http:\u002f\u002fschema.org","@type":"SoftwareSourceCode","name":"pkg","version":"1.0.0","description":"pkg - pkg is awesome","url":"https:\u002f\u002fpub.dev\u002fpackages\u002fpkg","dateCreated":"%%published-timestamp%%","dateModified":"%%published-timestamp%%","programmingLanguage":"Dart","image":"https:\u002f\u002fpub.dev\u002fstatic\u002fimg\u002fpub-dev-icon-cover-image.png","license":"https:\u002f\u002fpub.dev\u002fpackages\u002fpkg\u002flicense"}</script>
      </div>
      <div class="detail-metadata">
        <h3 class="detail-metadata-title">
          <span class="detail-metadata-toggle">←</span>
          Metadata
        </h3>
        <div class="detail-info-box">
          <a class="packages-scores" href="/packages/pkg/score">
            <div class="packages-score packages-score-like">
              <div class="packages-score-value -has-value">
                <span class="packages-score-value-number">0</span>
                <span class="packages-score-value-sign"></span>
              </div>
              <div class="packages-score-label">likes</div>
            </div>
            <div class="packages-score packages-score-health">
              <div class="packages-score-value -has-value">
                <span class="packages-score-value-number">0</span>
                <span class="packages-score-value-sign"></span>
              </div>
              <div class="packages-score-label">pub points</div>
            </div>
            <div class="packages-score packages-score-popularity">
              <div class="packages-score-value -has-value">
                <span class="packages-score-value-number">25</span>
                <span class="packages-score-value-sign">%</span>
              </div>
              <div class="packages-score-label">popularity</div>
            </div>
          </a>
          <h3 class="title pkg-infobox-metadata">Metadata</h3>
          <p>pkg is awesome</p>
          <p>
            <a class="link" href="https://pkg.example.dev/" rel="ugc">Homepage</a>
            <br/>
          </p>
          <h3 class="title">Documentation</h3>
          <p>
            <a class="link" href="/documentation/pkg/latest/">API reference</a>
            <br/>
          </p>
          <h3 class="title">License</h3>
          <p>
            unknown (
            <a href="/packages/pkg/license">LICENSE</a>
            )
          </p>
          <h3 class="title">More</h3>
          <p>
            <a href="/packages?q=dependency%3Apkg" rel="nofollow">Packages that depend on pkg</a>
          </p>
        </div>
        <p class="detail-lead-back">
          <a class="detail-metadata-toggle">Back</a>
        </p>
      </div>
    </main>
    <footer class="site-footer">
      <a class="link" href="https://dart.dev/">Dart language</a>
      <a class="link sep" href="/policy">Policy</a>
      <a class="link sep" href="https://www.google.com/intl/en/policies/terms/">Terms</a>
      <a class="link sep" href="https://developers.google.com/terms/">API Terms</a>
      <a class="link sep" href="/security">Security</a>
      <a class="link sep" href="https://www.google.com/intl/en/policies/privacy/">Privacy</a>
      <a class="link sep" href="/help">Help</a>
      <a class="link icon sep" href="/feed.atom">
        <img class="inline-icon" src="/static/img/rss-feed-icon.svg?hash=mocked_hash_795155912" alt="RSS icon" width="20" height="20" title="RSS/atom feed"/>
      </a>
      <a class="link icon github_issue" href="https://github.com/dart-lang/pub-dev/issues/new">
        <img class="inline-icon" src="/static/img/bug-report-white-96px.png?hash=mocked_hash_709947442" alt="bug report icon" width="20" height="20" title="Report an issue with this site"/>
      </a>
    </footer>
    <script src="/static/highlight/highlight-with-init.js?hash=mocked_hash_670483893" defer="defer"></script>
  </body>
</html>
