<!DOCTYPE html>
<html lang="en-us">
<head>
  <script async src="https://www.googletagmanager.com/gtag/js?id=UA-26406144-13"></script>
  <script src="/static/js/gtag.js?hash=mocked_hash_673383334"></script>
  <meta charset="utf-8" />
  <meta http-equiv="x-ua-compatible" content="ie=edge" />
  <meta name="viewport" content="width=device-width, initial-scale=1" />
  <meta name="twitter:card" content="summary" />
  <meta name="twitter:site" content="@dart_lang" />
  <meta property="og:site_name" content="Dart Packages" />
  <title>foobar_pkg 0.1.1+5 | Dart Package</title>
  <meta property="og:title" content="foobar_pkg 0.1.1+5 | Dart Package" />
  <link href="https://fonts.googleapis.com/css?family=Roboto:300,400,500,700" rel="stylesheet" />
  <meta itemprop="image" content="/static/img/dart-logo-400x400.png" />
  <meta property="og:image" content="/static/img/dart-logo-400x400.png" />
  <link rel="shortcut icon" href="/favicon.ico" />
  <link rel="canonical" href="https://pub.dartlang.org/packages/foobar_pkg"/>
  <meta property="og:url" content="https://pub.dartlang.org/packages/foobar_pkg" />
  <meta name="description" content="foobar_pkg 0.1.1+5 Dart package - my package description" />
  <meta property="og:description" content="foobar_pkg 0.1.1+5 Dart package - my package description" />
  <link rel="alternate" type="application/atom+xml" title="Updated Packages Feed for Pub" href="/feed.atom" />
  <link href="/static/highlight/github.css" rel="stylesheet" />
  <link href="/static/css/github-markdown.css?hash=mocked_hash_244413523" rel="stylesheet" type="text/css" />
  <link href="/static/css/style.css?hash=mocked_hash_714113458" rel="stylesheet" type="text/css" />
  <script src="/static/js/script.dart.js?hash=mocked_hash_918742474" defer></script>
  <script async="" defer="" src="//www.google.com/insights/consumersurveys/async_survey?site=5wdvu4vc5lhop3xbatxof6lzcm"></script>
</head>
<body>
<header class="site-header">
  <h1 class="_visuallyhidden">Dart pub</h1>
  <button class="hamburger"></button>
  <div class="mask"></div>
  <div class="nav-wrap">
    <div class="nav-header"><a class="logo" href="/"><img src="/static/img/dart-logo.svg" alt="dart pub logo"></a>
      <div class="_flex-space"></div>
      <button class="close"></button>
    </div>
    <nav class="site-nav">
      <span>Getting Started:</span>
      <div class="sub-wrap hoverable">
        <button class="button">Flutter</button>
        <div class="sub-nav">
          <a class="link" target="_blank" rel="noopener" href="https://flutter.io/using-packages/">Using Packages</a>
          <a class="link" target="_blank" rel="noopener" href="https://flutter.io/developing-packages/">Developing Packages and Plugins</a>
        </div>
      </div>
      <div class="sub-wrap hoverable">
        <button class="button">Web &amp; Server</button>
        <div class="sub-nav">
          <a class="link" target="_blank" rel="noopener" href="https://www.dartlang.org/tools/pub/get-started">Using Packages</a>
          <a class="link" target="_blank" rel="noopener" href="https://www.dartlang.org/tools/pub/publishing">Publishing a Package</a>
          <a class="link" target="_blank" rel="noopener" href="https://www.dartlang.org/tools/pub">Overview</a>
        </div>
      </div>
    </nav>
  </div>
</header>

  <div class="_banner-bg">
    <main class="package-banner">
      <form class="search-bar" action="/packages">
        <input class="input" name="q" placeholder="Search Dart packages" autocomplete="on" autofocus />
        <button class="icon"></button>
      </form>
    </main>
  </div>



<main>
  
<div class="package-header">
  <h2 class="title">foobar_pkg 0.1.1+5</h2>
  <div class="metadata">
    Published <span>Jan 1, 2014</span>
    <!-- &bull; Downloads: X -->
    <div class="tags">    <span class="package-tag missing" title="Package version too old, check latest stable.">[outdated]</span>
</div>
  </div>
</div>

<div class="package-container">
  <div class="main tabs-content">
    <ul class="package-tabs js-tabs">
        <li class="tab -active" data-name="-readme-tab-">README.md</li>
        <li class="tab " data-name="-changelog-tab-">CHANGELOG.md</li>
        <li class="tab " data-name="-example-tab-">Example</li>
      <li class="tab " data-name="-installing-tab-">Installing</li>
      <li class="tab" data-name="-versions-tab-">Versions</li>
      <li class="tab" data-name="-analysis-tab-">
        <div class="score-box"><span class="number -rotten" title="Analysis and more details.">0</span></div>
      </li>
    </ul>
      <section class="content -active js-content markdown-body" data-name="-readme-tab-">
        <h1 class="hash-header" id="test-package">Test Package <a class="hash-link" href="#test-package">#</a></h1>
<p>This is a readme file.</p>
<pre><code class="language-dart">void main() {
}
</code></pre>

      </section>
      <section class="content  js-content markdown-body" data-name="-changelog-tab-">
        <h1 class="hash-header" id="changelog">Changelog <a class="hash-link" href="#changelog">#</a></h1>
<p>0.1.1 - test package</p>

      </section>
      <section class="content  js-content markdown-body" data-name="-example-tab-">
        <p style="font-family: monospace"><b>example&#47;lib&#47;main.dart</b></p>
<pre><code class="language-dart">main() {
  print('Hello world!');
}
</code></pre>

      </section>
    <section class="content  js-content" data-name="-installing-tab-">
<h2>Use this package as a library</h2>
<h3>1. Depend on it</h3>
<p>Add this to your package's pubspec.yaml file:</p>
<pre><code class="language-yaml">
dependencies:
  <strong>foobar_pkg: ^0.1.1+5</strong>

</code></pre>
<h3>2. Install it</h3>
<p>You can install packages from the command line:</p>
  <p>with pub:</p>
  <pre><code class="language-shell">
$ <strong>pub get</strong>

</code></pre>
<p>Alternatively, your editor might support <code>pub get</code>.
  Check the docs for your editor to learn more.</p>
  <h3>3. Import it</h3>
  <p>Now in your Dart code, you can use:
  </p>
  <pre><code class="language-dart">
import 'package:foobar_pkg/foolib.dart';
  </code></pre>

    </section>
    <section class="content js-content" data-name="-versions-tab-">
      <table class="version-table" data-package="foobar_pkg">
        <thead>
        <tr>
          <th>Version</th>
          <th>Uploaded</th>
          <th class="documentation" width="60">Documentation</th>
          <th class="archive" width="60">Archive</th>
        </tr>
        </thead>
        
<tr data-version="0.1.1+5">
  <td><strong><a href="/packages/foobar_pkg/versions/0.1.1+5">0.1.1+5</a></strong></td>
  <td>Jan 1, 2014</td>
  <td class="documentation">
    <a href="/documentation/foobar_pkg/0.1.1+5/"
       rel="nofollow"
       title="Go to the documentation of foobar_pkg 0.1.1+5">
        <img src="/static/img/ic_drive_document_black_24dp.svg" alt="Go to the documentation of foobar_pkg 0.1.1+5" />
    </a>
  </td>
  <td class="archive">
    <a href="http://dart-example.com/"
       title="Download foobar_pkg 0.1.1+5 archive">
      <img src="/static/img/ic_get_app_black_24dp.svg" alt="Download foobar_pkg 0.1.1+5 archive" />
    </a>
  </td>
</tr>

      </table>
    </section>
    <section class="content js-content" data-name="-analysis-tab-">
      <table id='scores-table'>
  <tr>
    <td class="score-name">
      <div class="tooltip-base hoverable">
        <span class="tooltip-dotted">Popularity:</span>
        <div class="tooltip-content">
          Describes how popular the package is relative to other packages.
          <a href="/help#popularity">[more]</a>
        </div>
      </div>
    </td>
    <td class="score-value">
      
<div class="score-percent-row">
    <div class="score-percent" style="left: 0%;">--</div>
</div>

<div class="score-progress-row">
    <div class="score-progress-frame">
        <div class="score-progress" style="width: 0%; background: rgb(204, 204, 204);"></div>
    </div>
</div>

    </td>
  </tr>
  <tr>
    <td class="score-name">
      <div class="tooltip-base hoverable">
        <span class="tooltip-dotted">Health:</span>
        <div class="tooltip-content">
          Code health derived from static analysis.
          <a href="/help#health">[more]</a>
        </div>
      </div>
    </td>
    <td class="score-value">
<div class="score-percent-row">
    <div class="score-percent" style="left: 0%;">--</div>
</div>

<div class="score-progress-row">
    <div class="score-progress-frame">
        <div class="score-progress" style="width: 0%; background: rgb(204, 204, 204);"></div>
    </div>
</div>
</td>
  </tr>
  <tr>
    <td class="score-name">
      <div class="tooltip-base hoverable">
        <span class="tooltip-dotted">Maintenance:</span>
        <div class="tooltip-content">
          Reflects how tidy and up-to-date the package is.
          <a href="/help#maintenance">[more]</a>
        </div>
      </div>
    </td>
    <td class="score-value">
<div class="score-percent-row">
    <div class="score-percent" style="left: 0%;">--</div>
</div>

<div class="score-progress-row">
    <div class="score-progress-frame">
        <div class="score-progress" style="width: 0%; background: rgb(204, 204, 204);"></div>
    </div>
</div>
</td>
  </tr>
  <tr>
    <td class="score-name">
      <div class="tooltip-base hoverable">
        <span class="tooltip-dotted"><b>Overall:</b></span>
        <div class="tooltip-content">
          Weighted score of the above.
          <a href="/help#overall-score">[more]</a>
        </div>
      </div>
    </td>
    <td>
<div class="score-percent-row">
    <div class="score-percent" style="left: 0%;">0</div>
</div>

<div class="score-progress-row">
    <div class="score-progress-frame">
        <div class="score-progress" style="width: 0%; background: rgb(187, 36, 0);"></div>
    </div>
</div>
</td>
  </tr>
</table>

<div style="text-align: right; font-size: 10pt;">Learn more about <a href="/help#scoring">scoring</a>.</div>

<hr />

<p>
  This package version is not analyzed, because it is more than two years old.
  Check the <a href="/packages/foobar_pkg#-analysis-tab-">latest stable version</a> for its analysis.
</p>






    </section>
  </div>

  <aside class="sidebar sidebar-content">
    <h3 class="title">About</h3>
      <p>my package description</p>
      <p>
          <a class="link" href="http://hans.juergen.com">Homepage</a><br/>
          <a class="link" href="/documentation/foobar_pkg/latest/">API reference</a><br/>
      </p>

    <h3 class="title">Author</h3>
    <div><span class="author"><a href="mailto:hans@juergen.com" title="Email hans@juergen.com"><i class="email-icon"></i></a> <a href="/packages?q=email%3Ahans%40juergen.com" title="Search packages with hans@juergen.com" rel="nofollow"><i class="search-icon"></i></a> Hans Juergen</span></div>

    <h3 class="title">Uploader</h3>
    <p><span class="author"><a href="mailto:hans@juergen.com" title="Email hans@juergen.com"><i class="email-icon"></i></a> <a href="/packages?q=email%3Ahans%40juergen.com" title="Search packages with hans@juergen.com" rel="nofollow"><i class="search-icon"></i></a> hans@juergen.com</span></p>



    <h3 class="title">More</h3>
    <p><a href="/packages?q=dependency%3Afoobar_pkg" rel="nofollow">Packages that depend on foobar_pkg</a></p>
  </aside>
</div>

<script type="application/ld+json">
{"@context":"http://schema.org","@type":"SoftwareSourceCode","name":"foobar_pkg","version":"0.1.1+5","description":"foobar_pkg - my package description","url":"https://pub.dartlang.org/packages/foobar_pkg","dateCreated":"2014-01-01T00:00:00.000Z","dateModified":"2014-01-01T00:00:00.000Z","programmingLanguage":"Dart","image":"https://pub.dartlang.org/static/img/dart-logo-400x400.png"}
</script>

</main>

<footer class="site-footer">
  <a class="link" href="https://www.dartlang.org/">Dart language</a>
  <a class="link" href="https://www.google.com/intl/en/policies/terms/">Terms</a>
  <a class="link" href="https://www.google.com/intl/en/policies/privacy/">Privacy</a>
  <a class="link" href="/help">Help</a>
  <a class="link" href="/feed.atom"><img src="/static/img/atom-feed-icon-32x32.png" class="inline-icon" /></a>
  <a class="link github_issue" href="https://github.com/dart-lang/pub-dartlang-dart/issues/new">Report an issue with this site</a>
</footer>
<script src="/static/highlight/highlight.pack.js"></script>
<script src="/static/highlight/init.js"></script>
</body>
</html>
