<!DOCTYPE html>
<html lang="en-us">
  <head>
    <script src="https://www.googletagmanager.com/gtm.js?id=GTM-MX6DBN9" async="async"></script>
    <script src="/static/hash-%%etag%%/js/gtm.js" async="async"></script>
    <meta charset="utf-8"/>
    <meta http-equiv="x-ua-compatible" content="ie=edge"/>
    <meta name="viewport" content="width=device-width, initial-scale=1"/>
    <meta name="robots" content="noindex"/>
    <meta name="twitter:card" content="summary"/>
    <meta name="twitter:site" content="@dart_lang"/>
    <meta name="twitter:description" content="Pub is the package manager for the Dart programming language, containing reusable libraries &amp; packages for Flutter, AngularDart, and general Dart programs."/>
    <meta name="twitter:image" content="https://pub.dev/static/hash-%%etag%%/img/pub-dev-icon-cover-image.png"/>
    <meta property="og:type" content="website"/>
    <meta property="og:site_name" content="Dart packages"/>
    <meta property="og:title" content="oxygen package - Admin"/>
    <meta property="og:description" content="Pub is the package manager for the Dart programming language, containing reusable libraries &amp; packages for Flutter, AngularDart, and general Dart programs."/>
    <meta property="og:image" content="https://pub.dev/static/hash-%%etag%%/img/pub-dev-icon-cover-image.png"/>
    <title>oxygen package - Admin</title>
    <link rel="stylesheet" href="https://fonts.googleapis.com/css?family=Google+Sans:300,400,500|Google+Sans+Display:400|Roboto:300,400,500,700|Roboto+Mono:300,400,700&amp;display=swap"/>
    <link rel="shortcut icon" href="/favicon.ico?hash=mocked_hash_985685822"/>
    <link rel="search" type="application/opensearchdescription+xml" title="Dart packages" href="/osd.xml"/>
    <meta name="description" content="Pub is the package manager for the Dart programming language, containing reusable libraries &amp; packages for Flutter, AngularDart, and general Dart programs."/>
    <link rel="alternate" type="application/atom+xml" title="Updated Packages Feed for Pub" href="/feed.atom"/>
    <link rel="stylesheet" type="text/css" href="/static/hash-%%etag%%/material/bundle/styles.css"/>
    <link rel="stylesheet" type="text/css" href="/static/hash-%%etag%%/css/style.css"/>
    <script src="/static/hash-%%etag%%/material/bundle/script.min.js" defer="defer"></script>
    <script src="/static/hash-%%etag%%/js/script.dart.js" defer="defer"></script>
    <meta name="google-signin-client_id" content=""/>
    <script src="https://apis.google.com/js/platform.js?onload=pubAuthInit" defer="defer"></script>
    <meta name="pub-page-data" content="eyJwa2dEYXRhIjp7InBhY2thZ2UiOiJveHlnZW4iLCJ2ZXJzaW9uIjoiMS4yLjAiLCJsaWtlcyI6MCwiaXNEaXNjb250aW51ZWQiOmZhbHNlfX0="/>
    <link rel="preload" href="/static/hash-%%etag%%/highlight/highlight-with-init.js" as="script"/>
  </head>
  <body class="light-theme">
    <noscript>
      <iframe src="https://www.googletagmanager.com/ns.html?id=GTM-MX6DBN9" height="0" width="0" style="display:none;visibility:hidden"></iframe>
    </noscript>
    <div class="site-header">
      <button class="hamburger" aria-label="menu toggle"></button>
      <a class="logo" href="/">
        <img class="site-logo" src="/static/hash-%%etag%%/img/pub-dev-logo-2x.png" alt="pub logo" width="135" height="30"/>
      </a>
      <div class="site-header-space"></div>
      <div class="site-header-mask"></div>
      <div class="site-header-search">
        <form action="/packages" method="GET">
          <input class="site-header-search-input" name="q" placeholder="New search..." autocomplete="on"/>
        </form>
      </div>
      <div class="site-header-nav scroll-container">
        <div class="nav-login-container">
          <button id="-account-login" class="nav-main-button link">Sign in</button>
        </div>
        <div class="nav-container nav-help-container hoverable">
          <button class="nav-main-button">Help</button>
          <div class="nav-hover-popup">
            <div class="nav-table-columns">
              <div class="nav-table-column">
                <h3>Pub.dev</h3>
                <a class="nav-link" href="/help/search" rel="noopener" target="_blank">Searching for packages</a>
                <a class="nav-link" href="/help/scoring" rel="noopener" target="_blank">Package scoring and pub points</a>
              </div>
              <div class="nav-table-column">
                <h3>Flutter</h3>
                <a class="nav-link" href="https://flutter.io/using-packages/" rel="noopener" target="_blank">Using packages</a>
                <a class="nav-link" href="https://flutter.io/developing-packages/" rel="noopener" target="_blank">Developing packages and plugins</a>
                <a class="nav-link" href="https://dart.dev/tools/pub/publishing" rel="noopener" target="_blank">Publishing a package</a>
              </div>
              <div class="nav-table-column">
                <h3>Dart</h3>
                <a class="nav-link" href="https://dart.dev/tools/pub/get-started" rel="noopener" target="_blank">Using packages</a>
                <a class="nav-link" href="https://dart.dev/tools/pub/publishing" rel="noopener" target="_blank">Publishing a package</a>
              </div>
            </div>
          </div>
        </div>
        <div class="nav-container nav-help-container-mobile foldable">
          <h3 class="foldable-button">
            Pub.dev
            <img class="foldable-icon" src="/static/hash-%%etag%%/img/nav-mobile-foldable-icon.svg" alt="icon to toggle folding of the section" width="13" height="6"/>
          </h3>
          <div class="foldable-content">
            <a class="nav-link" href="/help/search" rel="noopener" target="_blank">Searching for packages</a>
            <a class="nav-link" href="/help/scoring" rel="noopener" target="_blank">Package scoring and pub points</a>
          </div>
        </div>
        <div class="nav-container nav-help-container-mobile foldable">
          <h3 class="foldable-button">
            Flutter
            <img class="foldable-icon" src="/static/hash-%%etag%%/img/nav-mobile-foldable-icon.svg" alt="icon to toggle folding of the section" width="13" height="6"/>
          </h3>
          <div class="foldable-content">
            <a class="nav-link" href="https://flutter.io/using-packages/" rel="noopener" target="_blank">Using packages</a>
            <a class="nav-link" href="https://flutter.io/developing-packages/" rel="noopener" target="_blank">Developing packages and plugins</a>
            <a class="nav-link" href="https://dart.dev/tools/pub/publishing" rel="noopener" target="_blank">Publishing a package</a>
          </div>
        </div>
        <div class="nav-container nav-help-container-mobile foldable">
          <h3 class="foldable-button">
            Dart
            <img class="foldable-icon" src="/static/hash-%%etag%%/img/nav-mobile-foldable-icon.svg" alt="icon to toggle folding of the section" width="13" height="6"/>
          </h3>
          <div class="foldable-content">
            <a class="nav-link" href="https://dart.dev/tools/pub/get-started" rel="noopener" target="_blank">Using packages</a>
            <a class="nav-link" href="https://dart.dev/tools/pub/publishing" rel="noopener" target="_blank">Publishing a package</a>
          </div>
        </div>
      </div>
    </div>
    <div id="banner-container"></div>
    <main class="container">
      <div class="detail-wrapper -active -has-info-box">
        <div class="detail-header -is-loose">
          <div class="detail-container">
            <div class="detail-header-outer-block">
              <div class="detail-header-content-block">
                <h1 class="title">
                  oxygen 1.2.0
                  <span class="pkg-page-title-copy">
                    <img class="pkg-page-title-copy-icon" src="/static/hash-%%etag%%/img/content-copy-icon.svg" alt="icon indicating copy to clipboard operation" width="18" height="18" title="Copy &quot;oxygen: ^1.2.0&quot; to clipboard" data-copy-content="oxygen: ^1.2.0" data-ga-click-event="copy-package-version"/>
                    <div class="pkg-page-title-copy-feedback">
                      <span class="code">oxygen: ^1.2.0</span>
                      copied to clipboard
                    </div>
                  </span>
                </h1>
                <div class="metadata">
                  Published
                  <span>
                    <a class="-x-ago" href="" title="%%published-date%%" aria-label="Switch between date and elapsed time." aria-role="button">%%x-ago%%</a>
                  </span>
                  • Latest:
                  <span>
                    <a href="/packages/oxygen">1.2.0</a>
                  </span>
                  /
                  <span>
                    Prerelease:
                    <a href="/packages/oxygen/versions/2.0.0-dev">2.0.0-dev</a>
                  </span>
                </div>
                <div class="detail-tags-and-like">
                  <div class="detail-tags">
                    <div class="-pub-tag-badge">
                      <span class="tag-badge-main">SDK</span>
                      <a class="tag-badge-sub" href="/packages?q=sdk%3Adart" rel="nofollow" title="Packages compatible with Dart SDK">Dart</a>
                      <a class="tag-badge-sub" href="/packages?q=sdk%3Aflutter" rel="nofollow" title="Packages compatible with Flutter SDK">Flutter</a>
                    </div>
                    <div class="-pub-tag-badge">
                      <span class="tag-badge-main">Platform</span>
                      <a class="tag-badge-sub" href="/packages?q=platform%3Aandroid" rel="nofollow" title="Packages compatible with Android platform">Android</a>
                      <a class="tag-badge-sub" href="/packages?q=platform%3Aios" rel="nofollow" title="Packages compatible with iOS platform">iOS</a>
                      <a class="tag-badge-sub" href="/packages?q=platform%3Alinux" rel="nofollow" title="Packages compatible with Linux platform">Linux</a>
                      <a class="tag-badge-sub" href="/packages?q=platform%3Amacos" rel="nofollow" title="Packages compatible with macOS platform">macOS</a>
                      <a class="tag-badge-sub" href="/packages?q=platform%3Aweb" rel="nofollow" title="Packages compatible with Web platform">web</a>
                      <a class="tag-badge-sub" href="/packages?q=platform%3Awindows" rel="nofollow" title="Packages compatible with Windows platform">Windows</a>
                    </div>
                  </div>
                  <div class="detail-like">
                    <button id="-pub-like-icon-button" class="mdc-icon-button" aria-label="Like this package" data-ga-click-event="toggle-like" aria-pressed="false">
                      <img class="mdc-icon-button__icon" src="/static/hash-%%etag%%/img/like-inactive.svg" alt="icon indicating liked status (inactive)" width="18" height="18"/>
                      <img class="mdc-icon-button__icon mdc-icon-button__icon--on" src="/static/hash-%%etag%%/img/like-active.svg" alt="icon indicating liked status (active)" width="18" height="18"/>
                    </button>
                    <span class="likes-count">
                      <span id="likes-count">0</span>
                    </span>
                  </div>
                </div>
              </div>
            </div>
          </div>
        </div>
        <div class="detail-container">
          <div class="detail-lead">
            <div class="detail-metadata-toggle">
              <div class="detail-metadata-toggle-icon">→</div>
              <h3 class="detail-lead-title">Metadata</h3>
            </div>
            <p class="detail-lead-text">oxygen is awesome</p>
            <p class="detail-lead-more">
              <a class="detail-metadata-toggle">More...</a>
            </p>
          </div>
        </div>
        <div class="detail-body">
          <div class="detail-tabs">
            <div class="detail-tabs-wide-header">
              <div class="detail-container">
                <ul class="detail-tabs-header">
                  <li class="detail-tab tab-link detail-tab-readme-title" role="button">
                    <a href="/packages/oxygen">Readme</a>
                  </li>
                  <li class="detail-tab tab-link detail-tab-changelog-title" role="button">
                    <a href="/packages/oxygen/changelog">Changelog</a>
                  </li>
                  <li class="detail-tab tab-link detail-tab-example-title" role="button">
                    <a href="/packages/oxygen/example">Example</a>
                  </li>
                  <li class="detail-tab tab-link detail-tab-installing-title" role="button">
                    <a href="/packages/oxygen/install">Installing</a>
                  </li>
                  <li class="detail-tab tab-link detail-tab-versions-title" role="button">
                    <a href="/packages/oxygen/versions">Versions</a>
                  </li>
                  <li class="detail-tab tab-link detail-tab-analysis-title" role="button">
                    <a href="/packages/oxygen/score">Scores</a>
                  </li>
                  <li class="detail-tab tab-button detail-tab-admin-title -active -private" role="button">Admin</li>
                  <li class="detail-tab tab-link detail-tab-activity-log-title -private" role="button">
                    <a href="/packages/oxygen/activity-log">Activity log</a>
                  </li>
                </ul>
              </div>
            </div>
            <div class="detail-container detail-body-main">
              <div class="detail-tabs-content">
                <section class="tab-content detail-tab-admin-content -active">
                  <h2>Package ownership</h2>
                  <div>
                    <p>You can transfer this package to a verified publisher if you are a member of the publisher. Transferring the package removes the current uploaders, so that only the members of the publisher can upload new versions.</p>
                    <p>
                      <strong>Upgrading to verified publishers is an irreversible operation.</strong>
                      Packages can be transferred between publishers, but they can't be converted back to legacy uploader ownership.
                    </p>
                    <div id="-admin-set-publisher-input" class="mdc-select mdc-select--filled -admin-dropdown" data-mdc-auto-init="MDCSelect">
                      <div class="mdc-select__anchor">
                        <span class="mdc-select__ripple"></span>
                        <span class="mdc-select__selected-text"></span>
                        <span class="mdc-select__dropdown-icon">
                          <svg class="mdc-select__dropdown-icon-graphic" viewBox="7 10 10 5">
                            <polygon class="mdc-select__dropdown-icon-inactive" stroke="none" fill-rule="evenodd" points="7 10 12 15 17 10"></polygon>
                            <polygon class="mdc-select__dropdown-icon-active" stroke="none" fill-rule="evenodd" points="7 15 12 10 17 15"></polygon>
                          </svg>
                        </span>
                        <span class="mdc-floating-label">Select a publisher</span>
                        <span class="mdc-line-ripple"></span>
                      </div>
                      <div class="mdc-select__menu mdc-menu mdc-menu-surface mdc-menu-surface--fullwidth">
                        <ul class="mdc-list">
                          <li class="mdc-list-item mdc-list-item--selected" data-value="">
                            <span class="mdc-list-item__ripple"></span>
                            <span class="mdc-list-item__text"></span>
                          </li>
                          <li class="mdc-list-item" data-value="example.com">
                            <span class="mdc-list-item__ripple"></span>
                            <span class="mdc-list-item__text">example.com</span>
                          </li>
                        </ul>
                      </div>
                    </div>
                    <p>
                      <button id="-admin-set-publisher-button" class="mdc-button mdc-button--raised pub-button-danger" data-mdc-auto-init="MDCRipple">Transfer to publisher</button>
                    </p>
                    <h3>Uploaders</h3>
                    <div class="mdc-data-table">
                      <table class="mdc-data-table__table" aria-label="Uploaders of package">
                        <thead>
                          <tr class="mdc-data-table__header-row">
                            <th class="mdc-data-table__header-cell email-header" role="columnheader" scope="col">Email</th>
                            <th class="mdc-data-table__header-cell icons-header" role="columnheader" scope="col"></th>
                          </tr>
                        </thead>
                        <tbody class="mdc-data-table__content">
                          <tr class="mdc-data-table__row">
                            <td class="mdc-data-table__cell">admin@pub.dev</td>
                            <td class="mdc-data-table__cell">
                              <a class="-pub-remove-uploader-button" title="Remove uploader" data-email="admin@pub.dev">×</a>
                            </td>
                          </tr>
                        </tbody>
                      </table>
                    </div>
                    <p>
                      <button id="-pkg-admin-invite-uploader-button" class="mdc-button mdc-button--raised" data-mdc-auto-init="MDCRipple">Invite uploader</button>
                    </p>
                    <div id="-pkg-admin-invite-uploader-content" class="modal-content-hidden">
                      <p>You can invite new uploader to this package. Once new uploaders accept the invitation, they have full administrative rights, with the following abilities:</p>
                      <ul>
                        <li>Transfer this package to a publisher</li>
                        <li>Upload new versions of this package</li>
                        <li>Invite and remove uploaders of this package</li>
                      </ul>
                      <div class="-pub-form-textfield-row">
                        <div class="mdc-form-field">
                          <label for="-pkg-admin-invite-uploader-input">Email address</label>
                          <div class="mdc-text-field mdc-text-field--outlined" data-mdc-auto-init="MDCTextField">
                            <input id="-pkg-admin-invite-uploader-input" class="mdc-text-field__input" type="text"/>
                            <div class="mdc-notched-outline">
                              <div class="mdc-notched-outline__leading"></div>
                              <div class="mdc-notched-outline__trailing"></div>
                            </div>
                          </div>
                        </div>
                      </div>
                    </div>
                  </div>
                  <h2>Package Options</h2>
                  <h3>Discontinued</h3>
                  <p>
                    A package can be marked as
                    <a href="https://dart.dev/tools/pub/publishing#discontinue">discontinued</a>
                    to inform users that the package is no longer maintained.
                    <em>Discontinued packages</em>
                    remain available to package users, but they don't appear in search results on pub.dev unless the user specifies advanced search options.
                  </p>
                  <div class="-pub-form-checkbox-row">
                    <div class="mdc-form-field">
                      <div class="mdc-checkbox">
                        <input id="-admin-is-discontinued-checkbox" class="mdc-checkbox__native-control" type="checkbox"/>
                        <div class="mdc-checkbox__background">
                          <svg class="mdc-checkbox__checkmark" viewBox="0 0 24 24">
                            <path class="mdc-checkbox__checkmark-path" fill="none" d="M1.73,12.91 8.1,19.28 22.79,4.59"/>
                          </svg>
                          <div class="mdc-checkbox__mixedmark"></div>
                        </div>
                        <div class="mdc-checkbox__ripple"></div>
                      </div>
                      <label for="-admin-is-discontinued-checkbox">Mark "discontinued"</label>
                    </div>
                  </div>
                  <h3>Unlisted</h3>
                  <p>
                    A package that's marked as
                    <em>unlisted</em>
                    doesn't normally appear in search results on pub.dev. Unlisted packages remain publicly available, and users can search for them using advanced search options.
                  </p>
                  <div class="-pub-form-checkbox-row">
                    <div class="mdc-form-field">
                      <div class="mdc-checkbox">
                        <input id="-admin-is-unlisted-checkbox" class="mdc-checkbox__native-control" type="checkbox"/>
                        <div class="mdc-checkbox__background">
                          <svg class="mdc-checkbox__checkmark" viewBox="0 0 24 24">
                            <path class="mdc-checkbox__checkmark-path" fill="none" d="M1.73,12.91 8.1,19.28 22.79,4.59"/>
                          </svg>
                          <div class="mdc-checkbox__mixedmark"></div>
                        </div>
                        <div class="mdc-checkbox__ripple"></div>
                      </div>
                      <label for="-admin-is-unlisted-checkbox">Mark "unlisted"</label>
                    </div>
                  </div>
                  <h2>Package Version Retraction</h2>
                  <div>
                    <p>
                      You can
                      <a href="https://dart.dev/go/package-retraction">retract</a>
                      a package version up to 7 days after publication.
                    </p>
                    <p>This will not remove the package version, but warn developers using it and stop new applications from taking dependency on it without a dependency override.</p>
                    <p>You can restore a retracted package version if the version was retracted within the last 7 days.</p>
                    <h3>Retract Package Version</h3>
                    <div id="-admin-retract-package-version-input" class="mdc-select mdc-select--filled -admin-dropdown" data-mdc-auto-init="MDCSelect">
                      <div class="mdc-select__anchor">
                        <span class="mdc-select__ripple"></span>
                        <span class="mdc-select__selected-text"></span>
                        <span class="mdc-select__dropdown-icon">
                          <svg class="mdc-select__dropdown-icon-graphic" viewBox="7 10 10 5">
                            <polygon class="mdc-select__dropdown-icon-inactive" stroke="none" fill-rule="evenodd" points="7 10 12 15 17 10"></polygon>
                            <polygon class="mdc-select__dropdown-icon-active" stroke="none" fill-rule="evenodd" points="7 15 12 10 17 15"></polygon>
                          </svg>
                        </span>
                        <span class="mdc-floating-label">Select a version</span>
                        <span class="mdc-line-ripple"></span>
                      </div>
                      <div class="mdc-select__menu mdc-menu mdc-menu-surface mdc-menu-surface--fullwidth">
                        <ul class="mdc-list">
                          <li class="mdc-list-item" data-value="2.0.0">
                            <span class="mdc-list-item__ripple"></span>
                            <span class="mdc-list-item__text">2.0.0</span>
                          </li>
                        </ul>
                      </div>
                    </div>
                    <p>
                      <button id="-admin-retract-package-version-button" class="mdc-button mdc-button--raised pub-button-danger" data-mdc-auto-init="MDCRipple">Retract Package Version</button>
                    </p>
                  </div>
                  <h3>Restore Retracted Package Version</h3>
                  <div>
                    <div id="-admin-restore-retract-package-version-input" class="mdc-select mdc-select--filled -admin-dropdown" data-mdc-auto-init="MDCSelect">
                      <div class="mdc-select__anchor">
                        <span class="mdc-select__ripple"></span>
                        <span class="mdc-select__selected-text"></span>
                        <span class="mdc-select__dropdown-icon">
                          <svg class="mdc-select__dropdown-icon-graphic" viewBox="7 10 10 5">
                            <polygon class="mdc-select__dropdown-icon-inactive" stroke="none" fill-rule="evenodd" points="7 10 12 15 17 10"></polygon>
                            <polygon class="mdc-select__dropdown-icon-active" stroke="none" fill-rule="evenodd" points="7 15 12 10 17 15"></polygon>
                          </svg>
                        </span>
                        <span class="mdc-floating-label">Select a version</span>
                        <span class="mdc-line-ripple"></span>
                      </div>
                      <div class="mdc-select__menu mdc-menu mdc-menu-surface mdc-menu-surface--fullwidth">
                        <ul class="mdc-list">
                          <li class="mdc-list-item" data-value="1.0.0">
                            <span class="mdc-list-item__ripple"></span>
                            <span class="mdc-list-item__text">1.0.0</span>
                          </li>
                        </ul>
                      </div>
                    </div>
                    <p>
                      <button id="-admin-restore-retract-package-version-button" class="mdc-button mdc-button--raised pub-button-danger" data-mdc-auto-init="MDCRipple">Restore Retraced Package Version</button>
                    </p>
                  </div>
                </section>
              </div>
            </div>
          </div>
          <aside class="detail-info-box">
            <div id="-screenshot-carousel" class="carousel">
              <fab id="-carousel-prev" class="mdc-fab carousel-prev carousel-nav" data-mdc-auto-init="MDCRipple" title="Previous">
                <div class="mdc-fab__ripple"></div>
                <img class="mdc-fab__icon" src="/static/hash-%%etag%%/img/keyboard_arrow_left.svg" alt="previous" width="24" height="24" aria-hidden="true"/>
              </fab>
              <div id="-image-container" class="image-container"></div>
              <fab id="-carousel-next" class="mdc-fab carousel-next carousel-nav" data-mdc-auto-init="MDCRipple" title="Next">
                <div class="mdc-fab__ripple"></div>
                <img class="mdc-fab__icon" src="/static/hash-%%etag%%/img/keyboard_arrow_right.svg" alt="next" width="24" height="24" aria-hidden="true"/>
              </fab>
            </div>
            <a class="packages-scores" href="/packages/oxygen/score">
              <div class="packages-score packages-score-like">
                <div class="packages-score-value -has-value">
                  <span class="packages-score-value-number">0</span>
                  <span class="packages-score-value-sign"></span>
                </div>
                <div class="packages-score-label">likes</div>
              </div>
              <div class="packages-score packages-score-health">
                <div class="packages-score-value -has-value">
                  <span class="packages-score-value-number">54</span>
                  <span class="packages-score-value-sign"></span>
                </div>
                <div class="packages-score-label">pub points</div>
              </div>
              <div class="packages-score packages-score-popularity">
                <div class="packages-score-value -has-value">
                  <span class="packages-score-value-number">3</span>
                  <span class="packages-score-value-sign">%</span>
                </div>
                <div class="packages-score-label">popularity</div>
              </div>
            </a>
            <h3 class="title">Publisher</h3>
            <p>
              <span>unverified uploader</span>
            </p>
            <h3 class="title pkg-infobox-metadata">Metadata</h3>
            <p>oxygen is awesome</p>
            <p>
              <a class="link" href="https://oxygen.example.dev/" rel="ugc">Homepage</a>
              <br/>
            </p>
            <h3 class="title">Documentation</h3>
            <p>
              <a class="link" href="/documentation/oxygen/latest/">API reference</a>
              <br/>
            </p>
            <h3 class="title">Funding</h3>
            <p>
              Consider supporting this project:
              <br/>
              <br/>
              <a class="link" href="https://patreon.com/oxygen" rel="ugc">patreon.com</a>
              <br/>
            </p>
            <h3 class="title">License</h3>
            <p>
              <img class="inline-icon-img" src="/static/hash-%%etag%%/img/material-icon-balance.svg" alt="Icon for licenses." width="14" height="14"/>
              BSD-3-Clause (
              <a href="/packages/oxygen/license">LICENSE</a>
              )
            </p>
            <h3 class="title">More</h3>
            <p>
              <a href="/packages?q=dependency%3Aoxygen" rel="nofollow">Packages that depend on oxygen</a>
            </p>
          </aside>
        </div>
      </div>
      <div class="detail-metadata">
        <h3 class="detail-metadata-title">
          <span class="detail-metadata-toggle">←</span>
          Metadata
        </h3>
        <div class="detail-info-box">
          <div id="-screenshot-carousel" class="carousel">
            <fab id="-carousel-prev" class="mdc-fab carousel-prev carousel-nav" data-mdc-auto-init="MDCRipple" title="Previous">
              <div class="mdc-fab__ripple"></div>
              <img class="mdc-fab__icon" src="/static/hash-%%etag%%/img/keyboard_arrow_left.svg" alt="previous" width="24" height="24" aria-hidden="true"/>
            </fab>
            <div id="-image-container" class="image-container"></div>
            <fab id="-carousel-next" class="mdc-fab carousel-next carousel-nav" data-mdc-auto-init="MDCRipple" title="Next">
              <div class="mdc-fab__ripple"></div>
              <img class="mdc-fab__icon" src="/static/hash-%%etag%%/img/keyboard_arrow_right.svg" alt="next" width="24" height="24" aria-hidden="true"/>
            </fab>
          </div>
          <a class="packages-scores" href="/packages/oxygen/score">
            <div class="packages-score packages-score-like">
              <div class="packages-score-value -has-value">
                <span class="packages-score-value-number">0</span>
                <span class="packages-score-value-sign"></span>
              </div>
              <div class="packages-score-label">likes</div>
            </div>
            <div class="packages-score packages-score-health">
              <div class="packages-score-value -has-value">
                <span class="packages-score-value-number">54</span>
                <span class="packages-score-value-sign"></span>
              </div>
              <div class="packages-score-label">pub points</div>
            </div>
            <div class="packages-score packages-score-popularity">
              <div class="packages-score-value -has-value">
                <span class="packages-score-value-number">3</span>
                <span class="packages-score-value-sign">%</span>
              </div>
              <div class="packages-score-label">popularity</div>
            </div>
          </a>
          <h3 class="title">Publisher</h3>
          <p>
            <span>unverified uploader</span>
          </p>
          <h3 class="title pkg-infobox-metadata">Metadata</h3>
          <p>oxygen is awesome</p>
          <p>
            <a class="link" href="https://oxygen.example.dev/" rel="ugc">Homepage</a>
            <br/>
          </p>
          <h3 class="title">Documentation</h3>
          <p>
            <a class="link" href="/documentation/oxygen/latest/">API reference</a>
            <br/>
          </p>
          <h3 class="title">Funding</h3>
          <p>
            Consider supporting this project:
            <br/>
            <br/>
            <a class="link" href="https://patreon.com/oxygen" rel="ugc">patreon.com</a>
            <br/>
          </p>
          <h3 class="title">License</h3>
          <p>
            <img class="inline-icon-img" src="/static/hash-%%etag%%/img/material-icon-balance.svg" alt="Icon for licenses." width="14" height="14"/>
            BSD-3-Clause (
            <a href="/packages/oxygen/license">LICENSE</a>
            )
          </p>
          <h3 class="title">More</h3>
          <p>
            <a href="/packages?q=dependency%3Aoxygen" rel="nofollow">Packages that depend on oxygen</a>
          </p>
        </div>
        <p class="detail-lead-back">
          <a class="detail-metadata-toggle">Back</a>
        </p>
      </div>
    </main>
    <footer class="site-footer">
      <a class="link" href="https://dart.dev/">Dart language</a>
      <a class="link sep" href="/policy">Policy</a>
      <a class="link sep" href="https://www.google.com/intl/en/policies/terms/">Terms</a>
      <a class="link sep" href="https://developers.google.com/terms/">API Terms</a>
      <a class="link sep" href="/security">Security</a>
      <a class="link sep" href="https://www.google.com/intl/en/policies/privacy/">Privacy</a>
      <a class="link sep" href="/help">Help</a>
      <a class="link icon sep" href="/feed.atom">
        <img class="inline-icon" src="/static/hash-%%etag%%/img/rss-feed-icon.svg" alt="RSS icon" width="20" height="20" title="RSS/atom feed"/>
      </a>
      <a class="link icon github_issue" href="https://github.com/dart-lang/pub-dev/issues/new">
        <img class="inline-icon" src="/static/hash-%%etag%%/img/bug-report-white-96px.png" alt="bug report icon" width="20" height="20" title="Report an issue with this site"/>
      </a>
    </footer>
    <script src="/static/hash-%%etag%%/highlight/highlight-with-init.js" defer="defer"></script>
  </body>
</html>
