<div class="list-filters">
    <a class="filter " href="/flutter/packages?q=foo">Flutter</a>
    <a class="filter " href="/web/packages?q=foo">Web</a>
    <a class="filter " href="/packages?q=foo">All</a>
</div>