<!DOCTYPE html>
<html lang="en-us">
  <head>
    <script src="https://www.googletagmanager.com/gtm.js?id=GTM-MX6DBN9" async="async"></script>
    <script src="/static/js/gtm.js?hash=mocked_hash_451823545"></script>
    <meta charset="utf-8"/>
    <meta http-equiv="x-ua-compatible" content="ie=edge"/>
    <meta name="viewport" content="width=device-width, initial-scale=1"/>
    <meta name="robots" content="noindex"/>
    <meta name="twitter:card" content="summary"/>
    <meta name="twitter:site" content="@dart_lang"/>
    <meta name="twitter:description" content="Pub is the package manager for the Dart programming language, containing reusable libraries &amp; packages for Flutter, AngularDart, and general Dart programs."/>
    <meta name="twitter:image" content="https://pub.dev/static/img/pub-dev-icon-cover-image.png?hash=mocked_hash_355802124"/>
    <meta property="og:type" content="website"/>
    <meta property="og:site_name" content="Dart packages"/>
    <meta property="og:title" content="Publisher: example.com"/>
    <meta property="og:description" content="Pub is the package manager for the Dart programming language, containing reusable libraries &amp; packages for Flutter, AngularDart, and general Dart programs."/>
    <meta property="og:image" content="https://pub.dev/static/img/pub-dev-icon-cover-image.png?hash=mocked_hash_355802124"/>
    <title>Publisher: example.com</title>
    <link rel="stylesheet" href="https://fonts.googleapis.com/css?family=Google+Sans:300,400,500|Google+Sans+Display:400|Roboto:300,400,500,700|Roboto+Mono:300,400,700&amp;display=swap"/>
    <meta content="/static/img/pub-dev-icon-cover-image.png?hash=mocked_hash_355802124"/>
    <link rel="shortcut icon" href="/favicon.ico?hash=mocked_hash_985685822"/>
    <link rel="search" type="application/opensearchdescription+xml" title="Dart packages" href="/static/osd.xml?hash=mocked_hash_869379763"/>
    <link rel="canonical" href="https://pub.dev/publishers/example.com/admin"/>
    <meta name="description" content="Pub is the package manager for the Dart programming language, containing reusable libraries &amp; packages for Flutter, AngularDart, and general Dart programs."/>
    <link rel="alternate" type="application/atom+xml" title="Updated Packages Feed for Pub" href="/feed.atom"/>
    <link rel="stylesheet" type="text/css" href="/static/material/material-components-web.min.css?hash=mocked_hash_335393842"/>
    <link rel="stylesheet" type="text/css" href="/static/css/style.css?hash=mocked_hash_537099079"/>
    <script src="/static/material/material-components-web.min.js?hash=mocked_hash_942790516" defer="defer"></script>
    <script src="/static/js/script.dart.js?hash=mocked_hash_573569793" defer="defer"></script>
    <meta name="google-signin-client_id" content=""/>
    <script src="https://apis.google.com/js/platform.js?onload=pubAuthInit" defer="defer"></script>
    <meta name="pub-page-data" content="eyJwdWJsaXNoZXIiOnsicHVibGlzaGVySWQiOiJleGFtcGxlLmNvbSJ9fQ=="/>
  </head>
  <body>
    <noscript>
      <iframe src="https://www.googletagmanager.com/ns.html?id=GTM-MX6DBN9" height="0" width="0" style="display:none;visibility:hidden"></iframe>
    </noscript>
    <div class="site-header">
      <button class="hamburger" aria-label="menu toggle"></button>
      <a class="logo" href="/">
        <img class="site-logo" src="/static/img/pub-dev-logo-2x.png?hash=mocked_hash_685890546" alt="pub logo" width="135" height="30"/>
      </a>
      <div class="site-header-space"></div>
      <div class="site-header-mask"></div>
      <div class="site-header-nav scroll-container">
        <div class="nav-login-container">
          <button id="-account-login" class="nav-main-button link">Sign in</button>
        </div>
        <div class="nav-container nav-help-container hoverable">
          <button class="nav-main-button">Help</button>
          <div class="nav-hover-popup">
            <div class="nav-table-columns">
              <div class="nav-table-column">
                <h3>Pub.dev</h3>
                <a class="nav-link" href="/help/search" rel="noopener" target="_blank">Searching for packages</a>
                <a class="nav-link" href="/help/scoring" rel="noopener" target="_blank">Package scoring and pub points</a>
              </div>
              <div class="nav-table-column">
                <h3>Flutter</h3>
                <a class="nav-link" href="https://flutter.io/using-packages/" rel="noopener" target="_blank">Using packages</a>
                <a class="nav-link" href="https://flutter.io/developing-packages/" rel="noopener" target="_blank">Developing packages and plugins</a>
                <a class="nav-link" href="https://dart.dev/tools/pub/publishing" rel="noopener" target="_blank">Publishing a package</a>
              </div>
              <div class="nav-table-column">
                <h3>Dart</h3>
                <a class="nav-link" href="https://dart.dev/tools/pub/get-started" rel="noopener" target="_blank">Using packages</a>
                <a class="nav-link" href="https://dart.dev/tools/pub/publishing" rel="noopener" target="_blank">Publishing a package</a>
              </div>
            </div>
          </div>
        </div>
        <div class="nav-container nav-help-container-mobile foldable">
          <h3 class="foldable-button">
            Pub.dev
            <img class="foldable-icon" src="/static/img/nav-mobile-foldable-icon.svg?hash=mocked_hash_806401648" alt="icon to toggle folding of the section"/>
          </h3>
          <div class="foldable-content">
            <a class="nav-link" href="/help/search" rel="noopener" target="_blank">Searching for packages</a>
            <a class="nav-link" href="/help/scoring" rel="noopener" target="_blank">Package scoring and pub points</a>
          </div>
        </div>
        <div class="nav-container nav-help-container-mobile foldable">
          <h3 class="foldable-button">
            Flutter
            <img class="foldable-icon" src="/static/img/nav-mobile-foldable-icon.svg?hash=mocked_hash_806401648" alt="icon to toggle folding of the section"/>
          </h3>
          <div class="foldable-content">
            <a class="nav-link" href="https://flutter.io/using-packages/" rel="noopener" target="_blank">Using packages</a>
            <a class="nav-link" href="https://flutter.io/developing-packages/" rel="noopener" target="_blank">Developing packages and plugins</a>
            <a class="nav-link" href="https://dart.dev/tools/pub/publishing" rel="noopener" target="_blank">Publishing a package</a>
          </div>
        </div>
        <div class="nav-container nav-help-container-mobile foldable">
          <h3 class="foldable-button">
            Dart
            <img class="foldable-icon" src="/static/img/nav-mobile-foldable-icon.svg?hash=mocked_hash_806401648" alt="icon to toggle folding of the section"/>
          </h3>
          <div class="foldable-content">
            <a class="nav-link" href="https://dart.dev/tools/pub/get-started" rel="noopener" target="_blank">Using packages</a>
            <a class="nav-link" href="https://dart.dev/tools/pub/publishing" rel="noopener" target="_blank">Publishing a package</a>
          </div>
        </div>
      </div>
    </div>
    <div id="banner-container"></div>
    <div class="_banner-bg">
      <div class="container">
        <form class="search-bar banner-item" action="/packages">
          <input class="input" name="q" placeholder="Search packages" autocomplete="on" autofocus="autofocus"/>
          <button class="icon" aria-label="search"></button>
          <input id="-search-discontinued-field" type="hidden" name="discontinued" value="1" disabled="disabled"/>
          <input id="-search-unlisted-field" type="hidden" name="unlisted" value="1" disabled="disabled"/>
          <input id="-search-null-safe-field" type="hidden" name="null-safe" value="1" disabled="disabled"/>
        </form>
      </div>
    </div>
    <main class="-wide-header-detail-page">
      <div class="detail-wrapper -active">
        <div class="detail-header">
          <div class="detail-container">
            <div class="detail-header-outer-block">
              <div class="detail-header-content-block">
                <h1 class="title">example.com</h1>
                <div class="metadata">
                  <p>
                    <span class="detail-header-metadata-ref">
                      <img class="detail-header-metadata-ref-icon" src="/static/img/link-icon.svg?hash=mocked_hash_709199651" alt="icon indicating a website link"/>
                      <a class="detail-header-metadata-ref-label" href="https://example.com/" rel="ugc">example.com/</a>
                    </span>
                    <span class="detail-header-metadata-ref">
                      <img class="detail-header-metadata-ref-icon" src="/static/img/email-icon.svg?hash=mocked_hash_308057918" alt="icon indicating an email"/>
                      <a class="detail-header-metadata-ref-label" href="mailto:admin@pub.dev">admin@pub.dev</a>
                    </span>
                  </p>
                  <p>
                    Publisher registered
                    <span class="-x-ago" title="on %%publisher-created-date%%">%%x-ago%%</span>
                  </p>
                </div>
              </div>
            </div>
          </div>
        </div>
        <div class="detail-body">
          <div class="detail-tabs">
            <div class="detail-tabs-wide-header">
              <div class="detail-container">
                <ul class="detail-tabs-header">
                  <li class="detail-tab tab-link detail-tab-packages-title" role="button">
                    <a href="/publishers/example.com/packages">Packages</a>
                  </li>
                  <li class="detail-tab tab-button detail-tab-admin-title -active -private" role="button">Admin</li>
                  <li class="detail-tab tab-link detail-tab-activity-log-title -private" role="button">
                    <a href="/publishers/example.com/activity-log">Activity log</a>
                  </li>
                </ul>
              </div>
            </div>
            <div class="detail-container detail-body-main">
              <div class="detail-tabs-content">
                <section class="tab-content detail-tab-admin-content -active">
                  <h2>Publisher information</h2>
                  <div class="-pub-form-row">
                    <label for="-publisher-description">Description</label>
                    <div class="mdc-text-field mdc-text-field--textarea" data-mdc-auto-init="MDCTextField">
                      <div class="mdc-text-field-character-counter">0 / 4096</div>
                      <textarea id="-publisher-description" class="mdc-text-field__input" rows="5" cols="60" maxlength="4096"></textarea>
                      <div class="mdc-notched-outline">
                        <div class="mdc-notched-outline__leading"></div>
                        <div class="mdc-notched-outline__trailing"></div>
                      </div>
                    </div>
                  </div>
                  <div class="-pub-form-row">
                    <label for="-publisher-website-url">Website</label>
                    <div class="mdc-text-field mdc-text-field--outlined" data-mdc-auto-init="MDCTextField">
                      <input id="-publisher-website-url" class="mdc-text-field__input" type="text" value="https://example.com/"/>
                      <div class="mdc-notched-outline">
                        <div class="mdc-notched-outline__leading"></div>
                        <div class="mdc-notched-outline__trailing"></div>
                      </div>
                    </div>
                  </div>
                  <div class="-pub-form-row">
                    <label for="-publisher-contact-email">Contact email</label>
                    <div class="mdc-text-field mdc-text-field--outlined" data-mdc-auto-init="MDCTextField">
                      <input id="-publisher-contact-email" class="mdc-text-field__input" type="text" value="admin@pub.dev"/>
                      <div class="mdc-notched-outline">
                        <div class="mdc-notched-outline__leading"></div>
                        <div class="mdc-notched-outline__trailing"></div>
                      </div>
                    </div>
                  </div>
                  <div class="-pub-form-right-aligned">
                    <button id="-publisher-update-button" class="mdc-button mdc-button--raised" data-mdc-auto-init="MDCRipple">Update</button>
                  </div>
                  <h2>Members</h2>
                  <div id="-pub-publisher-admin-members-table" class="mdc-data-table">
                    <table class="mdc-data-table__table" aria-label="Members of publisher">
                      <thead>
                        <tr class="mdc-data-table__header-row">
                          <th class="mdc-data-table__header-cell email-header" role="columnheader" scope="col">Email</th>
                          <th class="mdc-data-table__header-cell role-header" role="columnheader" scope="col">Role</th>
                          <th class="mdc-data-table__header-cell icons-header" role="columnheader" scope="col"></th>
                        </tr>
                      </thead>
                      <tbody class="mdc-data-table__content">
                        <tr class="mdc-data-table__row">
                          <td class="mdc-data-table__cell">admin@pub.dev</td>
                          <td class="mdc-data-table__cell">admin</td>
                          <td class="mdc-data-table__cell">
                            <a class="-pub-remove-user-button" title="Remove member" data-user-id="%%admin@pub.dev%%" data-email="admin@pub.dev">×</a>
                          </td>
                        </tr>
                      </tbody>
                    </table>
                  </div>
                  <div class="-pub-form-right-aligned">
                    <button id="-admin-add-member-button" class="mdc-button mdc-button--raised" data-mdc-auto-init="MDCRipple">Add member</button>
                  </div>
                  <div id="-admin-add-member-content" class="modal-content-hidden">
                    <p>You can invite new members to this verified publisher. Once new members accept the invitation, they have full administrative rights, with the following abilities:</p>
                    <ul>
                      <li>Transfer packages to and from this publisher</li>
                      <li>Upload new versions of packages owned by this publisher</li>
                      <li>Add and remove members of this publisher</li>
                    </ul>
                    <div class="-pub-form-row">
                      <label for="-admin-invite-member-input">Email address</label>
                      <div class="mdc-text-field mdc-text-field--outlined" data-mdc-auto-init="MDCTextField">
                        <input id="-admin-invite-member-input" class="mdc-text-field__input" type="text"/>
                        <div class="mdc-notched-outline">
                          <div class="mdc-notched-outline__leading"></div>
                          <div class="mdc-notched-outline__trailing"></div>
                        </div>
                      </div>
                    </div>
                  </div>
                </section>
              </div>
            </div>
          </div>
        </div>
      </div>
    </main>
    <footer class="site-footer">
      <a class="link" href="https://dart.dev/">Dart language</a>
      <a class="link sep" href="/policy">Policy</a>
      <a class="link sep" href="https://www.google.com/intl/en/policies/terms/">Terms</a>
      <a class="link sep" href="https://developers.google.com/terms/">API Terms</a>
      <a class="link sep" href="/security">Security</a>
      <a class="link sep" href="https://www.google.com/intl/en/policies/privacy/">Privacy</a>
      <a class="link sep" href="/help">Help</a>
      <a class="link icon sep" href="/feed.atom">
        <img class="inline-icon" src="/static/img/rss-feed-icon.svg?hash=mocked_hash_795155912" alt="RSS icon" width="20" height="20" title="RSS/atom feed"/>
      </a>
      <a class="link icon github_issue" href="https://github.com/dart-lang/pub-dev/issues/new">
        <img class="inline-icon" src="/static/img/bug-report-white-96px.png?hash=mocked_hash_709947442" alt="bug report icon" width="20" height="20" title="Report an issue with this site"/>
      </a>
    </footer>
  </body>
</html>
