<!DOCTYPE html>
<html lang="en-us">
<head>
  <meta charset="utf-8" />
  <meta http-equiv="x-ua-compatible" content="ie=edge" />
  <meta name="viewport" content="width=device-width, initial-scale=1" />
  <meta name="robots" content="noindex" />
  <meta name="twitter:card" content="summary" />
  <meta name="twitter:site" content="@dart_lang" />
  <meta property="og:site_name" content="Dart Packages" />
  <title>Search results for email:user@domain.com.</title>
  <meta property="og:title" content="Search results for email:user@domain.com." />
  <link href="https://fonts.googleapis.com/css?family=Roboto:300,400,500,700" rel="stylesheet" />
  <meta itemprop="image" content="/static/img/dart-logo-400x400.png" />
  <meta property="og:image" content="/static/img/dart-logo-400x400.png" />
  <link rel="shortcut icon" href="/static/favicon.ico" />
  <meta name="description" content="Pub is a package manager for the Dart programming language." />
  <meta property="og:description" content="Pub is a package manager for the Dart programming language." />
  <link rel="alternate" type="application/atom+xml" title="Updated Packages Feed for Pub" href="/feed.atom" />
  <link href="/static/highlight/github.css" rel="stylesheet" />
  <link href="/static/css/style.css?hash=mdhhe7c8j146cma83cp88633jo9prfgv" rel="stylesheet" type="text/css" />
  <script src="/static/js/script.dart.js?hash=dpnjl27j3qcb445c0v5519t0j84ob0km" defer></script>
  <script>
      (function(i,s,o,g,r,a,m){i['GoogleAnalyticsObject']=r;i[r]=i[r]||function(){
      (i[r].q=i[r].q||[]).push(arguments)},i[r].l=1*new Date();a=s.createElement(o),
      m=s.getElementsByTagName(o)[0];a.async=1;a.src=g;m.parentNode.insertBefore(a,m)
      })(window,document,'script','https://www.google-analytics.com/analytics.js','ga');
      ga('create', 'UA-26406144-13', 'auto');
      ga('send', 'pageview');
  </script>
  <script async="" defer="" src="//www.google.com/insights/consumersurveys/async_survey?site=5wdvu4vc5lhop3xbatxof6lzcm"></script>
</head>
<body>
<header class="site-header">
  <h1 class="_visuallyhidden">Dart pub</h1>
  <button class="hamburger"></button>
  <div class="mask"></div>
  <div class="nav-wrap">
    <div class="nav-header"><a class="logo" href="/"><img src="/static/img/dart-logo.svg" alt="dart pub logo"></a>
      <div class="_flex-space"></div>
      <button class="close"></button>
    </div>
    <nav class="site-nav">
      <span>Getting Started:</span>
      <div class="sub-wrap hoverable">
        <button class="button">Flutter</button>
        <div class="sub-nav">
          <a class="link" target="_blank" href="https://flutter.io/using-packages/">Using Packages</a>
          <a class="link" target="_blank" href="https://flutter.io/developing-packages/">Developing Packages and Plugins</a>
        </div>
      </div>
      <div class="sub-wrap hoverable">
        <button class="button">Web &amp; Server</button>
        <div class="sub-nav">
          <a class="link" target="_blank" href="https://www.dartlang.org/tools/pub/get-started">Using Packages</a>
          <a class="link" target="_blank" href="https://www.dartlang.org/tools/pub/publishing">Publishing a Package</a>
          <a class="link" target="_blank" href="https://www.dartlang.org/tools/pub">Overview</a>
        </div>
      </div>
    </nav>
  </div>
</header>


  <div class="_banner-bg">
    <main class="package-banner">
      <form class="search-bar" action="/packages">
        <input class="input" name="q" placeholder="Search Dart packages" autocomplete="on" autofocus value="email:user@domain.com">
        <button class="icon"></button>
        
      </form>
      <div class="list-filters">
    <a class="filter " href="/flutter/packages?q=email%3Auser%40domain.com">Flutter</a>
    <a class="filter " href="/web/packages?q=email%3Auser%40domain.com">Web</a>
    <a class="filter -active" href="/packages?q=email%3Auser%40domain.com">All</a>
</div>
    </main>
  </div>


<main>
  
<div class="listing-sort-header">
  <div class="tooltip-base hoverable">
    <span class="tooltip-dotted">Sorted by:</span>
    <span id="sort-control" data-sort="search_relevance">search relevance</span>
    <div class="tooltip-content tooltip-bottom-left">
      Packages are sorted by the combination of the text match, their overall score and their specificity to the selected platform. More information on <a href="/help#ranking">ranking</a>.
    </div>
  </div>
</div>

  <p class="package-count"><span>0</span> results for <code>email:user@domain.com</code></p>

<ul class="package-list">
</ul>

  <p>Check our help page for <a href="/help#search">advanced search expressions</a>.</p>

</main>

<footer class="site-footer">
  <a class="link" href="https://www.dartlang.org/">Dart language</a>
  <a class="link" href="https://www.google.com/intl/en/policies/terms/">Terms</a>
  <a class="link" href="https://www.google.com/intl/en/policies/privacy/">Privacy</a>
  <a class="link" href="/help">Help</a>
  <a class="link github_issue" href="https://github.com/dart-lang/pub-dartlang-dart/issues/new">Report an issue</a>
</footer>
</body>
</html>
