<!DOCTYPE html><html lang="en"><head>
  <meta name="robots" content="noindex">
  <script async="async" src="https://www.googletagmanager.com/gtag/js?id=UA-26406144-13"></script>
  <script>

    window.dataLayer = window.dataLayer || [];
    function gtag(){dataLayer.push(arguments);}
    gtag('js', new Date());
    gtag('config', 'UA-26406144-13');
  </script>
  <meta charset="utf-8">
  <meta http-equiv="X-UA-Compatible" content="IE=edge">
  <meta name="viewport" content="width=device-width, initial-scale=1">
  <meta name="description" content="API docs for the prettyJson function from the pana library, for the Dart programming language.">
  <title>prettyJson function - pana library - Dart API</title>
  <link rel="alternate" href="/documentation/pana/latest/">
  <link rel="canonical" href="https://pub.dartlang.org/documentation/pana/0.12.2/pana/prettyJson.html">
  <!-- required because all the links are pseudo-absolute -->
  <base href="..">

  <link href="https://fonts.googleapis.com/css?family=Source+Code+Pro:500,400i,400,300|Source+Sans+Pro:400,300,700" rel="stylesheet">
  <link rel="stylesheet" href="static-assets/github.css">
  <link rel="stylesheet" href="static-assets/styles.css">
  <link rel="icon" href="static-assets/favicon.png">

</head>

<body>

<div id="overlay-under-drawer"></div>

<header id="title">
  <button id="sidenav-left-toggle" type="button">&nbsp;</button>
  <a href="https://pub.dartlang.org/"><img src="https://pub.dartlang.org/static/img/dart-logo.svg" style="height: 30px; margin-right: 1em;"></a>
  <ol class="breadcrumbs gt-separated dark hidden-xs">
    <li><a href="https://pub.dartlang.org/packages/pana/versions/0.12.2">pana package</a></li>
    <li><a href="/documentation/pana/0.12.2/">documentation</a></li>
    <li><a href="pana/pana-library.html">pana</a></li>
    <li class="self-crumb">prettyJson function</li>
  </ol>
  <div class="self-name">prettyJson</div>
  <form class="search navbar-right" role="search">
    <input type="text" id="search-box" autocomplete="off" disabled="" class="form-control typeahead" placeholder="Loading search...">
  </form>
</header>

<main>

  <div class="col-xs-6 col-sm-3 col-md-2 sidebar sidebar-offcanvas-left">
    <h5>pana library</h5>
    <ol>
      <li class="section-title"><a href="pana/pana-library.html#classes">Classes</a></li>
      <li><a href="pana/CodeProblem-class.html">CodeProblem</a></li>
      <li><a href="pana/ComponentDef-class.html">ComponentDef</a></li>
      <li><a href="pana/ComponentNames-class.html">ComponentNames</a></li>
      <li><a href="pana/ConstraintTypes-class.html">ConstraintTypes</a></li>
      <li><a href="pana/DartdocResult-class.html">DartdocResult</a></li>
      <li><a href="pana/DartFileSummary-class.html">DartFileSummary</a></li>
      <li><a href="pana/DartPlatform-class.html">DartPlatform</a></li>
      <li><a href="pana/DartSdkInfo-class.html">DartSdkInfo</a></li>
      <li><a href="pana/DependencyTypes-class.html">DependencyTypes</a></li>
      <li><a href="pana/Health-class.html">Health</a></li>
      <li><a href="pana/InspectOptions-class.html">InspectOptions</a></li>
      <li><a href="pana/LicenseFile-class.html">LicenseFile</a></li>
      <li><a href="pana/LicenseNames-class.html">LicenseNames</a></li>
      <li><a href="pana/Maintenance-class.html">Maintenance</a></li>
      <li><a href="pana/PackageAnalyzer-class.html">PackageAnalyzer</a></li>
      <li><a href="pana/PackageLocation-class.html">PackageLocation</a></li>
      <li><a href="pana/PanaRuntimeInfo-class.html">PanaRuntimeInfo</a></li>
      <li><a href="pana/PkgDependency-class.html">PkgDependency</a></li>
      <li><a href="pana/PkgResolution-class.html">PkgResolution</a></li>
      <li><a href="pana/PlatformDef-class.html">PlatformDef</a></li>
      <li><a href="pana/PlatformNames-class.html">PlatformNames</a></li>
      <li><a href="pana/PubEntry-class.html">PubEntry</a></li>
      <li><a href="pana/Pubspec-class.html">Pubspec</a></li>
      <li><a href="pana/Suggestion-class.html">Suggestion</a></li>
      <li><a href="pana/SuggestionCode-class.html">SuggestionCode</a></li>
      <li><a href="pana/SuggestionLevel-class.html">SuggestionLevel</a></li>
      <li><a href="pana/Summary-class.html">Summary</a></li>
      <li><a href="pana/ToolEnvironment-class.html">ToolEnvironment</a></li>
      <li><a href="pana/UrlChecker-class.html">UrlChecker</a></li>
    
      <li class="section-title"><a href="pana/pana-library.html#constants">Constants</a></li>
      <li><a href="pana/currentAnalysisOptionsFileName-constant.html">currentAnalysisOptionsFileName</a></li>
      <li><a href="pana/packageVersion-constant.html">packageVersion</a></li>
    
      <li class="section-title"><a href="pana/pana-library.html#properties">Properties</a></li>
      <li><a href="pana/analysisOptionsFiles.html">analysisOptionsFiles</a></li>
      <li><a href="pana/changelogFileNames.html">changelogFileNames</a></li>
      <li><a href="pana/imageExtensions.html">imageExtensions</a></li>
      <li><a href="pana/readmeFileNames.html">readmeFileNames</a></li>
    
      <li class="section-title"><a href="pana/pana-library.html#functions">Functions</a></li>
      <li><a href="pana/byteStreamSplit.html">byteStreamSplit</a></li>
      <li><a href="pana/calcHealth.html">calcHealth</a></li>
      <li><a href="pana/classifyLibPlatform.html">classifyLibPlatform</a></li>
      <li><a href="pana/classifyPkgPlatform.html">classifyPkgPlatform</a></li>
      <li><a href="pana/createPkgResolution.html">createPkgResolution</a></li>
      <li><a href="pana/detectLicenseInContent.html">detectLicenseInContent</a></li>
      <li><a href="pana/detectLicenseInFile.html">detectLicenseInFile</a></li>
      <li><a href="pana/detectLicensesInDir.html">detectLicensesInDir</a></li>
      <li><a href="pana/detectMaintenance.html">detectMaintenance</a></li>
      <li><a href="pana/downloadPackage.html">downloadPackage</a></li>
      <li><a href="pana/exampleFileCandidates.html">exampleFileCandidates</a></li>
      <li><a href="pana/fileSize.html">fileSize</a></li>
      <li><a href="pana/firstFileFromNames.html">firstFileFromNames</a></li>
      <li><a href="pana/getAgeSuggestion.html">getAgeSuggestion</a></li>
      <li><a href="pana/getDartdocRunFailedSuggestion.html">getDartdocRunFailedSuggestion</a></li>
      <li><a href="pana/getDartdocSuggestions.html">getDartdocSuggestions</a></li>
      <li><a href="pana/getMaintenanceScore.html">getMaintenanceScore</a></li>
      <li><a href="pana/getPubspecContent.html">getPubspecContent</a></li>
      <li><a href="pana/getRepositoryUrl.html">getRepositoryUrl</a></li>
      <li><a href="pana/getSignals.html">getSignals</a></li>
      <li><a href="pana/handleProcessErrors.html">handleProcessErrors</a></li>
      <li><a href="pana/listFiles.html">listFiles</a></li>
      <li><a href="pana/listFocusDirs.html">listFocusDirs</a></li>
      <li><a href="pana/parseCodeProblem.html">parseCodeProblem</a></li>
      <li><a href="pana/prettyJson.html">prettyJson</a></li>
      <li><a href="pana/runProc.html">runProc</a></li>
      <li><a href="pana/runProcSync.html">runProcSync</a></li>
      <li><a href="pana/sortedJson.html">sortedJson</a></li>
      <li><a href="pana/toPackageUri.html">toPackageUri</a></li>
      <li><a href="pana/toRelativePath.html">toRelativePath</a></li>
      <li><a href="pana/updateLicenseUrls.html">updateLicenseUrls</a></li>
      <li><a href="pana/yamlToJson.html">yamlToJson</a></li>
    
      <li class="section-title"><a href="pana/pana-library.html#enums">Enums</a></li>
      <li><a href="pana/PlatformUse-class.html">PlatformUse</a></li>
      <li><a href="pana/UrlStatus-class.html">UrlStatus</a></li>
      <li><a href="pana/Verbosity-class.html">Verbosity</a></li>
      <li><a href="pana/VersionResolutionType-class.html">VersionResolutionType</a></li>
    
    
    </ol>
  </div><!--/.sidebar-offcanvas-left-->

  <div class="col-xs-12 col-sm-9 col-md-8 main-content">
    <h1>prettyJson function </h1>

    <section class="multi-line-signature">
        <span class="returntype">String</span>
        <span class="name ">prettyJson</span>
(<wbr><span class="parameter" id="prettyJson-param-obj"><span class="type-annotation">dynamic</span> <span class="parameter-name">obj</span></span>)
    </section>
    
    <section class="summary source-code" id="source">
      <h2><span>Implementation</span> </h2>
      <pre class="language-dart"><code class="language-dart">String prettyJson(obj) {
  try {
    return const JsonEncoder.withIndent(' ').convert(obj);
  } on JsonUnsupportedObjectError catch (e) {
    dynamic error = e;

    while (error is JsonUnsupportedObjectError) {
      stderr.writeln([
        error,
        "${error.unsupportedObject} - (${error.unsupportedObject.runtimeType})",
        error.cause == null ? null : "Nested cause: ${error.cause}",
        error.stackTrace
      ].where((i) =&gt; i != null).join('\n'));

      error = error.cause;
    }
    rethrow;
  }
}</code></pre>
    </section>

  </div> <!-- /.main-content -->

  <div class="col-xs-6 col-sm-6 col-md-2 sidebar sidebar-offcanvas-right">
  </div><!--/.sidebar-offcanvas-->

</main>

<footer>
  <span class="no-break">
    pana 0.12.2
  </span>

</footer>

<script src="https://ajax.googleapis.com/ajax/libs/jquery/3.2.1/jquery.min.js"></script>
<script src="static-assets/typeahead.bundle.min.js"></script>
<script src="static-assets/highlight.pack.js"></script>
<script src="static-assets/URI.js"></script>
<script src="static-assets/script.js"></script>





</body></html>