<!DOCTYPE html><html lang="en"><head>
  <meta charset="utf-8">
  <meta http-equiv="X-UA-Compatible" content="IE=edge">
  <meta name="viewport" content="width=device-width, initial-scale=1">
  <meta name="description" content="API docs for the name property from the LicenseFile class, for the Dart programming language.">
  <title>name property - LicenseFile class - pana library - Dart API</title>
  <link rel="canonical" href="https://www.dartdocs.org/documentation/pana/0.10.2/pana/LicenseFile/name.html">
  <!-- required because all the links are pseudo-absolute -->
  <base href="../..">

  <link href="https://fonts.googleapis.com/css?family=Source+Code+Pro:500,400i,400,300|Source+Sans+Pro:400,300,700" rel="stylesheet">
  <link rel="stylesheet" href="static-assets/github.css">
  <link rel="stylesheet" href="static-assets/styles.css">
  <link rel="icon" href="static-assets/favicon.png">

</head>

<body>

<div id="overlay-under-drawer"></div>

<header id="title">
  <button id="sidenav-left-toggle" type="button">&nbsp;</button>
  <a href="https://pub.dartlang.org/"><img src="https://pub.dartlang.org/static/img/dart-logo.svg" style="height: 30px; margin-right: 1em;"></a>
  <ol class="breadcrumbs gt-separated dark hidden-xs">
    <li><a href="https://pub.dartlang.org/packages/pana/versions/0.10.2">pana package</a></li>
    <li><a href="index.html">documentation</a></li>
    <li><a href="pana/pana-library.html">pana</a></li>
    <li><a href="pana/LicenseFile-class.html">LicenseFile</a></li>
    <li class="self-crumb">name property</li>
  </ol>
  <div class="self-name">name</div>
  <form class="search navbar-right" role="search">
    <input type="text" id="search-box" autocomplete="off" disabled="" class="form-control typeahead" placeholder="Loading search...">
  </form>
</header>

<main>

  <div class="col-xs-6 col-sm-3 col-md-2 sidebar sidebar-offcanvas-left">
    <h5>LicenseFile class</h5>
    <ol>
      <li class="section-title"><a href="pana/LicenseFile-class.html#constructors">Constructors</a></li>
      <li><a href="pana/LicenseFile/LicenseFile.html">LicenseFile</a></li>
      <li><a href="pana/LicenseFile/LicenseFile.fromJson.html">fromJson</a></li>
    
      <li class="section-title">
        <a href="pana/LicenseFile-class.html#instance-properties">Properties</a>
      </li>
      <li><a href="pana/LicenseFile/hashCode.html">hashCode</a></li>
      <li><a href="pana/LicenseFile/name.html">name</a></li>
      <li><a href="pana/LicenseFile/path.html">path</a></li>
      <li><a href="pana/LicenseFile/shortFormatted.html">shortFormatted</a></li>
      <li><a href="pana/LicenseFile/url.html">url</a></li>
      <li><a href="pana/LicenseFile/version.html">version</a></li>
      <li class="inherited"><a href="pana/LicenseFile/runtimeType.html">runtimeType</a></li>
    
      <li class="section-title"><a href="pana/LicenseFile-class.html#instance-methods">Methods</a></li>
      <li><a href="pana/LicenseFile/change.html">change</a></li>
      <li><a href="pana/LicenseFile/toString.html">toString</a></li>
      <li class="inherited"><a href="pana/LicenseFile/noSuchMethod.html">noSuchMethod</a></li>
      <li class="inherited"><a href="pana/LicenseFile/toJson.html">toJson</a></li>
    
      <li class="section-title"><a href="pana/LicenseFile-class.html#operators">Operators</a></li>
      <li><a href="pana/LicenseFile/operator_equals.html">operator ==</a></li>
    
    
    
    </ol>
  </div><!--/.sidebar-offcanvas-->

  <div class="col-xs-12 col-sm-9 col-md-8 main-content">
    <h1>name property</h1>

        <section class="multi-line-signature">
          <span class="returntype">String</span>
          <span class="name ">name</span>
          <div class="features">final</div>
        </section>
                <section class="summary source-code" id="source">
          <h2><span>Implementation</span> </h2>
          <pre class="language-dart"><code class="language-dart">final String name

</code></pre>
        </section>

  </div> <!-- /.main-content -->

  <div class="col-xs-6 col-sm-6 col-md-2 sidebar sidebar-offcanvas-right">
  </div><!--/.sidebar-offcanvas-->

</main>

<footer>
  <span class="no-break">
    pana 0.10.2
  </span>

</footer>

<script src="https://code.jquery.com/jquery-3.2.1.min.js"></script>
<script src="static-assets/typeahead.bundle.min.js"></script>
<script src="static-assets/highlight.pack.js"></script>
<script src="static-assets/URI.js"></script>
<script src="static-assets/script.js"></script>





</body></html>