<html lang="en">
  <head>
    <meta name="robots" content="noindex"/>
    <script async="async" src="https://www.googletagmanager.com/gtm.js?id=GTM-MX6DBN9"/>
    <script src="/static/hash-%%etag%%/js/gtm.js"/>
    <meta charset="utf-8"/>
    <meta http-equiv="X-UA-Compatible" content="IE=edge"/>
    <meta name="viewport" content="width=device-width, height=device-height, initial-scale=1, user-scalable=no"/>
    <meta name="description" content="API docs for the LicenseFile constructor from the Class LicenseFile class from the models library, for the Dart programming language."/>
    <title>LicenseFile constructor - LicenseFile class - models library - Dart API</title>
    <link rel="alternate" href="/documentation/pana/latest/"/>
    <link rel="canonical" href="https://pub.dev/documentation/pana/0.12.2/models/LicenseFile/LicenseFile.html"/>
    <link rel="preconnect" href="https://fonts.gstatic.com"/>
    <link href="https://fonts.googleapis.com/css2?family=Roboto+Mono:ital,wght@0,300;0,400;0,500;0,700;1,400&amp;display=swap" rel="stylesheet"/>
    <link href="https://fonts.googleapis.com/icon?family=Material+Icons" rel="stylesheet"/>
    <link rel="stylesheet" href="../../static-assets/github.css?v1"/>
    <link rel="stylesheet" href="../../static-assets/styles.css?v1"/>
    <link rel="icon" href="../../static-assets/favicon.png?v1"/>
  </head>
  <body data-base-href="../../" data-using-base-href="false">
    <noscript>&lt;iframe src="https://www.googletagmanager.com/ns.html?id=GTM-MX6DBN9" height="0" width="0" style="display:none;visibility:hidden">&lt;/iframe></noscript>
    <div id="overlay-under-drawer"/>
    <header id="title">
      <button id="sidenav-left-toggle" type="button"></button>
      <a class="hidden-xs" href="/">
        <img src="/static/hash-%%etag%%/img/dart-logo.svg" style="height: 30px; margin-right: 1em;"/>
      </a>
      <ol class="breadcrumbs gt-separated dark hidden-xs">
        <li>
          <a href="/packages/pana/versions/0.12.2">pana package</a>
        </li>
        <li>
          <a href="../../index.html">documentation</a>
        </li>
        <li>
          <a href="../../models/models-library.html">models</a>
        </li>
        <li>
          <a href="../../models/LicenseFile-class.html">LicenseFile</a>
        </li>
        <li class="self-crumb">LicenseFile constructor</li>
      </ol>
      <div class="self-name">LicenseFile</div>
      <form class="search navbar-right" role="search">
        <input type="text" id="search-box" autocomplete="off" disabled="" class="form-control typeahead" placeholder="Loading search..."/>
      </form>
    </header>
    <main>
      <div id="dartdoc-main-content" class="main-content">
        <div>
          <h1>
            <span class="kind-constructor">LicenseFile</span>
            constructor
          </h1>
        </div>
        <section class="multi-line-signature">
          <span class="name ">LicenseFile</span>
          (
          <wbr/>
          <ol class="parameter-list">
            <li>
              <span class="parameter" id="-param-path">
                <span class="type-annotation">
                  <a href="https://api.dart.dev/stable/2.16.1/dart-core/String-class.html">String</a>
                </span>
                <span class="parameter-name">path</span>
                ,
              </span>
            </li>
            <li>
              <span class="parameter" id="-param-name">
                <span class="type-annotation">
                  <a href="https://api.dart.dev/stable/2.16.1/dart-core/String-class.html">String</a>
                </span>
                <span class="parameter-name">name</span>
                ,
              </span>
            </li>
            <li>
              <span class="parameter" id="-param-version">
                {
                <span class="type-annotation">
                  <a href="https://api.dart.dev/stable/2.16.1/dart-core/String-class.html">String</a>
                </span>
                <span class="parameter-name">version</span>
                ,
              </span>
            </li>
            <li>
              <span class="parameter" id="-param-url">
                <span class="type-annotation">
                  <a href="https://api.dart.dev/stable/2.16.1/dart-core/String-class.html">String</a>
                </span>
                <span class="parameter-name">url</span>
                }
              </span>
            </li>
          </ol>
          )
        </section>
        <section class="summary source-code" id="source">
          <h2>
            <span>Implementation</span>
          </h2>
          <pre class="language-dart">
            <code class="language-dart">LicenseFile(this.path, this.name, {this.version, this.url});</code>
          </pre>
        </section>
      </div>
      <!-- /.main-content -->
      <div id="dartdoc-sidebar-left" class="sidebar sidebar-offcanvas-left">
        <header id="header-search-sidebar" class="hidden-l">
          <form class="search-sidebar" role="search">
            <input type="text" id="search-sidebar" autocomplete="off" disabled="" class="form-control typeahead" placeholder="Loading search..."/>
          </form>
        </header>
        <ol class="breadcrumbs gt-separated dark hidden-l" id="sidebar-nav">
          <li>
            <a href="/packages/pana/versions/0.12.2">pana package</a>
          </li>
          <li>
            <a href="../../index.html">documentation</a>
          </li>
          <li>
            <a href="../../models/models-library.html">models</a>
          </li>
          <li>
            <a href="../../models/LicenseFile-class.html">LicenseFile</a>
          </li>
          <li class="self-crumb">LicenseFile constructor</li>
        </ol>
        <h5>LicenseFile class</h5>
        <ol>
          <li class="section-title">
            <a href="../../models/LicenseFile-class.html#constructors">Constructors</a>
          </li>
          <li>
            <a href="../../models/LicenseFile/LicenseFile.html">LicenseFile</a>
          </li>
          <li>
            <a href="../../models/LicenseFile/LicenseFile.fromJson.html">fromJson</a>
          </li>
          <li class="section-title">
            <a href="../../models/LicenseFile-class.html#instance-properties">Properties</a>
          </li>
          <li>
            <a href="../../models/LicenseFile/hashCode.html">hashCode</a>
          </li>
          <li>
            <a href="../../models/LicenseFile/name.html">name</a>
          </li>
          <li>
            <a href="../../models/LicenseFile/path.html">path</a>
          </li>
          <li class="inherited">
            <a href="https://api.dart.dev/stable/2.16.1/dart-core/Object/runtimeType.html">runtimeType</a>
          </li>
          <li>
            <a href="../../models/LicenseFile/shortFormatted.html">shortFormatted</a>
          </li>
          <li>
            <a href="../../models/LicenseFile/url.html">url</a>
          </li>
          <li>
            <a href="../../models/LicenseFile/version.html">version</a>
          </li>
          <li class="section-title">
            <a href="../../models/LicenseFile-class.html#instance-methods">Methods</a>
          </li>
          <li>
            <a href="../../models/LicenseFile/change.html">change</a>
          </li>
          <li class="inherited">
            <a href="https://api.dart.dev/stable/2.16.1/dart-core/Object/noSuchMethod.html">noSuchMethod</a>
          </li>
          <li class="inherited">
            <a href="../../models/LicenseFile/toJson.html">toJson</a>
          </li>
          <li>
            <a href="../../models/LicenseFile/toString.html">toString</a>
          </li>
          <li class="section-title">
            <a href="../../models/LicenseFile-class.html#operators">Operators</a>
          </li>
          <li>
            <a href="../../models/LicenseFile/operator_equals.html">operator ==</a>
          </li>
        </ol>
      </div>
      <!--/.sidebar-offcanvas-left-->
      <div id="dartdoc-sidebar-right" class="sidebar sidebar-offcanvas-right"></div>
      <!--/.sidebar-offcanvas-->
    </main>
    <footer>
      <span class="no-break">pana 0.12.2</span>
    </footer>
    <script src="../../static-assets/highlight.pack.js?v1"/>
    <script src="../../static-assets/script.js?v1"/>
  </body>
</html>
